Component: ARM Compiler 5.06 update 6 (build 750) Tool: armlink [4d35ed]

==============================================================================

Section Cross References

    startup_stm32f407xx.o(STACK) refers (Special) to heapauxi.o(.text) for __use_two_region_memory
    startup_stm32f407xx.o(HEAP) refers (Special) to heapauxi.o(.text) for __use_two_region_memory
    startup_stm32f407xx.o(RESET) refers (Special) to heapauxi.o(.text) for __use_two_region_memory
    startup_stm32f407xx.o(RESET) refers to startup_stm32f407xx.o(STACK) for __initial_sp
    startup_stm32f407xx.o(RESET) refers to startup_stm32f407xx.o(.text) for Reset_Handler
    startup_stm32f407xx.o(RESET) refers to stm32f4xx_it.o(i.NMI_Handler) for NMI_Handler
    startup_stm32f407xx.o(RESET) refers to stm32f4xx_it.o(i.HardFault_Handler) for HardFault_Handler
    startup_stm32f407xx.o(RESET) refers to stm32f4xx_it.o(i.MemManage_Handler) for MemManage_Handler
    startup_stm32f407xx.o(RESET) refers to stm32f4xx_it.o(i.BusFault_Handler) for BusFault_Handler
    startup_stm32f407xx.o(RESET) refers to stm32f4xx_it.o(i.UsageFault_Handler) for UsageFault_Handler
    startup_stm32f407xx.o(RESET) refers to port.o(.emb_text) for SVC_Handler
    startup_stm32f407xx.o(RESET) refers to stm32f4xx_it.o(i.DebugMon_Handler) for DebugMon_Handler
    startup_stm32f407xx.o(RESET) refers to stm32f4xx_it.o(i.SysTick_Handler) for SysTick_Handler
    startup_stm32f407xx.o(RESET) refers to stm32f4xx_it.o(i.EXTI0_IRQHandler) for EXTI0_IRQHandler
    startup_stm32f407xx.o(RESET) refers to stm32f4xx_it.o(i.EXTI3_IRQHandler) for EXTI3_IRQHandler
    startup_stm32f407xx.o(RESET) refers to stm32f4xx_it.o(i.EXTI4_IRQHandler) for EXTI4_IRQHandler
    startup_stm32f407xx.o(RESET) refers to stm32f4xx_it.o(i.CAN1_RX0_IRQHandler) for CAN1_RX0_IRQHandler
    startup_stm32f407xx.o(RESET) refers to stm32f4xx_it.o(i.EXTI9_5_IRQHandler) for EXTI9_5_IRQHandler
    startup_stm32f407xx.o(RESET) refers to stm32f4xx_it.o(i.USART1_IRQHandler) for USART1_IRQHandler
    startup_stm32f407xx.o(RESET) refers to remote_control.o(i.USART3_IRQHandler) for USART3_IRQHandler
    startup_stm32f407xx.o(RESET) refers to bsp_i2c.o(i.DMA1_Stream7_IRQHandler) for DMA1_Stream7_IRQHandler
    startup_stm32f407xx.o(RESET) refers to stm32f4xx_it.o(i.DMA2_Stream1_IRQHandler) for DMA2_Stream1_IRQHandler
    startup_stm32f407xx.o(RESET) refers to stm32f4xx_it.o(i.CAN2_RX0_IRQHandler) for CAN2_RX0_IRQHandler
    startup_stm32f407xx.o(RESET) refers to stm32f4xx_it.o(i.OTG_FS_IRQHandler) for OTG_FS_IRQHandler
    startup_stm32f407xx.o(RESET) refers to stm32f4xx_it.o(i.DMA2_Stream5_IRQHandler) for DMA2_Stream5_IRQHandler
    startup_stm32f407xx.o(RESET) refers to stm32f4xx_it.o(i.DMA2_Stream6_IRQHandler) for DMA2_Stream6_IRQHandler
    startup_stm32f407xx.o(RESET) refers to stm32f4xx_it.o(i.DMA2_Stream7_IRQHandler) for DMA2_Stream7_IRQHandler
    startup_stm32f407xx.o(RESET) refers to referee_usart_task.o(i.USART6_IRQHandler) for USART6_IRQHandler
    startup_stm32f407xx.o(.text) refers (Special) to heapauxi.o(.text) for __use_two_region_memory
    startup_stm32f407xx.o(.text) refers to system_stm32f4xx.o(i.SystemInit) for SystemInit
    startup_stm32f407xx.o(.text) refers to __main.o(!!!main) for __main
    startup_stm32f407xx.o(.text) refers to startup_stm32f407xx.o(HEAP) for Heap_Mem
    startup_stm32f407xx.o(.text) refers to startup_stm32f407xx.o(STACK) for Stack_Mem
    main.o(i.SystemClock_Config) refers to rt_memclr_w.o(.text) for __aeabi_memclr4
    main.o(i.SystemClock_Config) refers to stm32f4xx_hal_rcc.o(i.HAL_RCC_OscConfig) for HAL_RCC_OscConfig
    main.o(i.SystemClock_Config) refers to main.o(i.Error_Handler) for Error_Handler
    main.o(i.SystemClock_Config) refers to stm32f4xx_hal_rcc.o(i.HAL_RCC_ClockConfig) for HAL_RCC_ClockConfig
    main.o(i.main) refers to stm32f4xx_hal.o(i.HAL_Init) for HAL_Init
    main.o(i.main) refers to main.o(i.SystemClock_Config) for SystemClock_Config
    main.o(i.main) refers to gpio.o(i.MX_GPIO_Init) for MX_GPIO_Init
    main.o(i.main) refers to dma.o(i.MX_DMA_Init) for MX_DMA_Init
    main.o(i.main) refers to can.o(i.MX_CAN1_Init) for MX_CAN1_Init
    main.o(i.main) refers to can.o(i.MX_CAN2_Init) for MX_CAN2_Init
    main.o(i.main) refers to spi.o(i.MX_SPI1_Init) for MX_SPI1_Init
    main.o(i.main) refers to tim.o(i.MX_TIM4_Init) for MX_TIM4_Init
    main.o(i.main) refers to tim.o(i.MX_TIM5_Init) for MX_TIM5_Init
    main.o(i.main) refers to usart.o(i.MX_USART3_UART_Init) for MX_USART3_UART_Init
    main.o(i.main) refers to tim.o(i.MX_TIM8_Init) for MX_TIM8_Init
    main.o(i.main) refers to i2c.o(i.MX_I2C3_Init) for MX_I2C3_Init
    main.o(i.main) refers to rtc.o(i.MX_RTC_Init) for MX_RTC_Init
    main.o(i.main) refers to tim.o(i.MX_TIM3_Init) for MX_TIM3_Init
    main.o(i.main) refers to tim.o(i.MX_TIM10_Init) for MX_TIM10_Init
    main.o(i.main) refers to spi.o(i.MX_SPI2_Init) for MX_SPI2_Init
[...]
    rc_ctrl                                  0x20001b10   Data          22  remote_control.o(.bss)
    debug_info                               0x20001b6e   Data          50  test_task.o(.bss)
    STP23_Pack_Data                          0x20001ba0   Data          47  test_task.o(.bss)
    a_x                                      0x20001bd0   Data          16  chassisr_task.o(.bss)
    right                                    0x20001be0   Data         176  chassisr_task.o(.bss)
    chassis_move_balance                     0x20001c90   Data         984  chassisr_task.o(.bss)
    jump_pid_R                               0x20002068   Data          84  chassisr_task.o(.bss)
    LegR_Pid                                 0x200020bc   Data          84  chassisr_task.o(.bss)
    Tp_Pid                                   0x20002110   Data          84  chassisr_task.o(.bss)
    Turn_Pid                                 0x20002164   Data          84  chassisr_task.o(.bss)
    Roll_Pid                                 0x200021b8   Data          84  chassisr_task.o(.bss)
    Wheel_Pid                                0x2000220c   Data          84  chassisr_task.o(.bss)
    Wz_Pid                                   0x20002260   Data          84  chassisr_task.o(.bss)
    left                                     0x200022fc   Data         176  chassisl_task.o(.bss)
    LegL_Pid                                 0x200023ac   Data          84  chassisl_task.o(.bss)
    jump_pid_L                               0x20002400   Data          84  chassisl_task.o(.bss)
    vaEstimateKF                             0x20002454   Data         308  observe_task.o(.bss)
    vaEstimateKF_K                           0x20002588   Data          16  observe_task.o(.bss)
    game_state                               0x20002598   Data          11  referee.o(.bss)
    robot_HP_t                               0x200025a3   Data          16  referee.o(.bss)
    robot_state                              0x200025b3   Data          13  referee.o(.bss)
    power_heat_data_t1                       0x200025c0   Data          14  referee.o(.bss)
    game_robot_pos_t                         0x200025ce   Data          12  referee.o(.bss)
    ground_robot_position_t1                 0x200025da   Data          40  referee.o(.bss)
    ext_robot_command                        0x20002602   Data          15  referee.o(.bss)
    usart6_buf                               0x20002614   Data        1024  referee_usart_task.o(.bss)
    referee_fifo                             0x20002a14   Data          24  referee_usart_task.o(.bss)
    referee_fifo_buf                         0x20002a2c   Data        1024  referee_usart_task.o(.bss)
    referee_unpack_obj                       0x20002e2c   Data         137  referee_usart_task.o(.bss)
    shoot_control                            0x20002eb8   Data         516  shoot.o(.bss)
    ui_string_frame                          0x200030bc   Data          60  ui_interface.o(.bss)
    ui_1_frame                               0x200030f8   Data          30  ui_interface.o(.bss)
    ui_2_frame                               0x20003116   Data          45  ui_interface.o(.bss)
    ui_5_frame                               0x20003143   Data          90  ui_interface.o(.bss)
    ui_7_frame                               0x2000319d   Data         120  ui_interface.o(.bss)
    ui_g_now_figures                         0x20003215   Data         195  ui_g.o(.bss)
    ui_g_dirty_figure                        0x200032d8   Data          13  ui_g.o(.bss)
    ui_g_now_strings                         0x200032e5   Data         135  ui_g.o(.bss)
    gyroDiff                                 0x200034b8   Data          12  bmi088driver.o(.bss)
    BMI088                                   0x200034c4   Data          52  bmi088driver.o(.bss)
    averr                                    0x200034f8   Data          16  vmc_calc.o(.bss)
    fn                                       0x20003508   Data          16  vmc_calc.o(.bss)
    averl                                    0x20003518   Data          16  vmc_calc.o(.bss)
    INS                                      0x20003528   Data         148  ins_task.o(.bss)
    mahony                                   0x200035bc   Data         132  ins_task.o(.bss)
    Gyro                                     0x20003640   Data          12  ins_task.o(.bss)
    Accel                                    0x2000364c   Data          12  ins_task.o(.bss)
    IMU_Param                                0x20003658   Data          28  ins_task.o(.bss)
    TempCtrl                                 0x20003674   Data         170  ins_task.o(.bss)
    QEKF_INS                                 0x20003720   Data         480  quaternionekf.o(.bss)
    IMU_QuaternionEKF_K                      0x20003900   Data          72  quaternionekf.o(.bss)
    IMU_QuaternionEKF_H                      0x20003948   Data          72  quaternionekf.o(.bss)
    initial_give_power                       0x20003990   Data          16  chassis_power_control.o(.bss)
    xQueueRegistry                           0x200039a0   Data          64  queue.o(.bss)
    __libspace_start                         0x20009be0   Data          96  libspace.o(.bss)
    __temporary_stack_top$libspace           0x20009c40   Data           0  libspace.o(.bss)



==============================================================================

Memory Map of the image

  Image Entry point : 0x08000189

  Load Region LR_IROM1 (Base: 0x08000000, Size: 0x00017310, Max: 0x00100000, ABSOLUTE, COMPRESSED[0x00016efc])

    Execution Region ER_IROM1 (Exec base: 0x08000000, Load base: 0x08000000, Size: 0x00016d10, Max: 0x00100000, ABSOLUTE)

    Exec Addr    Load Addr    Size         Type   Attr      Idx    E Section Name        Object

    0x08000000   0x08000000   0x00000188   Data   RO            3    RESET               startup_stm32f407xx.o
    0x08000188   0x08000188   0x00000008   Code   RO        11816  * !!!main             c_w.l(__main.o)
    0x08000190   0x08000190   0x00000034   Code   RO        12284    !!!scatter          c_w.l(__scatter.o)
    0x080001c4   0x080001c4   0x00000064   Code   RO        12282    !!dclz77c           c_w.l(__dclz77c.o)
    0x08000228   0x08000228   0x0000001c   Code   RO        12286    !!handler_zi        c_w.l(__scatter_zi.o)
    0x08000244   0x08000244   0x00000002   Code   RO        12221    .ARM.Collect$$libinit$$00000000  c_w.l(libinit.o)
    0x08000246   0x08000246   0x00000004   Code   RO        12005    .ARM.Collect$$libinit$$00000001  c_w.l(libinit2.o)
    0x0800024a   0x0800024a   0x00000000   Code   RO        12008    .ARM.Collect$$libinit$$00000004  c_w.l(libinit2.o)
    0x0800024a   0x0800024a   0x00000008   Code   RO        12009    .ARM.Collect$$libinit$$00000005  c_w.l(libinit2.o)
    0x08000252   0x08000252   0x00000000   Code   RO        12011    .ARM.Collect$$libinit$$0000000A  c_w.l(libinit2.o)
    0x08000252   0x08000252   0x00000000   Code   RO        12013    .ARM.Collect$$libinit$$0000000C  c_w.l(libinit2.o)
    0x08000252   0x08000252   0x00000000   Code   RO        12015    .ARM.Collect$$libinit$$0000000E  c_w.l(libinit2.o)
    0x08000252   0x08000252   0x00000000   Code   RO        12018    .ARM.Collect$$libinit$$00000011  c_w.l(libinit2.o)
    0x08000252   0x08000252   0x00000000   Code   RO        12020    .ARM.Collect$$libinit$$00000013  c_w.l(libinit2.o)
    0x08000252   0x08000252   0x00000000   Code   RO        12022    .ARM.Collect$$libinit$$00000015  c_w.l(libinit2.o)
    0x08000252   0x08000252   0x00000000   Code   RO        12024    .ARM.Collect$$libinit$$00000017  c_w.l(libinit2.o)
    0x08000252   0x08000252   0x00000000   Code   RO        12026    .ARM.Collect$$libinit$$00000019  c_w.l(libinit2.o)
    0x08000252   0x08000252   0x00000000   Code   RO        12028    .ARM.Collect$$libinit$$0000001B  c_w.l(libinit2.o)
    0x08000252   0x08000252   0x00000000   Code   RO        12030    .ARM.Collect$$libinit$$0000001D  c_w.l(libinit2.o)
    0x08000252   0x08000252   0x00000000   Code   RO        12032    .ARM.Collect$$libinit$$0000001F  c_w.l(libinit2.o)
    0x08000252   0x08000252   0x00000000   Code   RO        12034    .ARM.Collect$$libinit$$00000021  c_w.l(libinit2.o)
    0x08000252   0x08000252   0x00000000   Code   RO        12036    .ARM.Collect$$libinit$$00000023  c_w.l(libinit2.o)
    0x08000252   0x08000252   0x00000000   Code   RO        12038    .ARM.Collect$$libinit$$00000025  c_w.l(libinit2.o)
    0x08000252   0x08000252   0x00000000   Code   RO        12042    .ARM.Collect$$libinit$$0000002C  c_w.l(libinit2.o)
    0x08000252   0x08000252   0x00000000   Code   RO        12044    .ARM.Collect$$libinit$$0000002E  c_w.l(libinit2.o)
    0x08000252   0x08000252   0x00000000   Code   RO        12046    .ARM.Collect$$libinit$$00000030  c_w.l(libinit2.o)
    0x08000252   0x08000252   0x00000000   Code   RO        12048    .ARM.Collect$$libinit$$00000032  c_w.l(libinit2.o)
    0x08000252   0x08000252   0x00000002   Code   RO        12049    .ARM.Collect$$libinit$$00000033  c_w.l(libinit2.o)
    0x08000254   0x08000254   0x00000002   Code   RO        12279    .ARM.Collect$$libshutdown$$00000000  c_w.l(libshutdown.o)
    0x08000256   0x08000256   0x00000000   Code   RO        12237    .ARM.Collect$$libshutdown$$00000002  c_w.l(libshutdown2.o)
    0x08000256   0x08000256   0x00000000   Code   RO        12239    .ARM.Collect$$libshutdown$$00000004  c_w.l(libshutdown2.o)
    0x08000256   0x08000256   0x00000000   Code   RO        12242    .ARM.Collect$$libshutdown$$00000007  c_w.l(libshutdown2.o)
    0x08000256   0x08000256   0x00000000   Code   RO        12245    .ARM.Collect$$libshutdown$$0000000A  c_w.l(libshutdown2.o)
    0x08000256   0x08000256   0x00000000   Code   RO        12247    .ARM.Collect$$libshutdown$$0000000C  c_w.l(libshutdown2.o)
    0x08000256   0x08000256   0x00000000   Code   RO        12250    .ARM.Collect$$libshutdown$$0000000F  c_w.l(libshutdown2.o)
    0x08000256   0x08000256   0x00000002   Code   RO        12251    .ARM.Collect$$libshutdown$$00000010  c_w.l(libshutdown2.o)
    0x08000258   0x08000258   0x00000000   Code   RO        11960    .ARM.Collect$$rtentry$$00000000  c_w.l(__rtentry.o)
    0x08000258   0x08000258   0x00000000   Code   RO        12104    .ARM.Collect$$rtentry$$00000002  c_w.l(__rtentry2.o)
    0x08000258   0x08000258   0x00000006   Code   RO        12116    .ARM.Collect$$rtentry$$00000004  c_w.l(__rtentry4.o)
    0x0800025e   0x0800025e   0x00000000   Code   RO        12106    .ARM.Collect$$rtentry$$00000009  c_w.l(__rtentry2.o)
    0x0800025e   0x0800025e   0x00000004   Code   RO        12107    .ARM.Collect$$rtentry$$0000000A  c_w.l(__rtentry2.o)
    0x08000262   0x08000262   0x00000000   Code   RO        12109    .ARM.Collect$$rtentry$$0000000C  c_w.l(__rtentry2.o)
    0x08000262   0x08000262   0x00000008   Code   RO        12110    .ARM.Collect$$rtentry$$0000000D  c_w.l(__rtentry2.o)
    0x0800026a   0x0800026a   0x00000002   Code   RO        12224    .ARM.Collect$$rtexit$$00000000  c_w.l(rtexit.o)
    0x0800026c   0x0800026c   0x00000000   Code   RO        12255    .ARM.Collect$$rtexit$$00000002  c_w.l(rtexit2.o)
    0x0800026c   0x0800026c   0x00000004   Code   RO        12256    .ARM.Collect$$rtexit$$00000003  c_w.l(rtexit2.o)
    0x08000270   0x08000270   0x00000006   Code   RO        12257    .ARM.Collect$$rtexit$$00000004  c_w.l(rtexit2.o)
    0x08000276   0x08000276   0x00000002   PAD
    0x08000278   0x08000278   0x000000be   Code   RO        10970    .emb_text           port.o
    0x08000336   0x08000336   0x00000002   PAD
    0x08000338   0x08000338   0x00000000   Code   RO        12132    .emb_text           c_w.l(maybetermalloc1.o)
    0x08000338   0x08000338   0x00000040   Code   RO            4    .text               startup_stm32f407xx.o
    0x08000378   0x08000378   0x00000078   Code   RO        11399    .text               arm_cortexM4lf_math.lib(arm_cos_f32.o)
    0x080003f0   0x080003f0   0x00000074   Code   RO        11452    .text               arm_cortexM4lf_math.lib(arm_sin_f32.o)
    0x08000464   0x08000464   0x00000108   Code   RO        11476    .text               arm_cortexM4lf_math.lib(arm_mat_add_f32.o)
    0x0800056c   0x0800056c   0x00000008   Code   RO        11500    .text               arm_cortexM4lf_math.lib(arm_mat_init_f32.o)
    0x08000574   0x08000574   0x00000530   Code   RO        11524    .text               arm_cortexM4lf_math.lib(arm_mat_inverse_f32.o)
    0x08000aa4   0x08000aa4   0x0000013c   Code   RO        11548    .text               arm_cortexM4lf_math.lib(arm_mat_mult_f32.o)
    0x08000be0   0x08000be0   0x00000108   Code   RO        11572    .text               arm_cortexM4lf_math.lib(arm_mat_sub_f32.o)
    0x08000ce8   0x08000ce8   0x00000114   Code   RO        11596    .text               arm_cortexM4lf_math.lib(arm_mat_trans_f32.o)
    0x08000dfc   0x08000dfc   0x0000005e   Code   RO        11705    .text               c_w.l(h1_alloc.o)
    0x08000e5a   0x08000e5a   0x0000004e   Code   RO        11707    .text               c_w.l(h1_free.o)
    0x08000ea8   0x08000ea8   0x000000ee   Code   RO        11763    .text               c_w.l(lludivv7m.o)
    0x08000f96   0x08000f96   0x00000058   Code   RO        11796    .text               c_w.l(memcmp.o)
    0x08000fee   0x08000fee   0x0000003e   Code   RO        11798    .text               c_w.l(strlen.o)
    0x0800102c   0x0800102c   0x0000008a   Code   RO        11800    .text               c_w.l(rt_memcpy_v6.o)
    0x080010b6   0x080010b6   0x00000064   Code   RO        11802    .text               c_w.l(rt_memcpy_w.o)
    0x0800111a   0x0800111a   0x00000010   Code   RO        11806    .text               c_w.l(aeabi_memset.o)
    0x0800112a   0x0800112a   0x00000044   Code   RO        11808    .text               c_w.l(rt_memclr.o)
    0x0800116e   0x0800116e   0x0000004e   Code   RO        11810    .text               c_w.l(rt_memclr_w.o)
    0x080011bc   0x080011bc   0x00000056   Code   RO        11812    .text               c_w.l(strncpy.o)
    0x08001212   0x08001212   0x00000006   Code   RO        11814    .text               c_w.l(heapauxi.o)
    0x08001218   0x08001218   0x00000008   Code   RO        11968    .text               c_w.l(rt_heap_descriptor_intlibspace.o)
    0x08001220   0x08001220   0x00000004   Code   RO        11970    .text               c_w.l(hguard.o)
    0x08001224   0x08001224   0x0000008a   Code   RO        11972    .text               c_w.l(init_alloc.o)
    0x080012ae   0x080012ae   0x0000000e   Code   RO        11976    .text               c_w.l(h1_init.o)
    0x080012bc   0x080012bc   0x00000016   Code   RO        11990    .text               c_w.l(_rserrno.o)
    0x080012d2   0x080012d2   0x00000002   PAD
    0x080012d4   0x080012d4   0x00000008   Code   RO        12100    .text               c_w.l(libspace.o)
    0x080012dc   0x080012dc   0x00000008   Code   RO        12128    .text               c_w.l(rt_errno_addr_intlibspace.o)
    0x080012e4   0x080012e4   0x00000034   Code   RO        12134    .text               c_w.l(h1_extend.o)
    0x08001318   0x08001318   0x00000030   Code   RO        12140    .text               c_w.l(_fptrap.o)
    0x08001348   0x08001348   0x0000000e   Code   RO        12174    .text               c_w.l(defsig_rtmem_outer.o)
    0x08001356   0x08001356   0x00000002   Code   RO        12191    .text               c_w.l(use_no_semi.o)
    0x08001358   0x08001358   0x00000000   Code   RO        12193    .text               c_w.l(indicate_semi.o)
    0x08001358   0x08001358   0x0000004a   Code   RO        12194    .text               c_w.l(sys_stackheap_outer.o)
    0x080013a2   0x080013a2   0x00000012   Code   RO        12200    .text               c_w.l(exit.o)
    0x080013b4   0x080013b4   0x0000000a   Code   RO        12202    .text               c_w.l(defsig_exit.o)
    0x080013be   0x080013be   0x0000000e   Code   RO        12204    .text               c_w.l(defsig_fpe_outer.o)
    0x080013cc   0x080013cc   0x00000050   Code   RO        12208    .text               c_w.l(defsig_rtmem_inner.o)
    0x0800141c   0x0800141c   0x0000000c   Code   RO        12222    .text               c_w.l(sys_exit.o)
    0x08001428   0x08001428   0x00000032   Code   RO        12232    .text               c_w.l(defsig_general.o)
    0x0800145a   0x0800145a   0x00000002   PAD
    0x0800145c   0x0800145c   0x000000ac   Code   RO        12234    .text               c_w.l(defsig_fpe_inner.o)
    0x08001508   0x08001508   0x0000000e   Code   RO        12252    .text               c_w.l(sys_wrch.o)
    0x08001516   0x08001516   0x00000002   PAD
    0x08001518   0x08001518   0x00000014   Code   RO         3627    i.BMI088_ACCEL_NS_H  bmi088middleware.o
    0x0800152c   0x0800152c   0x00000014   Code   RO         3628    i.BMI088_ACCEL_NS_L  bmi088middleware.o
    0x08001540   0x08001540   0x00000014   Code   RO         3629    i.BMI088_GYRO_NS_H  bmi088middleware.o
    0x08001554   0x08001554   0x00000014   Code   RO         3630    i.BMI088_GYRO_NS_L  bmi088middleware.o
    0x08001568   0x08001568   0x0000027c   Code   RO         3542    i.BMI088_Read       bmi088driver.o
    0x080017e4   0x080017e4   0x00000098   Code   RO         3543    i.BMI088_init       bmi088driver.o
    0x0800187c   0x0800187c   0x00000026   Code   RO         3544    i.BMI088_read_muli_reg  bmi088driver.o
    0x080018a2   0x080018a2   0x00000018   Code   RO         3545    i.BMI088_read_single_reg  bmi088driver.o
    0x080018ba   0x080018ba   0x00000002   PAD
    0x080018bc   0x080018bc   0x00000024   Code   RO         3631    i.BMI088_read_write_byte  bmi088middleware.o
    0x080018e0   0x080018e0   0x00000014   Code   RO         3546    i.BMI088_write_single_reg  bmi088driver.o
    0x080018f4   0x080018f4   0x0000015a   Code   RO         4299    i.BodyFrameToEarthFrame  ins_task.o
    0x08001a4e   0x08001a4e   0x00000004   Code   RO         1063    i.BusFault_Handler  stm32f4xx_it.o
    0x08001a52   0x08001a52   0x00000002   PAD
    0x08001a54   0x08001a54   0x00000010   Code   RO         1064    i.CAN1_RX0_IRQHandler  stm32f4xx_it.o
    0x08001a64   0x08001a64   0x00000010   Code   RO         1065    i.CAN2_RX0_IRQHandler  stm32f4xx_it.o
    0x08001a74   0x08001a74   0x00000038   Code   RO         2194    i.CAN_cmd_chassis   can_receive.o
    0x08001aac   0x08001aac   0x00000050   Code   RO         2196    i.CAN_cmd_gimbal    can_receive.o
    0x08001afc   0x08001afc   0x0000000a   Code   RO         1778    i.C_fbdata2         candata_analysis.o
    0x08001b06   0x08001b06   0x00000002   PAD
    0x08001b08   0x08001b08   0x00000540   Code   RO         3547    i.Calibrate_MPU_Offset  bmi088driver.o
    0x08002048   0x08002048   0x00000008   Code   RO          470    i.ChassisL_Task     freertos.o
    0x08002050   0x08002050   0x0000008c   Code   RO         2904    i.ChassisL_init     chassisl_task.o
    0x080020dc   0x080020dc   0x00000204   Code   RO         2905    i.ChassisL_task     chassisl_task.o
    0x080022e0   0x080022e0   0x00000008   Code   RO          471    i.ChassisR_Task     freertos.o
    0x080022e8   0x080022e8   0x000000dc   Code   RO         2719    i.ChassisR_init     chassisr_task.o
    0x080023c4   0x080023c4   0x00000c64   Code   RO         2720    i.ChassisR_task     chassisr_task.o
    0x08003028   0x08003028   0x0000007c   Code   RO         1952    i.DMA1_Stream7_IRQHandler  bsp_i2c.o
    0x080030a4   0x080030a4   0x00000010   Code   RO         1066    i.DMA2_Stream1_IRQHandler  stm32f4xx_it.o
    0x080030b4   0x080030b4   0x00000010   Code   RO         1067    i.DMA2_Stream5_IRQHandler  stm32f4xx_it.o
    0x080030c4   0x080030c4   0x00000010   Code   RO         1068    i.DMA2_Stream6_IRQHandler  stm32f4xx_it.o
    0x080030d4   0x080030d4   0x00000010   Code   RO         1069    i.DMA2_Stream7_IRQHandler  stm32f4xx_it.o
    0x080030e4   0x080030e4   0x00000034   Code   RO         5498    i.DMA_CalcBaseAndBitshift  stm32f4xx_hal_dma.o
    0x08003118   0x08003118   0x0000007e   Code   RO         5499    i.DMA_CheckFifoParam  stm32f4xx_hal_dma.o
    0x08003196   0x08003196   0x00000002   PAD
    0x08003198   0x08003198   0x00000030   Code   RO         1668    i.DWT_CNT_Update    bsp_dwt.o
    0x080031c8   0x080031c8   0x0000003c   Code   RO         1669    i.DWT_Delay         bsp_dwt.o
    0x08003204   0x08003204   0x0000004c   Code   RO         1670    i.DWT_GetDeltaT     bsp_dwt.o
    0x08003250   0x08003250   0x00000054   Code   RO         1673    i.DWT_GetTimeline_s  bsp_dwt.o
    0x080032a4   0x080032a4   0x00000068   Code   RO         1675    i.DWT_Init          bsp_dwt.o
    0x0800330c   0x0800330c   0x000000d0   Code   RO         1676    i.DWT_SysTimeUpdate  bsp_dwt.o
    0x080033dc   0x080033dc   0x00000002   Code   RO         1070    i.DebugMon_Handler  stm32f4xx_it.o
    0x080033de   0x080033de   0x0000000a   Code   RO         1071    i.EXTI0_IRQHandler  stm32f4xx_it.o
    0x080033e8   0x080033e8   0x0000000a   Code   RO         1072    i.EXTI3_IRQHandler  stm32f4xx_it.o
    0x080033f2   0x080033f2   0x0000000a   Code   RO         1073    i.EXTI4_IRQHandler  stm32f4xx_it.o
    0x080033fc   0x080033fc   0x0000000a   Code   RO         1074    i.EXTI9_5_IRQHandler  stm32f4xx_it.o
    0x08003406   0x08003406   0x0000015a   Code   RO         4300    i.EarthFrameToBodyFrame  ins_task.o
    0x08003560   0x08003560   0x00000002   Code   RO           13    i.Error_Handler     main.o
    0x08003562   0x08003562   0x00000024   Code   RO         4761    i.HAL_CAN_ActivateNotification  stm32f4xx_hal_can.o
    0x08003586   0x08003586   0x000000f0   Code   RO         4762    i.HAL_CAN_AddTxMessage  stm32f4xx_hal_can.o
    0x08003676   0x08003676   0x00000002   PAD
    0x08003678   0x08003678   0x00000128   Code   RO         4763    i.HAL_CAN_ConfigFilter  stm32f4xx_hal_can.o
    0x080037a0   0x080037a0   0x00000002   Code   RO         4766    i.HAL_CAN_ErrorCallback  stm32f4xx_hal_can.o
    0x080037a2   0x080037a2   0x00000174   Code   RO         4769    i.HAL_CAN_GetRxMessage  stm32f4xx_hal_can.o
    0x08003916   0x08003916   0x00000234   Code   RO         4773    i.HAL_CAN_IRQHandler  stm32f4xx_hal_can.o
    0x08003b4a   0x08003b4a   0x00000168   Code   RO         4774    i.HAL_CAN_Init      stm32f4xx_hal_can.o
    0x08003cb2   0x08003cb2   0x00000002   PAD
    0x08003cb4   0x08003cb4   0x00000160   Code   RO          586    i.HAL_CAN_MspInit   can.o
    0x08003e14   0x08003e14   0x00000002   Code   RO         4781    i.HAL_CAN_RxFifo0FullCallback  stm32f4xx_hal_can.o
    0x08003e16   0x08003e16   0x00000002   PAD
    0x08003e18   0x08003e18   0x000003e4   Code   RO         2197    i.HAL_CAN_RxFifo0MsgPendingCallback  can_receive.o
    0x080041fc   0x080041fc   0x00000002   Code   RO         4783    i.HAL_CAN_RxFifo1FullCallback  stm32f4xx_hal_can.o
    0x080041fe   0x080041fe   0x00000002   Code   RO         4784    i.HAL_CAN_RxFifo1MsgPendingCallback  stm32f4xx_hal_can.o
    0x08004200   0x08004200   0x00000002   Code   RO         4785    i.HAL_CAN_SleepCallback  stm32f4xx_hal_can.o
    0x08004202   0x08004202   0x00000064   Code   RO         4786    i.HAL_CAN_Start     stm32f4xx_hal_can.o
    0x08004266   0x08004266   0x00000002   Code   RO         4788    i.HAL_CAN_TxMailbox0AbortCallback  stm32f4xx_hal_can.o
    0x08004268   0x08004268   0x00000002   Code   RO         4789    i.HAL_CAN_TxMailbox0CompleteCallback  stm32f4xx_hal_can.o
    0x0800426a   0x0800426a   0x00000002   Code   RO         4790    i.HAL_CAN_TxMailbox1AbortCallback  stm32f4xx_hal_can.o
    0x0800426c   0x0800426c   0x00000002   Code   RO         4791    i.HAL_CAN_TxMailbox1CompleteCallback  stm32f4xx_hal_can.o
    0x0800426e   0x0800426e   0x00000002   Code   RO         4792    i.HAL_CAN_TxMailbox2AbortCallback  stm32f4xx_hal_can.o
    0x08004270   0x08004270   0x00000002   Code   RO         4793    i.HAL_CAN_TxMailbox2CompleteCallback  stm32f4xx_hal_can.o
    0x08004272   0x08004272   0x00000002   Code   RO         4795    i.HAL_CAN_WakeUpFromRxMsgCallback  stm32f4xx_hal_can.o
    0x08004274   0x08004274   0x00000024   Code   RO         6188    i.HAL_CRC_Init      stm32f4xx_hal_crc.o
    0x08004298   0x08004298   0x00000034   Code   RO          635    i.HAL_CRC_MspInit   crc.o
    0x080042cc   0x080042cc   0x000000a2   Code   RO         5501    i.HAL_DMA_Abort     stm32f4xx_hal_dma.o
    0x0800436e   0x0800436e   0x00000024   Code   RO         5502    i.HAL_DMA_Abort_IT  stm32f4xx_hal_dma.o
    0x08004392   0x08004392   0x00000002   PAD
    0x08004394   0x08004394   0x000001ec   Code   RO         5506    i.HAL_DMA_IRQHandler  stm32f4xx_hal_dma.o
    0x08004580   0x08004580   0x000000ec   Code   RO         5507    i.HAL_DMA_Init      stm32f4xx_hal_dma.o
    0x0800466c   0x0800466c   0x00000028   Code   RO         5933    i.HAL_Delay         stm32f4xx_hal.o
    0x08004694   0x08004694   0x00000002   Code   RO         5392    i.HAL_GPIO_EXTI_Callback  stm32f4xx_hal_gpio.o
    0x08004696   0x08004696   0x00000002   PAD
    0x08004698   0x08004698   0x00000018   Code   RO         5393    i.HAL_GPIO_EXTI_IRQHandler  stm32f4xx_hal_gpio.o
    0x080046b0   0x080046b0   0x0000022c   Code   RO         5394    i.HAL_GPIO_Init     stm32f4xx_hal_gpio.o
    0x080048dc   0x080048dc   0x0000000e   Code   RO         5398    i.HAL_GPIO_WritePin  stm32f4xx_hal_gpio.o
    0x080048ea   0x080048ea   0x00000002   PAD
    0x080048ec   0x080048ec   0x0000000c   Code   RO         5939    i.HAL_GetTick       stm32f4xx_hal.o
    0x080048f8   0x080048f8   0x000001ac   Code   RO         6255    i.HAL_I2C_Init      stm32f4xx_hal_i2c.o
    0x08004aa4   0x08004aa4   0x000001f4   Code   RO          704    i.HAL_I2C_MspInit   i2c.o
    0x08004c98   0x08004c98   0x00000010   Code   RO         5945    i.HAL_IncTick       stm32f4xx_hal.o
    0x08004ca8   0x08004ca8   0x00000034   Code   RO         5946    i.HAL_Init          stm32f4xx_hal.o
    0x08004cdc   0x08004cdc   0x00000044   Code   RO         5947    i.HAL_InitTick      stm32f4xx_hal.o
    0x08004d20   0x08004d20   0x00000054   Code   RO         1226    i.HAL_MspInit       stm32f4xx_hal_msp.o
    0x08004d74   0x08004d74   0x0000001c   Code   RO         5786    i.HAL_NVIC_EnableIRQ  stm32f4xx_hal_cortex.o
    0x08004d90   0x08004d90   0x00000068   Code   RO         5792    i.HAL_NVIC_SetPriority  stm32f4xx_hal_cortex.o
    0x08004df8   0x08004df8   0x00000024   Code   RO         5793    i.HAL_NVIC_SetPriorityGrouping  stm32f4xx_hal_cortex.o
    0x08004e1c   0x08004e1c   0x00000002   Code   RO         9166    i.HAL_PCDEx_LPM_Callback  stm32f4xx_hal_pcd_ex.o
    0x08004e1e   0x08004e1e   0x00000002   Code   RO         8923    i.HAL_PCD_ConnectCallback  stm32f4xx_hal_pcd.o
    0x08004e20   0x08004e20   0x00000002   Code   RO         8924    i.HAL_PCD_DataInStageCallback  stm32f4xx_hal_pcd.o
    0x08004e22   0x08004e22   0x00000002   Code   RO         8925    i.HAL_PCD_DataOutStageCallback  stm32f4xx_hal_pcd.o
    0x08004e24   0x08004e24   0x00000002   Code   RO         8930    i.HAL_PCD_DisconnectCallback  stm32f4xx_hal_pcd.o
    0x08004e26   0x08004e26   0x00000020   Code   RO         8931    i.HAL_PCD_EP_Abort  stm32f4xx_hal_pcd.o
    0x08004e46   0x08004e46   0x00000562   Code   RO         8941    i.HAL_PCD_IRQHandler  stm32f4xx_hal_pcd.o
    0x080053a8   0x080053a8   0x00000002   Code   RO         8942    i.HAL_PCD_ISOINIncompleteCallback  stm32f4xx_hal_pcd.o
    0x080053aa   0x080053aa   0x00000002   Code   RO         8943    i.HAL_PCD_ISOOUTIncompleteCallback  stm32f4xx_hal_pcd.o
    0x080053ac   0x080053ac   0x000000e6   Code   RO         8944    i.HAL_PCD_Init      stm32f4xx_hal_pcd.o
    0x08005492   0x08005492   0x00000002   PAD
    0x08005494   0x08005494   0x000000a8   Code   RO         1022    i.HAL_PCD_MspInit   usb_otg.o
    0x0800553c   0x0800553c   0x00000002   Code   RO         8947    i.HAL_PCD_ResetCallback  stm32f4xx_hal_pcd.o
    0x0800553e   0x0800553e   0x00000002   Code   RO         8948    i.HAL_PCD_ResumeCallback  stm32f4xx_hal_pcd.o
    0x08005540   0x08005540   0x00000002   Code   RO         8949    i.HAL_PCD_SOFCallback  stm32f4xx_hal_pcd.o
    0x08005542   0x08005542   0x00000002   Code   RO         8952    i.HAL_PCD_SetupStageCallback  stm32f4xx_hal_pcd.o
    0x08005544   0x08005544   0x00000002   Code   RO         8955    i.HAL_PCD_SuspendCallback  stm32f4xx_hal_pcd.o
    0x08005546   0x08005546   0x00000002   PAD
    0x08005548   0x08005548   0x0000017c   Code   RO         5100    i.HAL_RCCEx_PeriphCLKConfig  stm32f4xx_hal_rcc_ex.o
    0x080056c4   0x080056c4   0x0000017c   Code   RO         4995    i.HAL_RCC_ClockConfig  stm32f4xx_hal_rcc.o
    0x08005840   0x08005840   0x0000000c   Code   RO         5000    i.HAL_RCC_GetHCLKFreq  stm32f4xx_hal_rcc.o
    0x0800584c   0x0800584c   0x00000020   Code   RO         5002    i.HAL_RCC_GetPCLK1Freq  stm32f4xx_hal_rcc.o
    0x0800586c   0x0800586c   0x00000020   Code   RO         5003    i.HAL_RCC_GetPCLK2Freq  stm32f4xx_hal_rcc.o
    0x0800588c   0x0800588c   0x00000070   Code   RO         5004    i.HAL_RCC_GetSysClockFreq  stm32f4xx_hal_rcc.o
    0x080058fc   0x080058fc   0x00000482   Code   RO         5007    i.HAL_RCC_OscConfig  stm32f4xx_hal_rcc.o
    0x08005d7e   0x08005d7e   0x00000034   Code   RO         6748    i.HAL_RNG_Init      stm32f4xx_hal_rng.o
    0x08005db2   0x08005db2   0x00000002   PAD
    0x08005db4   0x08005db4   0x00000034   Code   RO          758    i.HAL_RNG_MspInit   rng.o
    0x08005de8   0x08005de8   0x0000009e   Code   RO         6854    i.HAL_RTC_Init      stm32f4xx_hal_rtc.o
    0x08005e86   0x08005e86   0x00000002   PAD
    0x08005e88   0x08005e88   0x00000040   Code   RO          800    i.HAL_RTC_MspInit   rtc.o
    0x08005ec8   0x08005ec8   0x0000003c   Code   RO         6862    i.HAL_RTC_WaitForSynchro  stm32f4xx_hal_rtc.o
    0x08005f04   0x08005f04   0x000000be   Code   RO         7254    i.HAL_SPI_Init      stm32f4xx_hal_spi.o
    0x08005fc2   0x08005fc2   0x00000002   PAD
    0x08005fc4   0x08005fc4   0x000001cc   Code   RO          842    i.HAL_SPI_MspInit   spi.o
    0x08006190   0x08006190   0x00000218   Code   RO         7263    i.HAL_SPI_TransmitReceive  stm32f4xx_hal_spi.o
    0x080063a8   0x080063a8   0x00000028   Code   RO         5797    i.HAL_SYSTICK_Config  stm32f4xx_hal_cortex.o
    0x080063d0   0x080063d0   0x00000066   Code   RO         8285    i.HAL_TIMEx_ConfigBreakDeadTime  stm32f4xx_hal_tim_ex.o
    0x08006436   0x08006436   0x0000009a   Code   RO         8301    i.HAL_TIMEx_MasterConfigSynchronization  stm32f4xx_hal_tim_ex.o
    0x080064d0   0x080064d0   0x0000005c   Code   RO         7567    i.HAL_TIM_Base_Init  stm32f4xx_hal_tim.o
    0x0800652c   0x0800652c   0x0000011c   Code   RO          890    i.HAL_TIM_Base_MspInit  tim.o
    0x08006648   0x08006648   0x00000080   Code   RO         7570    i.HAL_TIM_Base_Start  stm32f4xx_hal_tim.o
    0x080066c8   0x080066c8   0x000000ea   Code   RO         7576    i.HAL_TIM_ConfigClockSource  stm32f4xx_hal_tim.o
    0x080067b2   0x080067b2   0x00000002   PAD
    0x080067b4   0x080067b4   0x000001f4   Code   RO          891    i.HAL_TIM_MspPostInit  tim.o
    0x080069a8   0x080069a8   0x000000d8   Code   RO         7639    i.HAL_TIM_PWM_ConfigChannel  stm32f4xx_hal_tim.o
    0x08006a80   0x08006a80   0x0000005c   Code   RO         7642    i.HAL_TIM_PWM_Init  stm32f4xx_hal_tim.o
    0x08006adc   0x08006adc   0x00000002   Code   RO         7644    i.HAL_TIM_PWM_MspInit  stm32f4xx_hal_tim.o
    0x08006ade   0x08006ade   0x00000002   PAD
    0x08006ae0   0x08006ae0   0x000000dc   Code   RO         7647    i.HAL_TIM_PWM_Start  stm32f4xx_hal_tim.o
    0x08006bbc   0x08006bbc   0x00000002   Code   RO         8561    i.HAL_UARTEx_RxEventCallback  stm32f4xx_hal_uart.o
    0x08006bbe   0x08006bbe   0x00000002   Code   RO         8575    i.HAL_UART_ErrorCallback  stm32f4xx_hal_uart.o
    0x08006bc0   0x08006bc0   0x00000280   Code   RO         8578    i.HAL_UART_IRQHandler  stm32f4xx_hal_uart.o
    0x08006e40   0x08006e40   0x00000066   Code   RO         8579    i.HAL_UART_Init     stm32f4xx_hal_uart.o
    0x08006ea6   0x08006ea6   0x00000002   PAD
    0x08006ea8   0x08006ea8   0x00000340   Code   RO          968    i.HAL_UART_MspInit  usart.o
    0x080071e8   0x080071e8   0x0000001c   Code   RO         8584    i.HAL_UART_Receive_IT  stm32f4xx_hal_uart.o
    0x08007204   0x08007204   0x00000314   Code   RO         2588    i.HAL_UART_RxCpltCallback  test_task.o
    0x08007518   0x08007518   0x000000b8   Code   RO         8587    i.HAL_UART_Transmit  stm32f4xx_hal_uart.o
    0x080075d0   0x080075d0   0x00000002   Code   RO         8590    i.HAL_UART_TxCpltCallback  stm32f4xx_hal_uart.o
    0x080075d2   0x080075d2   0x00000002   PAD
    0x080075d4   0x080075d4   0x00000130   Code   RO         4216    i.H_K_R_Adjustment  kalman_filter.o
    0x08007704   0x08007704   0x00000004   Code   RO         1075    i.HardFault_Handler  stm32f4xx_it.o
    0x08007708   0x08007708   0x00000238   Code   RO         4382    i.IMU_QuaternionEKF_F_Linearization_P_Fading  quaternionekf.o
    0x08007940   0x08007940   0x00000130   Code   RO         4383    i.IMU_QuaternionEKF_Init  quaternionekf.o
    0x08007a70   0x08007a70   0x00000034   Code   RO         4384    i.IMU_QuaternionEKF_Observe  quaternionekf.o
    0x08007aa4   0x08007aa4   0x00000128   Code   RO         4385    i.IMU_QuaternionEKF_SetH  quaternionekf.o
    0x08007bcc   0x08007bcc   0x00000508   Code   RO         4387    i.IMU_QuaternionEKF_xhatUpdate  quaternionekf.o
    0x080080d4   0x080080d4   0x000000e8   Code   RO         4303    i.INS_Init          ins_task.o
    0x080081bc   0x080081bc   0x0000000c   Code   RO          472    i.INS_Task          freertos.o
    0x080081c8   0x080081c8   0x00000330   Code   RO         4304    i.INS_task          ins_task.o
    0x080084f8   0x080084f8   0x0000070c   Code   RO         4217    i.Kalman_Filter_Init  kalman_filter.o
    0x08008c04   0x08008c04   0x00000050   Code   RO         4218    i.Kalman_Filter_Measure  kalman_filter.o
    0x08008c54   0x08008c54   0x00000068   Code   RO         4219    i.Kalman_Filter_P_Update  kalman_filter.o
    0x08008cbc   0x08008cbc   0x00000068   Code   RO         4220    i.Kalman_Filter_PminusUpdate  kalman_filter.o
    0x08008d24   0x08008d24   0x000000d2   Code   RO         4221    i.Kalman_Filter_SetK  kalman_filter.o
    0x08008df6   0x08008df6   0x00000002   PAD
    0x08008df8   0x08008df8   0x00000128   Code   RO         4222    i.Kalman_Filter_Update  kalman_filter.o
    0x08008f20   0x08008f20   0x0000007c   Code   RO         4223    i.Kalman_Filter_xhatMinusUpdate  kalman_filter.o
    0x08008f9c   0x08008f9c   0x00000086   Code   RO         4224    i.Kalman_Filter_xhatUpdate  kalman_filter.o
    0x08009022   0x08009022   0x00000032   Code   RO         4149    i.LQR_K_calc        vmc_calc.o
    0x08009054   0x08009054   0x00000044   Code   RO          587    i.MX_CAN1_Init      can.o
    0x08009098   0x08009098   0x00000044   Code   RO          588    i.MX_CAN2_Init      can.o
    0x080090dc   0x080090dc   0x00000020   Code   RO          636    i.MX_CRC_Init       crc.o
    0x080090fc   0x080090fc   0x000000c8   Code   RO          676    i.MX_DMA_Init       dma.o
    0x080091c4   0x080091c4   0x000000d0   Code   RO          473    i.MX_FREERTOS_Init  freertos.o
    0x08009294   0x08009294   0x000001fc   Code   RO          320    i.MX_GPIO_Init      gpio.o
    0x08009490   0x08009490   0x0000003c   Code   RO          705    i.MX_I2C1_Init      i2c.o
    0x080094cc   0x080094cc   0x0000003c   Code   RO          706    i.MX_I2C2_Init      i2c.o
    0x08009508   0x08009508   0x0000003c   Code   RO          707    i.MX_I2C3_Init      i2c.o
    0x08009544   0x08009544   0x00000020   Code   RO          759    i.MX_RNG_Init       rng.o
    0x08009564   0x08009564   0x00000034   Code   RO          801    i.MX_RTC_Init       rtc.o
    0x08009598   0x08009598   0x00000048   Code   RO          843    i.MX_SPI1_Init      spi.o
    0x080095e0   0x080095e0   0x00000044   Code   RO          844    i.MX_SPI2_Init      spi.o
    0x08009624   0x08009624   0x0000006c   Code   RO          892    i.MX_TIM10_Init     tim.o
    0x08009690   0x08009690   0x00000108   Code   RO          893    i.MX_TIM1_Init      tim.o
    0x08009798   0x08009798   0x000000a4   Code   RO          894    i.MX_TIM3_Init      tim.o
    0x0800983c   0x0800983c   0x000000a4   Code   RO          895    i.MX_TIM4_Init      tim.o
    0x080098e0   0x080098e0   0x000000c4   Code   RO          896    i.MX_TIM5_Init      tim.o
    0x080099a4   0x080099a4   0x00000070   Code   RO          897    i.MX_TIM8_Init      tim.o
    0x08009a14   0x08009a14   0x00000038   Code   RO          969    i.MX_USART1_UART_Init  usart.o
    0x08009a4c   0x08009a4c   0x0000003c   Code   RO          970    i.MX_USART3_UART_Init  usart.o
    0x08009a88   0x08009a88   0x00000038   Code   RO          971    i.MX_USART6_UART_Init  usart.o
    0x08009ac0   0x08009ac0   0x00000038   Code   RO         1023    i.MX_USB_OTG_FS_PCD_Init  usb_otg.o
    0x08009af8   0x08009af8   0x00000004   Code   RO         1076    i.MemManage_Handler  stm32f4xx_it.o
    0x08009afc   0x08009afc   0x00000002   Code   RO         1077    i.NMI_Handler       stm32f4xx_it.o
    0x08009afe   0x08009afe   0x00000008   Code   RO          474    i.OBSERVE_Task      freertos.o
    0x08009b06   0x08009b06   0x00000002   PAD
    0x08009b08   0x08009b08   0x00000058   Code   RO         3996    i.OLS_Init          user_lib.o
    0x08009b60   0x08009b60   0x00000010   Code   RO         1078    i.OTG_FS_IRQHandler  stm32f4xx_it.o
    0x08009b70   0x08009b70   0x00000048   Code   RO         8957    i.PCD_EP_OutSetupPacket_int  stm32f4xx_hal_pcd.o
    0x08009bb8   0x08009bb8   0x000000e8   Code   RO         8958    i.PCD_EP_OutXfrComplete_int  stm32f4xx_hal_pcd.o
    0x08009ca0   0x08009ca0   0x000000a2   Code   RO         8959    i.PCD_WriteEmptyTxFifo  stm32f4xx_hal_pcd.o
    0x08009d42   0x08009d42   0x00000002   PAD
    0x08009d44   0x08009d44   0x000000bc   Code   RO         4590    i.PID_Init          controller.o
    0x08009e00   0x08009e00   0x0000023c   Code   RO         4504    i.PID_angle_calc    pid.o
    0x0800a03c   0x0800a03c   0x000001f0   Code   RO         4505    i.PID_calc          pid.o
    0x0800a22c   0x0800a22c   0x00000204   Code   RO         4506    i.PID_calc_1        pid.o
    0x0800a430   0x0800a430   0x0000004c   Code   RO         4507    i.PID_clear         pid.o
    0x0800a47c   0x0800a47c   0x00000060   Code   RO         4508    i.PID_init          pid.o
    0x0800a4dc   0x0800a4dc   0x0000006c   Code   RO         2721    i.Pensation_init    chassisr_task.o
    0x0800a548   0x0800a548   0x0000009c   Code   RO         1594    i.RC_Init           bsp_rc.o
    0x0800a5e4   0x0800a5e4   0x00000048   Code   RO         6865    i.RTC_EnterInitMode  stm32f4xx_hal_rtc.o
    0x0800a62c   0x0800a62c   0x0000002c   Code   RO         6866    i.RTC_ExitInitMode  stm32f4xx_hal_rtc.o
    0x0800a658   0x0800a658   0x0000012e   Code   RO         4450    i.RotationMatrix_update  mahony_filter.o
    0x0800a786   0x0800a786   0x00000002   PAD
    0x0800a788   0x0800a788   0x00000084   Code   RO         7292    i.SPI_EndRxTxTransaction  stm32f4xx_hal_spi.o
    0x0800a80c   0x0800a80c   0x000000d8   Code   RO         7297    i.SPI_WaitFlagStateUntilTimeout  stm32f4xx_hal_spi.o
    0x0800a8e4   0x0800a8e4   0x0000007c   Code   RO         2589    i.STP23_Data_Process  test_task.o
    0x0800a960   0x0800a960   0x00000014   Code   RO         1079    i.SysTick_Handler   stm32f4xx_it.o
    0x0800a974   0x0800a974   0x000000b4   Code   RO           14    i.SystemClock_Config  main.o
    0x0800aa28   0x0800aa28   0x00000064   Code   RO         1251    i.SystemInit        system_stm32f4xx.o
    0x0800aa8c   0x0800aa8c   0x000000d4   Code   RO         7660    i.TIM_Base_SetConfig  stm32f4xx_hal_tim.o
    0x0800ab60   0x0800ab60   0x0000001e   Code   RO         7661    i.TIM_CCxChannelCmd  stm32f4xx_hal_tim.o
    0x0800ab7e   0x0800ab7e   0x00000016   Code   RO         7671    i.TIM_ETR_SetConfig  stm32f4xx_hal_tim.o
    0x0800ab94   0x0800ab94   0x00000010   Code   RO         7672    i.TIM_ITRx_SetConfig  stm32f4xx_hal_tim.o
    0x0800aba4   0x0800aba4   0x00000070   Code   RO         7673    i.TIM_OC1_SetConfig  stm32f4xx_hal_tim.o
    0x0800ac14   0x0800ac14   0x00000078   Code   RO         7674    i.TIM_OC2_SetConfig  stm32f4xx_hal_tim.o
    0x0800ac8c   0x0800ac8c   0x00000078   Code   RO         7675    i.TIM_OC3_SetConfig  stm32f4xx_hal_tim.o
    0x0800ad04   0x0800ad04   0x00000058   Code   RO         7676    i.TIM_OC4_SetConfig  stm32f4xx_hal_tim.o
    0x0800ad5c   0x0800ad5c   0x00000026   Code   RO         7678    i.TIM_TI1_ConfigInputStage  stm32f4xx_hal_tim.o
    0x0800ad82   0x0800ad82   0x00000028   Code   RO         7680    i.TIM_TI2_ConfigInputStage  stm32f4xx_hal_tim.o
    0x0800adaa   0x0800adaa   0x0000000e   Code   RO         8592    i.UART_DMAAbortOnError  stm32f4xx_hal_uart.o
    0x0800adb8   0x0800adb8   0x0000004e   Code   RO         8602    i.UART_EndRxTransfer  stm32f4xx_hal_uart.o
    0x0800ae06   0x0800ae06   0x0000001a   Code   RO         8603    i.UART_EndTransmit_IT  stm32f4xx_hal_uart.o
    0x0800ae20   0x0800ae20   0x000000ca   Code   RO         8605    i.UART_Receive_IT   stm32f4xx_hal_uart.o
    0x0800aeea   0x0800aeea   0x00000002   PAD
    0x0800aeec   0x0800aeec   0x000000fc   Code   RO         8606    i.UART_SetConfig    stm32f4xx_hal_uart.o
    0x0800afe8   0x0800afe8   0x00000038   Code   RO         8608    i.UART_Start_Receive_IT  stm32f4xx_hal_uart.o
    0x0800b020   0x0800b020   0x0000005e   Code   RO         8609    i.UART_Transmit_IT  stm32f4xx_hal_uart.o
    0x0800b07e   0x0800b07e   0x0000008e   Code   RO         8610    i.UART_WaitOnFlagUntilTimeout  stm32f4xx_hal_uart.o
    0x0800b10c   0x0800b10c   0x00000010   Code   RO         1080    i.USART1_IRQHandler  stm32f4xx_it.o
    0x0800b11c   0x0800b11c   0x00000130   Code   RO         2515    i.USART3_IRQHandler  remote_control.o
    0x0800b24c   0x0800b24c   0x00000128   Code   RO         3196    i.USART6_IRQHandler  referee_usart_task.o
    0x0800b374   0x0800b374   0x0000001c   Code   RO         9210    i.USB_ActivateSetup  stm32f4xx_ll_usb.o
    0x0800b390   0x0800b390   0x00000086   Code   RO         9212    i.USB_CoreInit      stm32f4xx_ll_usb.o
    0x0800b416   0x0800b416   0x0000005c   Code   RO         9213    i.USB_CoreReset     stm32f4xx_ll_usb.o
    0x0800b472   0x0800b472   0x0000001c   Code   RO         9218    i.USB_DevDisconnect  stm32f4xx_ll_usb.o
    0x0800b48e   0x0800b48e   0x00000002   PAD
    0x0800b490   0x0800b490   0x00000178   Code   RO         9219    i.USB_DevInit       stm32f4xx_ll_usb.o
    0x0800b608   0x0800b608   0x0000000c   Code   RO         9220    i.USB_DisableGlobalInt  stm32f4xx_ll_usb.o
    0x0800b614   0x0800b614   0x00000060   Code   RO         9223    i.USB_EP0_OutStart  stm32f4xx_ll_usb.o
    0x0800b674   0x0800b674   0x000000b4   Code   RO         9227    i.USB_EPStopXfer    stm32f4xx_ll_usb.o
    0x0800b728   0x0800b728   0x0000004a   Code   RO         9229    i.USB_FlushRxFifo   stm32f4xx_ll_usb.o
    0x0800b772   0x0800b772   0x0000004e   Code   RO         9230    i.USB_FlushTxFifo   stm32f4xx_ll_usb.o
    0x0800b7c0   0x0800b7c0   0x00000020   Code   RO         9232    i.USB_GetDevSpeed   stm32f4xx_ll_usb.o
    0x0800b7e0   0x0800b7e0   0x00000008   Code   RO         9234    i.USB_GetMode       stm32f4xx_ll_usb.o
    0x0800b7e8   0x0800b7e8   0x0000000e   Code   RO         9242    i.USB_ReadDevAllInEpInterrupt  stm32f4xx_ll_usb.o
    0x0800b7f6   0x0800b7f6   0x0000000e   Code   RO         9243    i.USB_ReadDevAllOutEpInterrupt  stm32f4xx_ll_usb.o
    0x0800b804   0x0800b804   0x00000024   Code   RO         9244    i.USB_ReadDevInEPInterrupt  stm32f4xx_ll_usb.o
    0x0800b828   0x0800b828   0x00000010   Code   RO         9245    i.USB_ReadDevOutEPInterrupt  stm32f4xx_ll_usb.o
    0x0800b838   0x0800b838   0x00000008   Code   RO         9246    i.USB_ReadInterrupts  stm32f4xx_ll_usb.o
    0x0800b840   0x0800b840   0x00000048   Code   RO         9247    i.USB_ReadPacket    stm32f4xx_ll_usb.o
    0x0800b888   0x0800b888   0x00000060   Code   RO         9249    i.USB_SetCurrentMode  stm32f4xx_ll_usb.o
    0x0800b8e8   0x0800b8e8   0x0000000e   Code   RO         9251    i.USB_SetDevSpeed   stm32f4xx_ll_usb.o
    0x0800b8f6   0x0800b8f6   0x00000002   PAD
    0x0800b8f8   0x0800b8f8   0x000000f4   Code   RO         9252    i.USB_SetTurnaroundTime  stm32f4xx_ll_usb.o
    0x0800b9ec   0x0800b9ec   0x00000034   Code   RO         9255    i.USB_WritePacket   stm32f4xx_ll_usb.o
    0x0800ba20   0x0800ba20   0x00000004   Code   RO         1081    i.UsageFault_Handler  stm32f4xx_it.o
    0x0800ba24   0x0800ba24   0x000003f4   Code   RO         4150    i.VMC_calc_1_left   vmc_calc.o
    0x0800be18   0x0800be18   0x000003e4   Code   RO         4151    i.VMC_calc_1_right  vmc_calc.o
    0x0800c1fc   0x0800c1fc   0x00000196   Code   RO         4152    i.VMC_calc_2        vmc_calc.o
    0x0800c392   0x0800c392   0x00000002   PAD
    0x0800c394   0x0800c394   0x00000034   Code   RO         4153    i.VMC_init          vmc_calc.o
    0x0800c3c8   0x0800c3c8   0x00000026   Code   RO        12079    i.__ARM_fpclassifyf  m_wm.l(fpclassifyf.o)
    0x0800c3ee   0x0800c3ee   0x00000006   Code   RO        11111    i.__get_PRIMASK     fifo.o
    0x0800c3f4   0x0800c3f4   0x00000118   Code   RO        11848    i.__hardfp_acosf    m_wm.l(acosf.o)
    0x0800c50c   0x0800c50c   0x0000012c   Code   RO        11860    i.__hardfp_asinf    m_wm.l(asinf.o)
    0x0800c638   0x0800c638   0x00000250   Code   RO        11872    i.__hardfp_atan2f   m_wm.l(atan2f.o)
    0x0800c888   0x0800c888   0x00000150   Code   RO        11884    i.__hardfp_cosf     m_wm.l(cosf.o)
    0x0800c9d8   0x0800c9d8   0x00000014   Code   RO        11896    i.__hardfp_fabs     m_wm.l(fabs.o)
    0x0800c9ec   0x0800c9ec   0x000000c2   Code   RO        11926    i.__hardfp_lroundf  m_wm.l(lroundf.o)
    0x0800caae   0x0800caae   0x00000002   PAD
    0x0800cab0   0x0800cab0   0x00000190   Code   RO        11902    i.__hardfp_sinf     m_wm.l(sinf.o)
    0x0800cc40   0x0800cc40   0x0000007a   Code   RO        11934    i.__hardfp_sqrt     m_wm.l(sqrt_full.o)
    0x0800ccba   0x0800ccba   0x0000003a   Code   RO        11940    i.__hardfp_sqrtf    m_wm.l(sqrtf_full.o)
    0x0800ccf4   0x0800ccf4   0x00000006   Code   RO        12082    i.__mathlib_flt_infnan  m_wm.l(funder.o)
    0x0800ccfa   0x0800ccfa   0x00000006   Code   RO        12083    i.__mathlib_flt_infnan2  m_wm.l(funder.o)
    0x0800cd00   0x0800cd00   0x00000010   Code   RO        12084    i.__mathlib_flt_invalid  m_wm.l(funder.o)
    0x0800cd10   0x0800cd10   0x00000010   Code   RO        12087    i.__mathlib_flt_underflow  m_wm.l(funder.o)
    0x0800cd20   0x0800cd20   0x00000154   Code   RO        12095    i.__mathlib_rredf2  m_wm.l(rredf.o)
    0x0800ce74   0x0800ce74   0x00000006   Code   RO        11112    i.__set_PRIMASK     fifo.o
    0x0800ce7a   0x0800ce7a   0x00000002   PAD
    0x0800ce7c   0x0800ce7c   0x00000030   Code   RO        11050    i.append_CRC16_check_sum  crc8_crc16.o
    0x0800ceac   0x0800ceac   0x00000024   Code   RO        11051    i.append_CRC8_check_sum  crc8_crc16.o
    0x0800ced0   0x0800ced0   0x0000016c   Code   RO         3548    i.bmi088_accel_init  bmi088driver.o
    0x0800d03c   0x0800d03c   0x00000130   Code   RO         3549    i.bmi088_gyro_init  bmi088driver.o
    0x0800d16c   0x0800d16c   0x00000010   Code   RO         1287    i.buzzer_off        bsp_buzzer.o
    0x0800d17c   0x0800d17c   0x00000014   Code   RO         1288    i.buzzer_on         bsp_buzzer.o
    0x0800d190   0x0800d190   0x0000007c   Code   RO         2590    i.buzzer_warn_error  test_task.o
    0x0800d20c   0x0800d20c   0x000000a4   Code   RO         2822    i.c_transmit_date   dm_8009_drv.o
    0x0800d2b0   0x0800d2b0   0x0000005c   Code   RO         1411    i.can_filter_init   bsp_can.o
    0x0800d30c   0x0800d30c   0x00000758   Code   RO         2906    i.chassisL_control_loop  chassisl_task.o
    0x0800da64   0x0800da64   0x000000b8   Code   RO         2907    i.chassisL_feedback_update  chassisl_task.o
    0x0800db1c   0x0800db1c   0x00000b88   Code   RO         2722    i.chassisR_control_loop  chassisr_task.o
    0x0800e6a4   0x0800e6a4   0x0000013c   Code   RO         2723    i.chassisR_feedback_update  chassisr_task.o
    0x0800e7e0   0x0800e7e0   0x00000288   Code   RO         4718    i.chassis_power_control  chassis_power_control.o
    0x0800ea68   0x0800ea68   0x00000058   Code   RO         2724    i.data_fusion       chassisr_task.o
    0x0800eac0   0x0800eac0   0x00000030   Code   RO         1439    i.delay_init        bsp_delay.o
    0x0800eaf0   0x0800eaf0   0x00000124   Code   RO         2434    i.detect_hook       detect_task.o
    0x0800ec14   0x0800ec14   0x00000164   Code   RO         2435    i.detect_init       detect_task.o
    0x0800ed78   0x0800ed78   0x00000288   Code   RO         2436    i.detect_task       detect_task.o
    0x0800f000   0x0800f000   0x00000098   Code   RO         2824    i.dm4310_fbdata1    dm_8009_drv.o
    0x0800f098   0x0800f098   0x0000004c   Code   RO         2825    i.enable_motor_mode  dm_8009_drv.o
    0x0800f0e4   0x0800f0e4   0x0000003a   Code   RO        11130    i.fifo_s_get        fifo.o
    0x0800f11e   0x0800f11e   0x00000016   Code   RO        11133    i.fifo_s_init       fifo.o
    0x0800f134   0x0800f134   0x000000a0   Code   RO        11139    i.fifo_s_puts       fifo.o
    0x0800f1d4   0x0800f1d4   0x00000006   Code   RO        11141    i.fifo_s_used       fifo.o
    0x0800f1da   0x0800f1da   0x0000002a   Code   RO         4001    i.float_constrain   user_lib.o
    0x0800f204   0x0800f204   0x00000032   Code   RO         2826    i.float_to_uint     dm_8009_drv.o
    0x0800f236   0x0800f236   0x00000002   PAD
    0x0800f238   0x0800f238   0x00000034   Code   RO        11052    i.get_CRC16_check_sum  crc8_crc16.o
    0x0800f26c   0x0800f26c   0x00000024   Code   RO        11053    i.get_CRC8_check_sum  crc8_crc16.o
    0x0800f290   0x0800f290   0x0000001c   Code   RO         3114    i.get_chassis_power_and_buffer  referee.o
    0x0800f2ac   0x0800f2ac   0x00000008   Code   RO         2437    i.get_error_list_point  detect_task.o
    0x0800f2b4   0x0800f2b4   0x00000008   Code   RO         2516    i.get_remote_control_point  remote_control.o
    0x0800f2bc   0x0800f2bc   0x0000000c   Code   RO         3117    i.get_robot_id      referee.o
    0x0800f2c8   0x0800f2c8   0x00000008   Code   RO         2200    i.get_trigger_motor_measure_point  can_receive.o
    0x0800f2d0   0x0800f2d0   0x0000017c   Code   RO         4154    i.ground_detectionL  vmc_calc.o
    0x0800f44c   0x0800f44c   0x0000017c   Code   RO         4155    i.ground_detectionR  vmc_calc.o
    0x0800f5c8   0x0800f5c8   0x000000fc   Code   RO         3120    i.init_referee_struct_data  referee.o
    0x0800f6c4   0x0800f6c4   0x0000003c   Code   RO         4388    i.invSqrt           quaternionekf.o
    0x0800f700   0x0800f700   0x00000006   Code   RO         2827    i.joint_motor_init  dm_8009_drv.o
    0x0800f706   0x0800f706   0x00000002   PAD
    0x0800f708   0x0800f708   0x00000068   Code   RO         2726    i.key_press_r       chassisr_task.o
    0x0800f770   0x0800f770   0x00000060   Code   RO         4006    i.loop_float_constrain  user_lib.o
    0x0800f7d0   0x0800f7d0   0x00000038   Code   RO         4451    i.mahony_init       mahony_filter.o
    0x0800f808   0x0800f808   0x0000001e   Code   RO         4452    i.mahony_input      mahony_filter.o
    0x0800f826   0x0800f826   0x0000004a   Code   RO         4453    i.mahony_output     mahony_filter.o
    0x0800f870   0x0800f870   0x000002ba   Code   RO         4454    i.mahony_update     mahony_filter.o
    0x0800fb2a   0x0800fb2a   0x00000002   PAD
    0x0800fb2c   0x0800fb2c   0x00000090   Code   RO           15    i.main              main.o
    0x0800fbbc   0x0800fbbc   0x0000000c   Code   RO        10536    i.makeFreeRtosPriority  cmsis_os.o
    0x0800fbc8   0x0800fbc8   0x00000100   Code   RO         2829    i.mit_ctrl          dm_8009_drv.o
    0x0800fcc8   0x0800fcc8   0x00000034   Code   RO         2908    i.motor_ecd_to_angle_change  chassisl_task.o
    0x0800fcfc   0x0800fcfc   0x00000028   Code   RO         2727    i.mySaturate        chassisr_task.o
    0x0800fd24   0x0800fd24   0x000001d8   Code   RO         3052    i.observe_task      observe_task.o
    0x0800fefc   0x0800fefc   0x00000010   Code   RO        10538    i.osDelay           cmsis_os.o
    0x0800ff0c   0x0800ff0c   0x0000000a   Code   RO        10541    i.osKernelStart     cmsis_os.o
    0x0800ff16   0x0800ff16   0x0000005c   Code   RO        10575    i.osThreadCreate    cmsis_os.o
    0x0800ff72   0x0800ff72   0x00000002   PAD
    0x0800ff74   0x0800ff74   0x0000002c   Code   RO         3339    i.print_message     ui_interface.o
    0x0800ffa0   0x0800ffa0   0x00000080   Code   RO        10004    i.prvAddCurrentTaskToDelayedList  tasks.o
    0x08010020   0x08010020   0x00000088   Code   RO        10005    i.prvAddNewTaskToReadyList  tasks.o
    0x080100a8   0x080100a8   0x0000005c   Code   RO        10368    i.prvCheckForValidListAndQueue  timers.o
    0x08010104   0x08010104   0x00000040   Code   RO        10006    i.prvCheckTasksWaitingTermination  tasks.o
    0x08010144   0x08010144   0x00000024   Code   RO         9660    i.prvCopyDataFromQueue  queue.o
    0x08010168   0x08010168   0x0000006e   Code   RO         9661    i.prvCopyDataToQueue  queue.o
    0x080101d6   0x080101d6   0x00000040   Code   RO        10007    i.prvDeleteTCB      tasks.o
    0x08010216   0x08010216   0x00000002   PAD
    0x08010218   0x08010218   0x00000024   Code   RO        10369    i.prvGetNextExpireTime  timers.o
    0x0801023c   0x0801023c   0x00000050   Code   RO        10915    i.prvHeapInit       heap_4.o
    0x0801028c   0x0801028c   0x00000028   Code   RO        10008    i.prvIdleTask       tasks.o
    0x080102b4   0x080102b4   0x00000018   Code   RO         9664    i.prvInitialiseNewQueue  queue.o
    0x080102cc   0x080102cc   0x00000098   Code   RO        10009    i.prvInitialiseNewTask  tasks.o
    0x08010364   0x08010364   0x00000060   Code   RO        10010    i.prvInitialiseTaskLists  tasks.o
    0x080103c4   0x080103c4   0x0000005c   Code   RO        10916    i.prvInsertBlockIntoFreeList  heap_4.o
    0x08010420   0x08010420   0x00000048   Code   RO        10371    i.prvInsertTimerInActiveList  timers.o
    0x08010468   0x08010468   0x0000001a   Code   RO         9665    i.prvIsQueueEmpty   queue.o
    0x08010482   0x08010482   0x0000001e   Code   RO         9666    i.prvIsQueueFull    queue.o
    0x080104a0   0x080104a0   0x00000068   Code   RO        10372    i.prvProcessExpiredTimer  timers.o
    0x08010508   0x08010508   0x00000110   Code   RO        10373    i.prvProcessReceivedCommands  timers.o
    0x08010618   0x08010618   0x0000006c   Code   RO        10374    i.prvProcessTimerOrBlockTask  timers.o
    0x08010684   0x08010684   0x00000024   Code   RO        10011    i.prvResetNextTaskUnblockTime  tasks.o
    0x080106a8   0x080106a8   0x0000002c   Code   RO        10375    i.prvSampleTimeNow  timers.o
    0x080106d4   0x080106d4   0x00000078   Code   RO        10376    i.prvSwitchTimerLists  timers.o
    0x0801074c   0x0801074c   0x00000018   Code   RO        10013    i.prvTaskCheckFreeStackSpace  tasks.o
    0x08010764   0x08010764   0x00000030   Code   RO        10971    i.prvTaskExitError  port.o
    0x08010794   0x08010794   0x00000014   Code   RO        10377    i.prvTimerTask      timers.o
    0x080107a8   0x080107a8   0x00000068   Code   RO         9667    i.prvUnlockQueue    queue.o
    0x08010810   0x08010810   0x000000e8   Code   RO        10917    i.pvPortMalloc      heap_4.o
    0x080108f8   0x080108f8   0x0000002c   Code   RO        10972    i.pxPortInitialiseStack  port.o
    0x08010924   0x08010924   0x000000d0   Code   RO         2728    i.recover_detect    chassisr_task.o
    0x080109f4   0x080109f4   0x00000204   Code   RO         3121    i.referee_data_solve  referee.o
    0x08010bf8   0x08010bf8   0x0000014c   Code   RO         3197    i.referee_unpack_fifo_data  referee_usart_task.o
    0x08010d44   0x08010d44   0x00000038   Code   RO         3198    i.referee_usart_task  referee_usart_task.o
    0x08010d7c   0x08010d7c   0x00000014   Code   RO         2517    i.remote_control_init  remote_control.o
    0x08010d90   0x08010d90   0x000000da   Code   RO         2518    i.sbus_to_rc        remote_control.o
    0x08010e6a   0x08010e6a   0x00000002   PAD
    0x08010e6c   0x08010e6c   0x00000064   Code   RO         3248    i.shoot_bullet_control  shoot.o
    0x08010ed0   0x08010ed0   0x0000032c   Code   RO         3249    i.shoot_control_loop  shoot.o
    0x080111fc   0x080111fc   0x000001c8   Code   RO         3250    i.shoot_feedback_update  shoot.o
    0x080113c4   0x080113c4   0x000000c4   Code   RO         3251    i.shoot_init        shoot.o
    0x08011488   0x08011488   0x000001a0   Code   RO         3252    i.shoot_set_mode    shoot.o
    0x08011628   0x08011628   0x00000074   Code   RO         4010    i.slope_following   user_lib.o
    0x0801169c   0x0801169c   0x00000090   Code   RO         2729    i.speed_est         chassisr_task.o
    0x0801172c   0x0801172c   0x0000003e   Code   RO        11942    i.sqrtf             m_wm.l(sqrtf_full.o)
    0x0801176a   0x0801176a   0x00000002   PAD
    0x0801176c   0x0801176c   0x00000140   Code   RO         2591    i.test_task         test_task.o
    0x080118ac   0x080118ac   0x00000018   Code   RO         2438    i.toe_is_error      detect_task.o
    0x080118c4   0x080118c4   0x00000148   Code   RO         3253    i.trigger_motor_turn_back  shoot.o
    0x08011a0c   0x08011a0c   0x000000b4   Code   RO         3254    i.trigger_speed_current_calc  shoot.o
    0x08011ac0   0x08011ac0   0x00000158   Code   RO         3255    i.trigger_speed_feedforward  shoot.o
    0x08011c18   0x08011c18   0x0000002a   Code   RO         2592    i.ui_clamp_f32      test_task.o
    0x08011c42   0x08011c42   0x0000002a   Code   RO         3340    i.ui_delete_layer   ui_interface.o
    0x08011c6c   0x08011c6c   0x00000054   Code   RO         3341    i.ui_fill_header    ui_interface.o
    0x08011cc0   0x08011cc0   0x00000024   Code   RO         3447    i.ui_has_dirty_figures  ui_g.o
    0x08011ce4   0x08011ce4   0x00000820   Code   RO         3448    i.ui_init_g         ui_g.o
    0x08012504   0x08012504   0x000000b8   Code   RO         3449    i.ui_init_step_g    ui_g.o
    0x080125bc   0x080125bc   0x00000090   Code   RO         3450    i.ui_init_text      ui_g.o
    0x0801264c   0x0801264c   0x000000ac   Code   RO         3451    i.ui_mark_all_update_mode  ui_g.o
    0x080126f8   0x080126f8   0x0000006c   Code   RO         3452    i.ui_prepare_names  ui_g.o
    0x08012764   0x08012764   0x0000001a   Code   RO         3342    i.ui_proc_1_frame   ui_interface.o
    0x0801277e   0x0801277e   0x0000001a   Code   RO         3343    i.ui_proc_2_frame   ui_interface.o
    0x08012798   0x08012798   0x0000001a   Code   RO         3344    i.ui_proc_5_frame   ui_interface.o
    0x080127b2   0x080127b2   0x0000001a   Code   RO         3345    i.ui_proc_7_frame   ui_interface.o
    0x080127cc   0x080127cc   0x0000001a   Code   RO         3346    i.ui_proc_delete_frame  ui_interface.o
    0x080127e6   0x080127e6   0x0000002e   Code   RO         3347    i.ui_proc_string_frame  ui_interface.o
    0x08012814   0x08012814   0x00000060   Code   RO         3453    i.ui_refresh_dirty_figures  ui_g.o
    0x08012874   0x08012874   0x000000dc   Code   RO         3454    i.ui_refresh_fragile_create_g  ui_g.o
    0x08012950   0x08012950   0x00000016   Code   RO         2593    i.ui_reinit_overlay  test_task.o
    0x08012966   0x08012966   0x00000002   PAD
    0x08012968   0x08012968   0x0000012c   Code   RO         3348    i.ui_scan_and_send  ui_interface.o
    0x08012a94   0x08012a94   0x00000094   Code   RO         3455    i.ui_send_dirty_figures  ui_g.o
    0x08012b28   0x08012b28   0x0000009c   Code   RO         3349    i.ui_send_figure_pack  ui_interface.o
    0x08012bc4   0x08012bc4   0x00000074   Code   RO         3456    i.ui_send_figure_subset  ui_g.o
    0x08012c38   0x08012c38   0x00000038   Code   RO         3457    i.ui_send_single_string  ui_g.o
    0x08012c70   0x08012c70   0x00000130   Code   RO         3458    i.ui_update_g       ui_g.o
    0x08012da0   0x08012da0   0x00000584   Code   RO         2594    i.ui_update_overlay  test_task.o
    0x08013324   0x08013324   0x00000018   Code   RO         2595    i.ui_wrap_angle_u32  test_task.o
    0x0801333c   0x0801333c   0x00000034   Code   RO         2830    i.uint_to_float     dm_8009_drv.o
    0x08013370   0x08013370   0x00000138   Code   RO         2119    i.usart6_init       bsp_usart.o
    0x080134a8   0x080134a8   0x00000026   Code   RO         9620    i.uxListRemove      list.o
    0x080134ce   0x080134ce   0x00000002   PAD
    0x080134d0   0x080134d0   0x00000014   Code   RO        10019    i.uxTaskGetStackHighWaterMark  tasks.o
    0x080134e4   0x080134e4   0x00000018   Code   RO          476    i.vApplicationGetIdleTaskMemory  freertos.o
    0x080134fc   0x080134fc   0x00000018   Code   RO          477    i.vApplicationGetTimerTaskMemory  freertos.o
    0x08013514   0x08013514   0x00000016   Code   RO         9621    i.vListInitialise   list.o
    0x0801352a   0x0801352a   0x00000006   Code   RO         9622    i.vListInitialiseItem  list.o
    0x08013530   0x08013530   0x00000036   Code   RO         9623    i.vListInsert       list.o
    0x08013566   0x08013566   0x00000018   Code   RO         9624    i.vListInsertEnd    list.o
    0x0801357e   0x0801357e   0x00000002   PAD
    0x08013580   0x08013580   0x00000040   Code   RO        10974    i.vPortEnterCritical  port.o
    0x080135c0   0x080135c0   0x0000002c   Code   RO        10975    i.vPortExitCritical  port.o
    0x080135ec   0x080135ec   0x00000064   Code   RO        10918    i.vPortFree         heap_4.o
    0x08013650   0x08013650   0x00000024   Code   RO        10976    i.vPortSetupTimerInterrupt  port.o
    0x08013674   0x08013674   0x00000054   Code   RO        10977    i.vPortValidateInterruptPriority  port.o
    0x080136c8   0x080136c8   0x00000028   Code   RO         9671    i.vQueueAddToRegistry  queue.o
    0x080136f0   0x080136f0   0x0000004a   Code   RO         9674    i.vQueueWaitForMessageRestricted  queue.o
    0x0801373a   0x0801373a   0x00000002   PAD
    0x0801373c   0x0801373c   0x00000050   Code   RO        10023    i.vTaskDelay        tasks.o
    0x0801378c   0x0801378c   0x00000010   Code   RO        10027    i.vTaskInternalSetTimeOutState  tasks.o
    0x0801379c   0x0801379c   0x0000000c   Code   RO        10028    i.vTaskMissedYield  tasks.o
    0x080137a8   0x080137a8   0x00000034   Code   RO        10030    i.vTaskPlaceOnEventList  tasks.o
    0x080137dc   0x080137dc   0x0000003c   Code   RO        10031    i.vTaskPlaceOnEventListRestricted  tasks.o
    0x08013818   0x08013818   0x00000090   Code   RO        10038    i.vTaskStartScheduler  tasks.o
    0x080138a8   0x080138a8   0x00000010   Code   RO        10040    i.vTaskSuspendAll   tasks.o
    0x080138b8   0x080138b8   0x00000060   Code   RO        10041    i.vTaskSwitchContext  tasks.o
    0x08013918   0x08013918   0x00000040   Code   RO        11054    i.verify_CRC16_check_sum  crc8_crc16.o
    0x08013958   0x08013958   0x0000002e   Code   RO        11055    i.verify_CRC8_check_sum  crc8_crc16.o
    0x08013986   0x08013986   0x00000002   PAD
    0x08013988   0x08013988   0x00000104   Code   RO        10978    i.xPortStartScheduler  port.o
    0x08013a8c   0x08013a8c   0x0000002c   Code   RO        10979    i.xPortSysTickHandler  port.o
    0x08013ab8   0x08013ab8   0x00000070   Code   RO         9678    i.xQueueGenericCreateStatic  queue.o
    0x08013b28   0x08013b28   0x00000090   Code   RO         9679    i.xQueueGenericReset  queue.o
    0x08013bb8   0x08013bb8   0x00000170   Code   RO         9680    i.xQueueGenericSend  queue.o
    0x08013d28   0x08013d28   0x000000be   Code   RO         9681    i.xQueueGenericSendFromISR  queue.o
    0x08013de6   0x08013de6   0x00000002   PAD
    0x08013de8   0x08013de8   0x00000148   Code   RO         9689    i.xQueueReceive     queue.o
    0x08013f30   0x08013f30   0x00000098   Code   RO        10044    i.xTaskCheckForTimeOut  tasks.o
    0x08013fc8   0x08013fc8   0x0000006c   Code   RO        10045    i.xTaskCreate       tasks.o
    0x08014034   0x08014034   0x00000060   Code   RO        10046    i.xTaskCreateStatic  tasks.o
    0x08014094   0x08014094   0x0000001c   Code   RO        10051    i.xTaskGetSchedulerState  tasks.o
    0x080140b0   0x080140b0   0x0000000c   Code   RO        10052    i.xTaskGetTickCount  tasks.o
    0x080140bc   0x080140bc   0x000000d4   Code   RO        10054    i.xTaskIncrementTick  tasks.o
    0x08014190   0x08014190   0x0000009c   Code   RO        10057    i.xTaskPriorityDisinherit  tasks.o
    0x0801422c   0x0801422c   0x00000078   Code   RO        10059    i.xTaskRemoveFromEventList  tasks.o
    0x080142a4   0x080142a4   0x000000cc   Code   RO        10060    i.xTaskResumeAll    tasks.o
    0x08014370   0x08014370   0x00000068   Code   RO        10384    i.xTimerCreateTimerTask  timers.o
    0x080143d8   0x080143d8   0x00000074   Code   RO        10385    i.xTimerGenericCommand  timers.o
    0x0801444c   0x0801444c   0x00000070   Code   RO         3053    i.xvEstimateKF_Init  observe_task.o
    0x080144bc   0x080144bc   0x00000074   Code   RO         3054    i.xvEstimateKF_Update  observe_task.o
    0x08014530   0x08014530   0x000002c4   Code   RO        11818    x$fpl$d2f           g_wm.l(d2f_clz.o)
    0x080147f4   0x080147f4   0x0000024c   Code   RO        11820    x$fpl$dadd          g_wm.l(daddsub_clz.o)
    0x08014a40   0x08014a40   0x00000018   Code   RO        12050    x$fpl$dcmpinf       g_wm.l(dcmpi.o)
    0x08014a58   0x08014a58   0x0000037c   Code   RO        11827    x$fpl$ddiv          g_wm.l(ddiv_clz.o)
    0x08014dd4   0x08014dd4   0x000000dc   Code   RO        11830    x$fpl$dfixu         g_wm.l(dfixu.o)
    0x08014eb0   0x08014eb0   0x0000001a   Code   RO        11836    x$fpl$dfltn         g_wm.l(dflt_clz.o)
    0x08014eca   0x08014eca   0x00000002   PAD
    0x08014ecc   0x08014ecc   0x00000078   Code   RO        11840    x$fpl$dleqf         g_wm.l(dleqf.o)
    0x08014f44   0x08014f44   0x00000102   Code   RO        12052    x$fpl$dnaninf       g_wm.l(dnaninf.o)
    0x08015046   0x08015046   0x00000070   Code   RO        12054    x$fpl$drenorm       g_wm.l(drenorm_clz.o)
    0x080150b6   0x080150b6   0x0000000c   Code   RO        12056    x$fpl$dretinf       g_wm.l(dretinf.o)
    0x080150c2   0x080150c2   0x00000062   Code   RO        11842    x$fpl$drleqf        g_wm.l(drleqf.o)
    0x08015124   0x08015124   0x00000050   Code   RO        11821    x$fpl$drsb          g_wm.l(daddsub_clz.o)
    0x08015174   0x08015174   0x00000208   Code   RO        12058    x$fpl$dsqrt         g_wm.l(dsqrt_umaalclz.o)
    0x0801537c   0x0801537c   0x0000029c   Code   RO        11822    x$fpl$dsub          g_wm.l(daddsub_clz.o)
    0x08015618   0x08015618   0x0000017a   Code   RO        12060    x$fpl$dunder        g_wm.l(dunder_clz.o)
    0x08015792   0x08015792   0x00000002   PAD
    0x08015794   0x08015794   0x000001ec   Code   RO        12062    x$fpl$exception     g_wm.l(except.o)
    0x08015980   0x08015980   0x0000007a   Code   RO        11844    x$fpl$f2d           g_wm.l(f2d.o)
    0x080159fa   0x080159fa   0x0000000e   Code   RO        12065    x$fpl$ffixr         g_wm.l(ffix.o)
    0x08015a08   0x08015a08   0x000000f2   Code   RO        12068    x$fpl$fnaninf       g_wm.l(fnaninf.o)
    0x08015afa   0x08015afa   0x0000000a   Code   RO        12183    x$fpl$fpinit        g_wm.l(fpinit.o)
    0x08015b04   0x08015b04   0x0000000a   Code   RO        12070    x$fpl$fretinf       g_wm.l(fretinf.o)
    0x08015b0e   0x08015b0e   0x00000002   PAD
    0x08015b10   0x08015b10   0x000000ac   Code   RO        12072    x$fpl$frnd          g_wm.l(frnd.o)
    0x08015bbc   0x08015bbc   0x0000013c   Code   RO        12074    x$fpl$funder        g_wm.l(funder_clz.o)
    0x08015cf8   0x08015cf8   0x000000b2   Code   RO        12187    x$fpl$retnan        g_wm.l(retnan.o)
    0x08015daa   0x08015daa   0x0000007e   Code   RO        12076    x$fpl$trapveneer    g_wm.l(trapv.o)
    0x08015e28   0x08015e28   0x00000000   Code   RO        12078    x$fpl$usenofp       g_wm.l(usenofp.o)
    0x08015e28   0x08015e28   0x000000c4   Data   RO          479    .constdata          freertos.o
    0x08015eec   0x08015eec   0x00000018   Data   RO         1252    .constdata          system_stm32f4xx.o
    0x08015f04   0x08015f04   0x0000000c   Data   RO         2440    .constdata          detect_task.o
    0x08015f10   0x08015f10   0x00000100   Data   RO         2597    .constdata          test_task.o
    0x08016010   0x08016010   0x00000030   Data   RO         2731    .constdata          chassisr_task.o
    0x08016040   0x08016040   0x00000018   Data   RO         2910    .constdata          chassisl_task.o
    0x08016058   0x08016058   0x00000010   Data   RO         3056    .constdata          observe_task.o
    0x08016068   0x08016068   0x00000024   Data   RO         3257    .constdata          shoot.o
    0x0801608c   0x0801608c   0x00000017   Data   RO         3460    .constdata          ui_g.o
    0x080160a3   0x080160a3   0x00000001   PAD
    0x080160a4   0x080160a4   0x00000030   Data   RO         4308    .constdata          ins_task.o
    0x080160d4   0x080160d4   0x00000090   Data   RO         4390    .constdata          quaternionekf.o
    0x08016164   0x08016164   0x00000008   Data   RO         4720    .constdata          chassis_power_control.o
    0x0801616c   0x0801616c   0x00000008   Data   RO         5513    .constdata          stm32f4xx_hal_dma.o
    0x08016174   0x08016174   0x00000302   Data   RO        11056    .constdata          crc8_crc16.o
    0x08016476   0x08016476   0x00000002   PAD
    0x08016478   0x08016478   0x00000804   Data   RO        11676    .constdata          arm_cortexM4lf_math.lib(arm_common_tables.o)
    0x08016c7c   0x08016c7c   0x00000020   Data   RO        12096    .constdata          m_wm.l(rredf.o)
    0x08016c9c   0x08016c9c   0x00000051   Data   RO          480    .conststring        freertos.o
    0x08016ced   0x08016ced   0x00000003   PAD
    0x08016cf0   0x08016cf0   0x00000020   Data   RO        12280    Region$$Table       anon$$obj.o


    Execution Region RW_IRAM1 (Exec base: 0x20000000, Load base: 0x08016d10, Size: 0x0000dc40, Max: 0x00020000, ABSOLUTE, COMPRESSED[0x000001ec])

    Exec Addr    Load Addr    Size         Type   Attr      Idx    E Section Name        Object

    0x20000000   COMPRESSED   0x00000028   Data   RW          481    .data               freertos.o
    0x20000028   COMPRESSED   0x00000004   Data   RW          590    .data               can.o
    0x2000002c   COMPRESSED   0x00000008   Data   RW          637    .data               crc.o
    0x20000034   COMPRESSED   0x00000004   Data   RW         1253    .data               system_stm32f4xx.o
    0x20000038   COMPRESSED   0x00000008   Data   RW         1442    .data               bsp_delay.o
    0x20000040   COMPRESSED   0x00000040   Data   RW         1677    .data               bsp_dwt.o
    0x20000080   COMPRESSED   0x00000014   Data   RW         2203    .data               can_receive.o
    0x20000094   COMPRESSED   0x00000009   Data   RW         2441    .data               detect_task.o
    0x2000009d   COMPRESSED   0x00000001   PAD
    0x2000009e   COMPRESSED   0x00000002   Data   RW         2522    .data               remote_control.o
    0x200000a0   COMPRESSED   0x0000002f   Data   RW         2598    .data               test_task.o
    0x200000cf   COMPRESSED   0x00000001   PAD
    0x200000d0   COMPRESSED   0x000001e1   Data   RW         2732    .data               chassisr_task.o
    0x200002b1   COMPRESSED   0x00000001   PAD
    0x200002b2   COMPRESSED   0x0000000a   Data   RW         2833    .data               dm_8009_drv.o
    0x200002bc   COMPRESSED   0x0000004e   Data   RW         2911    .data               chassisl_task.o
    0x2000030a   COMPRESSED   0x00000002   PAD
    0x2000030c   COMPRESSED   0x0000006c   Data   RW         3057    .data               observe_task.o
    0x20000378   COMPRESSED   0x00000047   Data   RW         3123    .data               referee.o
    0x200003bf   COMPRESSED   0x00000001   PAD
    0x200003c0   COMPRESSED   0x00000002   Data   RW         3200    .data               referee_usart_task.o
    0x200003c2   COMPRESSED   0x00000002   PAD
    0x200003c4   COMPRESSED   0x0000001e   Data   RW         3258    .data               shoot.o
    0x200003e2   COMPRESSED   0x00000003   Data   RW         3351    .data               ui_interface.o
    0x200003e5   COMPRESSED   0x00000016   Data   RW         3461    .data               ui_g.o
    0x200003fb   COMPRESSED   0x00000001   PAD
    0x200003fc   COMPRESSED   0x00000048   Data   RW         3551    .data               bmi088driver.o
    0x20000444   COMPRESSED   0x00000004   Data   RW         3632    .data               bmi088middleware.o
    0x20000448   COMPRESSED   0x0000002c   Data   RW         4157    .data               vmc_calc.o
    0x20000474   COMPRESSED   0x00000004   Data   RW         4225    .data               kalman_filter.o
    0x20000478   COMPRESSED   0x00000018   Data   RW         4309    .data               ins_task.o
    0x20000490   COMPRESSED   0x000000d4   Data   RW         4391    .data               quaternionekf.o
    0x20000564   COMPRESSED   0x00000010   Data   RW         4721    .data               chassis_power_control.o
    0x20000574   COMPRESSED   0x0000000c   Data   RW         5953    .data               stm32f4xx_hal.o
    0x20000580   COMPRESSED   0x0000003c   Data   RW        10063    .data               tasks.o
    0x200005bc   COMPRESSED   0x00000014   Data   RW        10393    .data               timers.o
    0x200005d0   COMPRESSED   0x00000020   Data   RW        10924    .data               heap_4.o
    0x200005f0   COMPRESSED   0x0000000c   Data   RW        10980    .data               port.o
    0x200005fc   COMPRESSED   0x00000002   Data   RW        11057    .data               crc8_crc16.o
    0x200005fe   COMPRESSED   0x00000002   PAD
    0x20000600        -       0x000006a8   Zero   RW          478    .bss                freertos.o
    0x20000ca8        -       0x00000050   Zero   RW          589    .bss                can.o
    0x20000cf8        -       0x0000015c   Zero   RW          708    .bss                i2c.o
    0x20000e54        -       0x00000010   Zero   RW          760    .bss                rng.o
    0x20000e64        -       0x00000020   Zero   RW          802    .bss                rtc.o
    0x20000e84        -       0x00000170   Zero   RW          845    .bss                spi.o
    0x20000ff4        -       0x000001b0   Zero   RW          898    .bss                tim.o
    0x200011a4        -       0x000002b8   Zero   RW          972    .bss                usart.o
    0x2000145c        -       0x000004e4   Zero   RW         1024    .bss                usb_otg.o
    0x20001940        -       0x00000014   Zero   RW         1779    .bss                candata_analysis.o
    0x20001954        -       0x00000150   Zero   RW         2202    .bss                can_receive.o
    0x20001aa4        -       0x0000006c   Zero   RW         2439    .bss                detect_task.o
    0x20001b10        -       0x0000005e   Zero   RW         2521    .bss                remote_control.o
    0x20001b6e        -       0x00000061   Zero   RW         2596    .bss                test_task.o
    0x20001bcf   COMPRESSED   0x00000001   PAD
    0x20001bd0        -       0x000006e4   Zero   RW         2730    .bss                chassisr_task.o
    0x200022b4        -       0x00000048   Zero   RW         2832    .bss                dm_8009_drv.o
    0x200022fc        -       0x00000158   Zero   RW         2909    .bss                chassisl_task.o
    0x20002454        -       0x00000144   Zero   RW         3055    .bss                observe_task.o
    0x20002598        -       0x00000079   Zero   RW         3122    .bss                referee.o
    0x20002611   COMPRESSED   0x00000003   PAD
    0x20002614        -       0x000008a1   Zero   RW         3199    .bss                referee_usart_task.o
    0x20002eb5   COMPRESSED   0x00000003   PAD
    0x20002eb8        -       0x00000204   Zero   RW         3256    .bss                shoot.o
    0x200030bc        -       0x00000159   Zero   RW         3350    .bss                ui_interface.o
    0x20003215        -       0x000002a1   Zero   RW         3459    .bss                ui_g.o
    0x200034b6   COMPRESSED   0x00000002   PAD
    0x200034b8        -       0x00000040   Zero   RW         3550    .bss                bmi088driver.o
    0x200034f8        -       0x00000030   Zero   RW         4156    .bss                vmc_calc.o
    0x20003528        -       0x000001f6   Zero   RW         4307    .bss                ins_task.o
    0x2000371e   COMPRESSED   0x00000002   PAD
    0x20003720        -       0x00000270   Zero   RW         4389    .bss                quaternionekf.o
    0x20003990        -       0x00000010   Zero   RW         4719    .bss                chassis_power_control.o
    0x200039a0        -       0x00000040   Zero   RW         9692    .bss                queue.o
    0x200039e0        -       0x000000f0   Zero   RW        10062    .bss                tasks.o
    0x20003ad0        -       0x00000110   Zero   RW        10392    .bss                timers.o
    0x20003be0        -       0x00006000   Zero   RW        10923    .bss                heap_4.o
    0x20009be0        -       0x00000060   Zero   RW        12101    .bss                c_w.l(libspace.o)
    0x20009c40        -       0x00002000   Zero   RW            2    HEAP                startup_stm32f407xx.o
    0x2000bc40        -       0x00002000   Zero   RW            1    STACK               startup_stm32f407xx.o


==============================================================================

Image component sizes


      Code (inc. data)   RO Data    RW Data    ZI Data      Debug   Object Name

      2882        174          0         72         64      10333   bmi088driver.o
       116         30          0          4          0       3364   bmi088middleware.o
        36         12          0          0          0     594521   bsp_buzzer.o
        92          8          0          0          0        598   bsp_can.o
        48         16          0          8          0        685   bsp_delay.o
       580        112          0         64          0       4618   bsp_dwt.o
       124         14          0          0          0        526   bsp_i2c.o
       156         14          0          0          0       1034   bsp_rc.o
       312         26          0          0          0       1165   bsp_usart.o
       488         44          0          4         80       2450   can.o
      1140         96          0         20        336     610842   can_receive.o
        10          0          0          0         20       2157   candata_analysis.o
       648         44          8         16         16       6368   chassis_power_control.o
      2772        268         24         78        344      26084   chassisl_task.o
      7352        940         48        481       1764      13632   chassisr_task.o
       130          0          0          0          0      23007   cmsis_os.o
       188          4          0          0          0       5849   controller.o
        84         18          0          8          0       1507   crc.o
       282         20        770          2          0       5242   crc8_crc16.o
      1328         46         12          9        108       3745   detect_task.o
       756         42          0         10         72       6363   dm_8009_drv.o
       200          6          0          0          0        862   dma.o
         0          0          0          0          0      20756   event_groups.o
       258          0          0          0          0      10451   fifo.o
       292         52        277         40       1704      16901   freertos.o
       508         20          0          0          0     735987   gpio.o
       504         32          0         32      24576       5103   heap_4.o
       680         78          0          0        348       3132   i2c.o
      1740        118         48         24        502       8354   ins_task.o
         0          0          0          0          0       4948   ist8310driver_middleware.o
      3160         26          0          4          0      22547   kalman_filter.o
       144          0          0          0          0       3658   list.o
      1160         16          0          0          0       4761   mahony_filter.o
       326         14          0          0          0     707570   main.o
       700         94         16        108        324       7605   observe_task.o
      1756         28          0          0          0       4748   pid.o
       814         92          0         12          0      12145   port.o
      2568        160        144        212        624      10351   quaternionekf.o
      1586         24          0          0         64      17844   queue.o
       808        188          0         71        121       4179   referee.o
       684         50          0          2       2209       3908   referee_usart_task.o
       550         36          0          2         94       3095   remote_control.o
        84         18          0          0         16       1507   rng.o
       116         22          0          0         32       1547   rtc.o
      2832        260         36         30        516       7403   shoot.o
       600         56          0          0        368       2604   spi.o
        64         26        392          0      16384        856   startup_stm32f407xx.o
       188         30          0         12          0       9513   stm32f4xx_hal.o
      1992          6          0          0          0      15203   stm32f4xx_hal_can.o
       208         16          0          0          0      33603   stm32f4xx_hal_cortex.o
        36          0          0          0          0       1091   stm32f4xx_hal_crc.o
      1104         18          8          0          0       5911   stm32f4xx_hal_dma.o
       596         24          0          0          0       3624   stm32f4xx_hal_gpio.o
       428         18          0          0          0       2223   stm32f4xx_hal_i2c.o
        84          6          0          0          0        858   stm32f4xx_hal_msp.o
      2128         12          0          0          0      13866   stm32f4xx_hal_pcd.o
         2          0          0          0          0       1009   stm32f4xx_hal_pcd_ex.o
      1722        104          0          0          0       6640   stm32f4xx_hal_rcc.o
       380         34          0          0          0       1548   stm32f4xx_hal_rcc_ex.o
        52          0          0          0          0       1123   stm32f4xx_hal_rng.o
       334          4          0          0          0       3459   stm32f4xx_hal_rtc.o
      1074         16          0          0          0       5037   stm32f4xx_hal_spi.o
      1782         56          0          0          0      13851   stm32f4xx_hal_tim.o
       256          0          0          0          0       2356   stm32f4xx_hal_tim_ex.o
      1824          8          0          0          0      13012   stm32f4xx_hal_uart.o
       208         48          0          0          0      16793   stm32f4xx_it.o
      1704         72          0          0          0      17827   stm32f4xx_ll_usb.o
       100         18         24          4          0       1191   system_stm32f4xx.o
      2324        202          0         60        240      29656   tasks.o
      2856        276        256         47         97      12295   test_task.o
      1792        148          0          0        432       6579   tim.o
      1088         94          0         20        272      31075   timers.o
      3664        182         23         22        673      11831   ui_g.o
       802         46          0          3        345      10364   ui_interface.o
      1004         94          0          0        696       3595   usart.o
       224         12          0          0       1252       1761   usb_otg.o
       342          6          0          0          0       6026   user_lib.o
      3276        102          0         44         48       7125   vmc_calc.o

    ----------------------------------------------------------------------
     75314       4996       2124       1536      54752    3236957   Object Totals
         0          0         32          0          0          0   (incl. Generated)
        82          0          6         11         11          0   (incl. Padding)

    ----------------------------------------------------------------------

      Code (inc. data)   RO Data    RW Data    ZI Data      Debug   Library Member Name

         0          0       2052          0          0       4636   arm_common_tables.o
       120         12          0          0          0      16970   arm_cos_f32.o
       264          0          0          0          0       1482   arm_mat_add_f32.o
         8          0          0          0          0        843   arm_mat_init_f32.o
      1328          4          0          0          0       2718   arm_mat_inverse_f32.o
       316          4          0          0          0       1627   arm_mat_mult_f32.o
       264          0          0          0          0       1482   arm_mat_sub_f32.o
       276          0          0          0          0       1516   arm_mat_trans_f32.o
       116         12          0          0          0        658   arm_sin_f32.o
       100          0          0          0          0          0   __dclz77c.o
         8          0          0          0          0         68   __main.o
         0          0          0          0          0          0   __rtentry.o
        12          0          0          0          0          0   __rtentry2.o
         6          0          0          0          0          0   __rtentry4.o
        52          8          0          0          0          0   __scatter.o
        28          0          0          0          0          0   __scatter_zi.o
        48          4          0          0          0         84   _fptrap.o
        22          0          0          0          0        100   _rserrno.o
        16          0          0          0          0         68   aeabi_memset.o
        10          0          0          0          0         68   defsig_exit.o
       172        110          0          0          0         76   defsig_fpe_inner.o
        14          0          0          0          0         80   defsig_fpe_outer.o
        50          0          0          0          0         88   defsig_general.o
        80         58          0          0          0         76   defsig_rtmem_inner.o
        14          0          0          0          0         80   defsig_rtmem_outer.o
        18          0          0          0          0         80   exit.o
        94          0          0          0          0         80   h1_alloc.o
        52          0          0          0          0         68   h1_extend.o
        78          0          0          0          0         80   h1_free.o
        14          0          0          0          0         84   h1_init.o
         6          0          0          0          0        152   heapauxi.o
         4          0          0          0          0        136   hguard.o
         0          0          0          0          0          0   indicate_semi.o
       138          0          0          0          0        168   init_alloc.o
         2          0          0          0          0          0   libinit.o
        14          0          0          0          0          0   libinit2.o
         2          0          0          0          0          0   libshutdown.o
         2          0          0          0          0          0   libshutdown2.o
         8          4          0          0         96         68   libspace.o
       238          0          0          0          0        100   lludivv7m.o
         0          0          0          0          0          0   maybetermalloc1.o
        88          0          0          0          0         76   memcmp.o
         8          4          0          0          0         68   rt_errno_addr_intlibspace.o
         8          4          0          0          0         68   rt_heap_descriptor_intlibspace.o
        68          0          0          0          0         68   rt_memclr.o
        78          0          0          0          0         80   rt_memclr_w.o
       138          0          0          0          0         68   rt_memcpy_v6.o
       100          0          0          0          0         80   rt_memcpy_w.o
         2          0          0          0          0          0   rtexit.o
        10          0          0          0          0          0   rtexit2.o
        62          0          0          0          0         76   strlen.o
        86          0          0          0          0         76   strncpy.o
        12          4          0          0          0         68   sys_exit.o
        74          0          0          0          0         80   sys_stackheap_outer.o
        14          0          0          0          0         76   sys_wrch.o
         2          0          0          0          0         68   use_no_semi.o
       708         16          0          0          0        140   d2f_clz.o
      1336         32          0          0          0        532   daddsub_clz.o
        24          0          0          0          0        116   dcmpi.o
       892        152          0          0          0        292   ddiv_clz.o
       220         16          0          0          0        192   dfixu.o
        26          0          0          0          0        116   dflt_clz.o
       120          8          0          0          0        140   dleqf.o
       258          4          0          0          0        156   dnaninf.o
       112          0          0          0          0        160   drenorm_clz.o
        12          0          0          0          0        116   dretinf.o
        98          0          0          0          0        128   drleqf.o
       520         56          0          0          0        180   dsqrt_umaalclz.o
       378          0          0          0          0        168   dunder_clz.o
       492         36          0          0          0        148   except.o
       122          8          0          0          0        132   f2d.o
        14          0          0          0          0        116   ffix.o
       242          4          0          0          0        144   fnaninf.o
        10          0          0          0          0        116   fpinit.o
        10          0          0          0          0        116   fretinf.o
       172         12          0          0          0        124   frnd.o
       316          0          0          0          0        132   funder_clz.o
       178          0          0          0          0        116   retnan.o
       126          0          0          0          0        148   trapv.o
         0          0          0          0          0          0   usenofp.o
       280         46          0          0          0        176   acosf.o
       300         42          0          0          0        176   asinf.o
       592         90          0          0          0        184   atan2f.o
       336         56          0          0          0        136   cosf.o
        20          0          0          0          0        124   fabs.o
        38          0          0          0          0        116   fpclassifyf.o
        44         12          0          0          0        464   funder.o
       194          0          0          0          0        144   lroundf.o
       340         24         32          0          0        160   rredf.o
       400         56          0          0          0        212   sinf.o
       122          0          0          0          0        148   sqrt_full.o
       120          0          0          0          0        272   sqrtf_full.o

    ----------------------------------------------------------------------
     13934        898       2084          0         96      40728   Library Totals
        18          0          0          0          0          0   (incl. Padding)

    ----------------------------------------------------------------------

      Code (inc. data)   RO Data    RW Data    ZI Data      Debug   Library Name

      2692         32       2052          0          0      31932   arm_cortexM4lf_math.lib
      2052        196          0          0         96       2756   c_w.l
      6386        344          0          0          0       3728   g_wm.l
      2786        326         32          0          0       2312   m_wm.l

    ----------------------------------------------------------------------
     13934        898       2084          0         96      40728   Library Totals

    ----------------------------------------------------------------------

==============================================================================


      Code (inc. data)   RO Data    RW Data    ZI Data      Debug   

     89248       5894       4208       1536      54848    3230725   Grand Totals
     89248       5894       4208        492      54848    3230725   ELF Image Totals (compressed)
     89248       5894       4208        492          0          0   ROM Totals

==============================================================================

    Total RO  Size (Code + RO Data)                93456 (  91.27kB)
    Total RW  Size (RW Data + ZI Data)             56384 (  55.06kB)
    Total ROM Size (Code + RO Data + RW Data)      93948 (  91.75kB)

==============================================================================

