<html>
<body>
<pre>
<h1>µVision Build Log</h1>
<h2>Tool Versions:</h2>
IDE-Version: µVision V5.31.0.0
Copyright (C) 2020 ARM Ltd and ARM Germany GmbH. All rights reserved.
License Information: peng ye, qwe, LIC=FYKYW-Q5IGT-GKZBG-VL0WJ-65JIP-VDTZU
 
Tool Versions:
Toolchain:       MDK-ARM Plus  Version: 5.31.0.0
Toolchain Path:  C:\Keil_v5\ARM\ARMCC\Bin
C Compiler:      Armcc.exe V5.06 update 6 (build 750)
Assembler:       Armasm.exe V5.06 update 6 (build 750)
Linker/Locator:  ArmLink.exe V5.06 update 6 (build 750)
Library Manager: ArmAr.exe V5.06 update 6 (build 750)
Hex Converter:   FromElf.exe V5.06 update 6 (build 750)
CPU DLL:         SARMCM3.DLL V5.31.0.0
Dialog DLL:      DCM.DLL V1.17.3.0
Target DLL:      CMSIS_AGDI.dll V1.32.6.0
Dialog DLL:      TCM.DLL V1.46.0.0
 
<h2>Project:</h2>
D:\RM_code\code_rmuc\chassis\chassis\1.12VMC\1.12\MDK-ARM\chassis_task.uvprojx
Project File Date:  04/02/2026

<h2>Output:</h2>
*** Using Compiler 'V5.06 update 6 (build 750)', folder: 'C:\Keil_v5\ARM\ARMCC\Bin'
Build target 'chassis_task'
compiling shoot.c...
..\application\shoot.c(87): warning:  #174-D: expression has no effect
      SHOOT_ON_KEYBOARD;
..\application\shoot.c(233): warning:  #188-D: enumerated type mixed with another type
              shoot_control.shoot_mode = 1; // ??????
..\application\shoot.c(237): warning:  #188-D: enumerated type mixed with another type
              shoot_control.shoot_mode = 2; // ??????
..\application\shoot.c(261): warning:  #188-D: enumerated type mixed with another type
                shoot_control.shoot_mode = 1;//??????
..\application\shoot.c(267): warning:  #188-D: enumerated type mixed with another type
                  shoot_control.shoot_mode = 2;//?????? Single shot
..\application\shoot.c(275): warning:  #188-D: enumerated type mixed with another type
          shoot_control.shoot_mode = 2; // ????????????
..\application\shoot.c(280): warning:  #188-D: enumerated type mixed with another type
          shoot_control.shoot_mode = 0;
..\application\shoot.c(387): warning:  #188-D: enumerated type mixed with another type
                  shoot_control.shoot_mode = 0;
..\application\shoot.c(404): warning:  #188-D: enumerated type mixed with another type
                  shoot_control.shoot_mode=0;
..\application\shoot.c(450): warning:  #188-D: enumerated type mixed with another type
                      shoot_control.shoot_mode = 0;
..\application\shoot.c: 10 warnings, 0 errors
linking...
Program Size: Code=87696 RO-data=4208 RW-data=1528 ZI-data=54816  
FromELF: creating hex file...
"chassis_task\chassis_task.axf" - 0 Error(s), 10 Warning(s).

<h2>Software Packages used:</h2>

Package Vendor: ARM
                http://www.keil.com/pack/ARM.CMSIS.5.7.0.pack
                ARM.CMSIS.5.7.0
                CMSIS (Cortex Microcontroller Software Interface Standard)
   * Component: CORE Version: 5.4.0

Package Vendor: Keil
                http://www.keil.com/pack/Keil.STM32F4xx_DFP.2.14.0.pack
                Keil.STM32F4xx_DFP.2.14.0
                STMicroelectronics STM32F4 Series Device Support, Drivers and Examples

<h2>Collection of Component include folders:</h2>
  .\RTE\_chassis_task
  C:\Users\r9000p\AppData\Local\Arm\Packs\ARM\CMSIS\5.7.0\CMSIS\Core\Include
  C:\Users\r9000p\AppData\Local\Arm\Packs\Keil\STM32F4xx_DFP\2.14.0\Drivers\CMSIS\Device\ST\STM32F4xx\Include

<h2>Collection of Component Files used:</h2>

   * Component: ARM::CMSIS:CORE:5.4.0
Build Time Elapsed:  00:00:05
</pre>
</body>
</html>
