Component: ARM Compiler 5.06 update 6 (build 750) Tool: armlink [4d35ed]

==============================================================================

Section Cross References

    startup_stm32f407xx.o(STACK) refers (Special) to heapauxi.o(.text) for __use_two_region_memory
    startup_stm32f407xx.o(HEAP) refers (Special) to heapauxi.o(.text) for __use_two_region_memory
    startup_stm32f407xx.o(RESET) refers (Special) to heapauxi.o(.text) for __use_two_region_memory
    startup_stm32f407xx.o(RESET) refers to startup_stm32f407xx.o(STACK) for __initial_sp
    startup_stm32f407xx.o(RESET) refers to startup_stm32f407xx.o(.text) for Reset_Handler
    startup_stm32f407xx.o(RESET) refers to stm32f4xx_it.o(i.NMI_Handler) for NMI_Handler
    startup_stm32f407xx.o(RESET) refers to stm32f4xx_it.o(i.HardFault_Handler) for HardFault_Handler
    startup_stm32f407xx.o(RESET) refers to stm32f4xx_it.o(i.MemManage_Handler) for MemManage_Handler
    startup_stm32f407xx.o(RESET) refers to stm32f4xx_it.o(i.BusFault_Handler) for BusFault_Handler
    startup_stm32f407xx.o(RESET) refers to stm32f4xx_it.o(i.UsageFault_Handler) for UsageFault_Handler
    startup_stm32f407xx.o(RESET) refers to port.o(.emb_text) for SVC_Handler
    startup_stm32f407xx.o(RESET) refers to stm32f4xx_it.o(i.DebugMon_Handler) for DebugMon_Handler
    startup_stm32f407xx.o(RESET) refers to stm32f4xx_it.o(i.SysTick_Handler) for SysTick_Handler
    startup_stm32f407xx.o(RESET) refers to stm32f4xx_it.o(i.EXTI0_IRQHandler) for EXTI0_IRQHandler
    startup_stm32f407xx.o(RESET) refers to stm32f4xx_it.o(i.EXTI3_IRQHandler) for EXTI3_IRQHandler
    startup_stm32f407xx.o(RESET) refers to stm32f4xx_it.o(i.EXTI4_IRQHandler) for EXTI4_IRQHandler
    startup_stm32f407xx.o(RESET) refers to stm32f4xx_it.o(i.CAN1_RX0_IRQHandler) for CAN1_RX0_IRQHandler
    startup_stm32f407xx.o(RESET) refers to stm32f4xx_it.o(i.EXTI9_5_IRQHandler) for EXTI9_5_IRQHandler
    startup_stm32f407xx.o(RESET) refers to stm32f4xx_it.o(i.USART1_IRQHandler) for USART1_IRQHandler
    startup_stm32f407xx.o(RESET) refers to remote_control.o(i.USART3_IRQHandler) for USART3_IRQHandler
    startup_stm32f407xx.o(RESET) refers to bsp_i2c.o(i.DMA1_Stream7_IRQHandler) for DMA1_Stream7_IRQHandler
    startup_stm32f407xx.o(RESET) refers to stm32f4xx_it.o(i.DMA2_Stream1_IRQHandler) for DMA2_Stream1_IRQHandler
    startup_stm32f407xx.o(RESET) refers to stm32f4xx_it.o(i.CAN2_RX0_IRQHandler) for CAN2_RX0_IRQHandler
    startup_stm32f407xx.o(RESET) refers to stm32f4xx_it.o(i.OTG_FS_IRQHandler) for OTG_FS_IRQHandler
    startup_stm32f407xx.o(RESET) refers to stm32f4xx_it.o(i.DMA2_Stream5_IRQHandler) for DMA2_Stream5_IRQHandler
    startup_stm32f407xx.o(RESET) refers to stm32f4xx_it.o(i.DMA2_Stream6_IRQHandler) for DMA2_Stream6_IRQHandler
    startup_stm32f407xx.o(RESET) refers to stm32f4xx_it.o(i.DMA2_Stream7_IRQHandler) for DMA2_Stream7_IRQHandler
    startup_stm32f407xx.o(RESET) refers to referee_usart_task.o(i.USART6_IRQHandler) for USART6_IRQHandler
    startup_stm32f407xx.o(.text) refers (Special) to heapauxi.o(.text) for __use_two_region_memory
    startup_stm32f407xx.o(.text) refers to system_stm32f4xx.o(i.SystemInit) for SystemInit
    startup_stm32f407xx.o(.text) refers to __main.o(!!!main) for __main
    startup_stm32f407xx.o(.text) refers to startup_stm32f407xx.o(HEAP) for Heap_Mem
    startup_stm32f407xx.o(.text) refers to startup_stm32f407xx.o(STACK) for Stack_Mem
    main.o(i.SystemClock_Config) refers to rt_memclr_w.o(.text) for __aeabi_memclr4
    main.o(i.SystemClock_Config) refers to stm32f4xx_hal_rcc.o(i.HAL_RCC_OscConfig) for HAL_RCC_OscConfig
    main.o(i.SystemClock_Config) refers to main.o(i.Error_Handler) for Error_Handler
    main.o(i.SystemClock_Config) refers to stm32f4xx_hal_rcc.o(i.HAL_RCC_ClockConfig) for HAL_RCC_ClockConfig
    main.o(i.main) refers to stm32f4xx_hal.o(i.HAL_Init) for HAL_Init
    main.o(i.main) refers to main.o(i.SystemClock_Config) for SystemClock_Config
    main.o(i.main) refers to gpio.o(i.MX_GPIO_Init) for MX_GPIO_Init
    main.o(i.main) refers to dma.o(i.MX_DMA_Init) for MX_DMA_Init
    main.o(i.main) refers to can.o(i.MX_CAN1_Init) for MX_CAN1_Init
    main.o(i.main) refers to can.o(i.MX_CAN2_Init) for MX_CAN2_Init
    main.o(i.main) refers to spi.o(i.MX_SPI1_Init) for MX_SPI1_Init
    main.o(i.main) refers to tim.o(i.MX_TIM4_Init) for MX_TIM4_Init
    main.o(i.main) refers to tim.o(i.MX_TIM5_Init) for MX_TIM5_Init
    main.o(i.main) refers to usart.o(i.MX_USART3_UART_Init) for MX_USART3_UART_Init
    main.o(i.main) refers to tim.o(i.MX_TIM8_Init) for MX_TIM8_Init
    main.o(i.main) refers to i2c.o(i.MX_I2C3_Init) for MX_I2C3_Init
    main.o(i.main) refers to rtc.o(i.MX_RTC_Init) for MX_RTC_Init
    main.o(i.main) refers to tim.o(i.MX_TIM3_Init) for MX_TIM3_Init
    main.o(i.main) refers to tim.o(i.MX_TIM10_Init) for MX_TIM10_Init
    main.o(i.main) refers to spi.o(i.MX_SPI2_Init) for MX_SPI2_Init
[...]
    hdma_usart6_tx                           0x200013d8   Data          96  usart.o(.bss)
    hpcd_USB_OTG_FS                          0x20001438   Data        1252  usb_otg.o(.bss)
    C_data                                   0x2000191c   Data          20  candata_analysis.o(.bss)
    motor_chassis                            0x20001930   Data         196  can_receive.o(.bss)
    RxHeader1                                0x200019f4   Data          28  can_receive.o(.bss)
    g_Can1RxData                             0x20001a10   Data          64  can_receive.o(.bss)
    error_list                               0x20001a80   Data         108  detect_task.o(.bss)
    rc_ctrl                                  0x20001aec   Data          22  remote_control.o(.bss)
    debug_info                               0x20001b4a   Data          50  test_task.o(.bss)
    STP23_Pack_Data                          0x20001b7c   Data          47  test_task.o(.bss)
    a_x                                      0x20001bac   Data          16  chassisr_task.o(.bss)
    right                                    0x20001bbc   Data         176  chassisr_task.o(.bss)
    chassis_move_balance                     0x20001c6c   Data         984  chassisr_task.o(.bss)
    jump_pid_R                               0x20002044   Data          84  chassisr_task.o(.bss)
    LegR_Pid                                 0x20002098   Data          84  chassisr_task.o(.bss)
    Tp_Pid                                   0x200020ec   Data          84  chassisr_task.o(.bss)
    Turn_Pid                                 0x20002140   Data          84  chassisr_task.o(.bss)
    Roll_Pid                                 0x20002194   Data          84  chassisr_task.o(.bss)
    Wheel_Pid                                0x200021e8   Data          84  chassisr_task.o(.bss)
    Wz_Pid                                   0x2000223c   Data          84  chassisr_task.o(.bss)
    left                                     0x200022d8   Data         176  chassisl_task.o(.bss)
    LegL_Pid                                 0x20002388   Data          84  chassisl_task.o(.bss)
    jump_pid_L                               0x200023dc   Data          84  chassisl_task.o(.bss)
    vaEstimateKF                             0x20002430   Data         308  observe_task.o(.bss)
    vaEstimateKF_K                           0x20002564   Data          16  observe_task.o(.bss)
    game_state                               0x20002574   Data          11  referee.o(.bss)
    robot_HP_t                               0x2000257f   Data          16  referee.o(.bss)
    robot_state                              0x2000258f   Data          13  referee.o(.bss)
    power_heat_data_t1                       0x2000259c   Data          14  referee.o(.bss)
    game_robot_pos_t                         0x200025aa   Data          12  referee.o(.bss)
    ground_robot_position_t1                 0x200025b6   Data          40  referee.o(.bss)
    ext_robot_command                        0x200025de   Data          15  referee.o(.bss)
    usart6_buf                               0x200025f0   Data        1024  referee_usart_task.o(.bss)
    referee_fifo                             0x200029f0   Data          24  referee_usart_task.o(.bss)
    referee_fifo_buf                         0x20002a08   Data        1024  referee_usart_task.o(.bss)
    referee_unpack_obj                       0x20002e08   Data         137  referee_usart_task.o(.bss)
    shoot_control                            0x20002e94   Data         516  shoot.o(.bss)
    ui_string_frame                          0x20003098   Data          60  ui_interface.o(.bss)
    ui_1_frame                               0x200030d4   Data          30  ui_interface.o(.bss)
    ui_2_frame                               0x200030f2   Data          45  ui_interface.o(.bss)
    ui_5_frame                               0x2000311f   Data          90  ui_interface.o(.bss)
    ui_7_frame                               0x20003179   Data         120  ui_interface.o(.bss)
    ui_g_now_figures                         0x200031f1   Data         210  ui_g.o(.bss)
    ui_g_dirty_figure                        0x200032c3   Data          14  ui_g.o(.bss)
    ui_g_now_strings                         0x200032d1   Data         135  ui_g.o(.bss)
    gyroDiff                                 0x200034b4   Data          12  bmi088driver.o(.bss)
    BMI088                                   0x200034c0   Data          52  bmi088driver.o(.bss)
    averr                                    0x200034f4   Data          16  vmc_calc.o(.bss)
    fn                                       0x20003504   Data          16  vmc_calc.o(.bss)
    averl                                    0x20003514   Data          16  vmc_calc.o(.bss)
    INS                                      0x20003524   Data         148  ins_task.o(.bss)
    mahony                                   0x200035b8   Data         132  ins_task.o(.bss)
    Gyro                                     0x2000363c   Data          12  ins_task.o(.bss)
    Accel                                    0x20003648   Data          12  ins_task.o(.bss)
    IMU_Param                                0x20003654   Data          28  ins_task.o(.bss)
    TempCtrl                                 0x20003670   Data         170  ins_task.o(.bss)
    QEKF_INS                                 0x20003720   Data         480  quaternionekf.o(.bss)
    IMU_QuaternionEKF_K                      0x20003900   Data          72  quaternionekf.o(.bss)
    IMU_QuaternionEKF_H                      0x20003948   Data          72  quaternionekf.o(.bss)
    initial_give_power                       0x20003990   Data          16  chassis_power_control.o(.bss)
    xQueueRegistry                           0x200039a0   Data          64  queue.o(.bss)
    __libspace_start                         0x20009be0   Data          96  libspace.o(.bss)
    __temporary_stack_top$libspace           0x20009c40   Data           0  libspace.o(.bss)



==============================================================================

Memory Map of the image

  Image Entry point : 0x08000189

  Load Region LR_IROM1 (Base: 0x08000000, Size: 0x00016a18, Max: 0x00100000, ABSOLUTE, COMPRESSED[0x0001661c])

    Execution Region ER_IROM1 (Exec base: 0x08000000, Load base: 0x08000000, Size: 0x0001643c, Max: 0x00100000, ABSOLUTE)

    Exec Addr    Load Addr    Size         Type   Attr      Idx    E Section Name        Object

    0x08000000   0x08000000   0x00000188   Data   RO            3    RESET               startup_stm32f407xx.o
    0x08000188   0x08000188   0x00000008   Code   RO        11490  * !!!main             c_w.l(__main.o)
    0x08000190   0x08000190   0x00000034   Code   RO        11958    !!!scatter          c_w.l(__scatter.o)
    0x080001c4   0x080001c4   0x00000064   Code   RO        11956    !!dclz77c           c_w.l(__dclz77c.o)
    0x08000228   0x08000228   0x0000001c   Code   RO        11960    !!handler_zi        c_w.l(__scatter_zi.o)
    0x08000244   0x08000244   0x00000002   Code   RO        11895    .ARM.Collect$$libinit$$00000000  c_w.l(libinit.o)
    0x08000246   0x08000246   0x00000004   Code   RO        11679    .ARM.Collect$$libinit$$00000001  c_w.l(libinit2.o)
    0x0800024a   0x0800024a   0x00000000   Code   RO        11682    .ARM.Collect$$libinit$$00000004  c_w.l(libinit2.o)
    0x0800024a   0x0800024a   0x00000008   Code   RO        11683    .ARM.Collect$$libinit$$00000005  c_w.l(libinit2.o)
    0x08000252   0x08000252   0x00000000   Code   RO        11685    .ARM.Collect$$libinit$$0000000A  c_w.l(libinit2.o)
    0x08000252   0x08000252   0x00000000   Code   RO        11687    .ARM.Collect$$libinit$$0000000C  c_w.l(libinit2.o)
    0x08000252   0x08000252   0x00000000   Code   RO        11689    .ARM.Collect$$libinit$$0000000E  c_w.l(libinit2.o)
    0x08000252   0x08000252   0x00000000   Code   RO        11692    .ARM.Collect$$libinit$$00000011  c_w.l(libinit2.o)
    0x08000252   0x08000252   0x00000000   Code   RO        11694    .ARM.Collect$$libinit$$00000013  c_w.l(libinit2.o)
    0x08000252   0x08000252   0x00000000   Code   RO        11696    .ARM.Collect$$libinit$$00000015  c_w.l(libinit2.o)
    0x08000252   0x08000252   0x00000000   Code   RO        11698    .ARM.Collect$$libinit$$00000017  c_w.l(libinit2.o)
    0x08000252   0x08000252   0x00000000   Code   RO        11700    .ARM.Collect$$libinit$$00000019  c_w.l(libinit2.o)
    0x08000252   0x08000252   0x00000000   Code   RO        11702    .ARM.Collect$$libinit$$0000001B  c_w.l(libinit2.o)
    0x08000252   0x08000252   0x00000000   Code   RO        11704    .ARM.Collect$$libinit$$0000001D  c_w.l(libinit2.o)
    0x08000252   0x08000252   0x00000000   Code   RO        11706    .ARM.Collect$$libinit$$0000001F  c_w.l(libinit2.o)
    0x08000252   0x08000252   0x00000000   Code   RO        11708    .ARM.Collect$$libinit$$00000021  c_w.l(libinit2.o)
    0x08000252   0x08000252   0x00000000   Code   RO        11710    .ARM.Collect$$libinit$$00000023  c_w.l(libinit2.o)
    0x08000252   0x08000252   0x00000000   Code   RO        11712    .ARM.Collect$$libinit$$00000025  c_w.l(libinit2.o)
    0x08000252   0x08000252   0x00000000   Code   RO        11716    .ARM.Collect$$libinit$$0000002C  c_w.l(libinit2.o)
    0x08000252   0x08000252   0x00000000   Code   RO        11718    .ARM.Collect$$libinit$$0000002E  c_w.l(libinit2.o)
    0x08000252   0x08000252   0x00000000   Code   RO        11720    .ARM.Collect$$libinit$$00000030  c_w.l(libinit2.o)
    0x08000252   0x08000252   0x00000000   Code   RO        11722    .ARM.Collect$$libinit$$00000032  c_w.l(libinit2.o)
    0x08000252   0x08000252   0x00000002   Code   RO        11723    .ARM.Collect$$libinit$$00000033  c_w.l(libinit2.o)
    0x08000254   0x08000254   0x00000002   Code   RO        11953    .ARM.Collect$$libshutdown$$00000000  c_w.l(libshutdown.o)
    0x08000256   0x08000256   0x00000000   Code   RO        11911    .ARM.Collect$$libshutdown$$00000002  c_w.l(libshutdown2.o)
    0x08000256   0x08000256   0x00000000   Code   RO        11913    .ARM.Collect$$libshutdown$$00000004  c_w.l(libshutdown2.o)
    0x08000256   0x08000256   0x00000000   Code   RO        11916    .ARM.Collect$$libshutdown$$00000007  c_w.l(libshutdown2.o)
    0x08000256   0x08000256   0x00000000   Code   RO        11919    .ARM.Collect$$libshutdown$$0000000A  c_w.l(libshutdown2.o)
    0x08000256   0x08000256   0x00000000   Code   RO        11921    .ARM.Collect$$libshutdown$$0000000C  c_w.l(libshutdown2.o)
    0x08000256   0x08000256   0x00000000   Code   RO        11924    .ARM.Collect$$libshutdown$$0000000F  c_w.l(libshutdown2.o)
    0x08000256   0x08000256   0x00000002   Code   RO        11925    .ARM.Collect$$libshutdown$$00000010  c_w.l(libshutdown2.o)
    0x08000258   0x08000258   0x00000000   Code   RO        11634    .ARM.Collect$$rtentry$$00000000  c_w.l(__rtentry.o)
    0x08000258   0x08000258   0x00000000   Code   RO        11778    .ARM.Collect$$rtentry$$00000002  c_w.l(__rtentry2.o)
    0x08000258   0x08000258   0x00000006   Code   RO        11790    .ARM.Collect$$rtentry$$00000004  c_w.l(__rtentry4.o)
    0x0800025e   0x0800025e   0x00000000   Code   RO        11780    .ARM.Collect$$rtentry$$00000009  c_w.l(__rtentry2.o)
    0x0800025e   0x0800025e   0x00000004   Code   RO        11781    .ARM.Collect$$rtentry$$0000000A  c_w.l(__rtentry2.o)
    0x08000262   0x08000262   0x00000000   Code   RO        11783    .ARM.Collect$$rtentry$$0000000C  c_w.l(__rtentry2.o)
    0x08000262   0x08000262   0x00000008   Code   RO        11784    .ARM.Collect$$rtentry$$0000000D  c_w.l(__rtentry2.o)
    0x0800026a   0x0800026a   0x00000002   Code   RO        11898    .ARM.Collect$$rtexit$$00000000  c_w.l(rtexit.o)
    0x0800026c   0x0800026c   0x00000000   Code   RO        11929    .ARM.Collect$$rtexit$$00000002  c_w.l(rtexit2.o)
    0x0800026c   0x0800026c   0x00000004   Code   RO        11930    .ARM.Collect$$rtexit$$00000003  c_w.l(rtexit2.o)
    0x08000270   0x08000270   0x00000006   Code   RO        11931    .ARM.Collect$$rtexit$$00000004  c_w.l(rtexit2.o)
    0x08000276   0x08000276   0x00000002   PAD
    0x08000278   0x08000278   0x000000be   Code   RO        10644    .emb_text           port.o
    0x08000336   0x08000336   0x00000002   PAD
    0x08000338   0x08000338   0x00000000   Code   RO        11806    .emb_text           c_w.l(maybetermalloc1.o)
    0x08000338   0x08000338   0x00000040   Code   RO            4    .text               startup_stm32f407xx.o
    0x08000378   0x08000378   0x00000078   Code   RO        11073    .text               arm_cortexM4lf_math.lib(arm_cos_f32.o)
    0x080003f0   0x080003f0   0x00000074   Code   RO        11126    .text               arm_cortexM4lf_math.lib(arm_sin_f32.o)
    0x08000464   0x08000464   0x00000108   Code   RO        11150    .text               arm_cortexM4lf_math.lib(arm_mat_add_f32.o)
    0x0800056c   0x0800056c   0x00000008   Code   RO        11174    .text               arm_cortexM4lf_math.lib(arm_mat_init_f32.o)
    0x08000574   0x08000574   0x00000530   Code   RO        11198    .text               arm_cortexM4lf_math.lib(arm_mat_inverse_f32.o)
    0x08000aa4   0x08000aa4   0x0000013c   Code   RO        11222    .text               arm_cortexM4lf_math.lib(arm_mat_mult_f32.o)
    0x08000be0   0x08000be0   0x00000108   Code   RO        11246    .text               arm_cortexM4lf_math.lib(arm_mat_sub_f32.o)
    0x08000ce8   0x08000ce8   0x00000114   Code   RO        11270    .text               arm_cortexM4lf_math.lib(arm_mat_trans_f32.o)
    0x08000dfc   0x08000dfc   0x0000005e   Code   RO        11379    .text               c_w.l(h1_alloc.o)
    0x08000e5a   0x08000e5a   0x0000004e   Code   RO        11381    .text               c_w.l(h1_free.o)
    0x08000ea8   0x08000ea8   0x000000ee   Code   RO        11437    .text               c_w.l(lludivv7m.o)
    0x08000f96   0x08000f96   0x00000058   Code   RO        11470    .text               c_w.l(memcmp.o)
    0x08000fee   0x08000fee   0x0000003e   Code   RO        11472    .text               c_w.l(strlen.o)
    0x0800102c   0x0800102c   0x0000008a   Code   RO        11474    .text               c_w.l(rt_memcpy_v6.o)
    0x080010b6   0x080010b6   0x00000064   Code   RO        11476    .text               c_w.l(rt_memcpy_w.o)
    0x0800111a   0x0800111a   0x00000010   Code   RO        11480    .text               c_w.l(aeabi_memset.o)
    0x0800112a   0x0800112a   0x00000044   Code   RO        11482    .text               c_w.l(rt_memclr.o)
    0x0800116e   0x0800116e   0x0000004e   Code   RO        11484    .text               c_w.l(rt_memclr_w.o)
    0x080011bc   0x080011bc   0x00000056   Code   RO        11486    .text               c_w.l(strncpy.o)
    0x08001212   0x08001212   0x00000006   Code   RO        11488    .text               c_w.l(heapauxi.o)
    0x08001218   0x08001218   0x00000008   Code   RO        11642    .text               c_w.l(rt_heap_descriptor_intlibspace.o)
    0x08001220   0x08001220   0x00000004   Code   RO        11644    .text               c_w.l(hguard.o)
    0x08001224   0x08001224   0x0000008a   Code   RO        11646    .text               c_w.l(init_alloc.o)
    0x080012ae   0x080012ae   0x0000000e   Code   RO        11650    .text               c_w.l(h1_init.o)
    0x080012bc   0x080012bc   0x00000016   Code   RO        11664    .text               c_w.l(_rserrno.o)
    0x080012d2   0x080012d2   0x00000002   PAD
    0x080012d4   0x080012d4   0x00000008   Code   RO        11774    .text               c_w.l(libspace.o)
    0x080012dc   0x080012dc   0x00000008   Code   RO        11802    .text               c_w.l(rt_errno_addr_intlibspace.o)
    0x080012e4   0x080012e4   0x00000034   Code   RO        11808    .text               c_w.l(h1_extend.o)
    0x08001318   0x08001318   0x00000030   Code   RO        11814    .text               c_w.l(_fptrap.o)
    0x08001348   0x08001348   0x0000000e   Code   RO        11848    .text               c_w.l(defsig_rtmem_outer.o)
    0x08001356   0x08001356   0x00000002   Code   RO        11865    .text               c_w.l(use_no_semi.o)
    0x08001358   0x08001358   0x00000000   Code   RO        11867    .text               c_w.l(indicate_semi.o)
    0x08001358   0x08001358   0x0000004a   Code   RO        11868    .text               c_w.l(sys_stackheap_outer.o)
    0x080013a2   0x080013a2   0x00000012   Code   RO        11874    .text               c_w.l(exit.o)
    0x080013b4   0x080013b4   0x0000000a   Code   RO        11876    .text               c_w.l(defsig_exit.o)
    0x080013be   0x080013be   0x0000000e   Code   RO        11878    .text               c_w.l(defsig_fpe_outer.o)
    0x080013cc   0x080013cc   0x00000050   Code   RO        11882    .text               c_w.l(defsig_rtmem_inner.o)
    0x0800141c   0x0800141c   0x0000000c   Code   RO        11896    .text               c_w.l(sys_exit.o)
    0x08001428   0x08001428   0x00000032   Code   RO        11906    .text               c_w.l(defsig_general.o)
    0x0800145a   0x0800145a   0x00000002   PAD
    0x0800145c   0x0800145c   0x000000ac   Code   RO        11908    .text               c_w.l(defsig_fpe_inner.o)
    0x08001508   0x08001508   0x0000000e   Code   RO        11926    .text               c_w.l(sys_wrch.o)
    0x08001516   0x08001516   0x00000002   PAD
    0x08001518   0x08001518   0x00000014   Code   RO         3353    i.BMI088_ACCEL_NS_H  bmi088middleware.o
    0x0800152c   0x0800152c   0x00000014   Code   RO         3354    i.BMI088_ACCEL_NS_L  bmi088middleware.o
    0x08001540   0x08001540   0x00000014   Code   RO         3355    i.BMI088_GYRO_NS_H  bmi088middleware.o
    0x08001554   0x08001554   0x00000014   Code   RO         3356    i.BMI088_GYRO_NS_L  bmi088middleware.o
    0x08001568   0x08001568   0x0000027c   Code   RO         3272    i.BMI088_Read       bmi088driver.o
    0x080017e4   0x080017e4   0x00000098   Code   RO         3273    i.BMI088_init       bmi088driver.o
    0x0800187c   0x0800187c   0x00000026   Code   RO         3274    i.BMI088_read_muli_reg  bmi088driver.o
    0x080018a2   0x080018a2   0x00000018   Code   RO         3275    i.BMI088_read_single_reg  bmi088driver.o
    0x080018ba   0x080018ba   0x00000002   PAD
    0x080018bc   0x080018bc   0x00000024   Code   RO         3357    i.BMI088_read_write_byte  bmi088middleware.o
    0x080018e0   0x080018e0   0x00000014   Code   RO         3276    i.BMI088_write_single_reg  bmi088driver.o
    0x080018f4   0x080018f4   0x0000015a   Code   RO         4013    i.BodyFrameToEarthFrame  ins_task.o
    0x08001a4e   0x08001a4e   0x00000004   Code   RO          934    i.BusFault_Handler  stm32f4xx_it.o
    0x08001a52   0x08001a52   0x00000002   PAD
    0x08001a54   0x08001a54   0x00000010   Code   RO          935    i.CAN1_RX0_IRQHandler  stm32f4xx_it.o
    0x08001a64   0x08001a64   0x00000010   Code   RO          936    i.CAN2_RX0_IRQHandler  stm32f4xx_it.o
    0x08001a74   0x08001a74   0x00000038   Code   RO         1947    i.CAN_cmd_chassis   can_receive.o
    0x08001aac   0x08001aac   0x00000050   Code   RO         1949    i.CAN_cmd_gimbal    can_receive.o
    0x08001afc   0x08001afc   0x0000000a   Code   RO         1618    i.C_fbdata2         candata_analysis.o
    0x08001b06   0x08001b06   0x00000002   PAD
    0x08001b08   0x08001b08   0x00000540   Code   RO         3277    i.Calibrate_MPU_Offset  bmi088driver.o
    0x08002048   0x08002048   0x00000008   Code   RO          344    i.ChassisL_Task     freertos.o
    0x08002050   0x08002050   0x0000008c   Code   RO         2649    i.ChassisL_init     chassisl_task.o
    0x080020dc   0x080020dc   0x000001e8   Code   RO         2650    i.ChassisL_task     chassisl_task.o
    0x080022c4   0x080022c4   0x00000008   Code   RO          345    i.ChassisR_Task     freertos.o
    0x080022cc   0x080022cc   0x000000dc   Code   RO         2467    i.ChassisR_init     chassisr_task.o
    0x080023a8   0x080023a8   0x000009e0   Code   RO         2468    i.ChassisR_task     chassisr_task.o
    0x08002d88   0x08002d88   0x0000007c   Code   RO         1705    i.DMA1_Stream7_IRQHandler  bsp_i2c.o
    0x08002e04   0x08002e04   0x00000010   Code   RO          937    i.DMA2_Stream1_IRQHandler  stm32f4xx_it.o
    0x08002e14   0x08002e14   0x00000010   Code   RO          938    i.DMA2_Stream5_IRQHandler  stm32f4xx_it.o
    0x08002e24   0x08002e24   0x00000010   Code   RO          939    i.DMA2_Stream6_IRQHandler  stm32f4xx_it.o
    0x08002e34   0x08002e34   0x00000010   Code   RO          940    i.DMA2_Stream7_IRQHandler  stm32f4xx_it.o
    0x08002e44   0x08002e44   0x00000034   Code   RO         5188    i.DMA_CalcBaseAndBitshift  stm32f4xx_hal_dma.o
    0x08002e78   0x08002e78   0x0000007e   Code   RO         5189    i.DMA_CheckFifoParam  stm32f4xx_hal_dma.o
    0x08002ef6   0x08002ef6   0x00000002   PAD
    0x08002ef8   0x08002ef8   0x00000030   Code   RO         1512    i.DWT_CNT_Update    bsp_dwt.o
    0x08002f28   0x08002f28   0x0000003c   Code   RO         1513    i.DWT_Delay         bsp_dwt.o
    0x08002f64   0x08002f64   0x0000004c   Code   RO         1514    i.DWT_GetDeltaT     bsp_dwt.o
    0x08002fb0   0x08002fb0   0x00000054   Code   RO         1517    i.DWT_GetTimeline_s  bsp_dwt.o
    0x08003004   0x08003004   0x00000068   Code   RO         1519    i.DWT_Init          bsp_dwt.o
    0x0800306c   0x0800306c   0x000000d0   Code   RO         1520    i.DWT_SysTimeUpdate  bsp_dwt.o
    0x0800313c   0x0800313c   0x00000002   Code   RO          941    i.DebugMon_Handler  stm32f4xx_it.o
    0x0800313e   0x0800313e   0x0000000a   Code   RO          942    i.EXTI0_IRQHandler  stm32f4xx_it.o
    0x08003148   0x08003148   0x0000000a   Code   RO          943    i.EXTI3_IRQHandler  stm32f4xx_it.o
    0x08003152   0x08003152   0x0000000a   Code   RO          944    i.EXTI4_IRQHandler  stm32f4xx_it.o
    0x0800315c   0x0800315c   0x0000000a   Code   RO          945    i.EXTI9_5_IRQHandler  stm32f4xx_it.o
    0x08003166   0x08003166   0x0000015a   Code   RO         4014    i.EarthFrameToBodyFrame  ins_task.o
    0x080032c0   0x080032c0   0x00000002   Code   RO           13    i.Error_Handler     main.o
    0x080032c2   0x080032c2   0x00000024   Code   RO         4451    i.HAL_CAN_ActivateNotification  stm32f4xx_hal_can.o
    0x080032e6   0x080032e6   0x000000f0   Code   RO         4452    i.HAL_CAN_AddTxMessage  stm32f4xx_hal_can.o
    0x080033d6   0x080033d6   0x00000002   PAD
    0x080033d8   0x080033d8   0x00000128   Code   RO         4453    i.HAL_CAN_ConfigFilter  stm32f4xx_hal_can.o
    0x08003500   0x08003500   0x00000002   Code   RO         4456    i.HAL_CAN_ErrorCallback  stm32f4xx_hal_can.o
    0x08003502   0x08003502   0x00000174   Code   RO         4459    i.HAL_CAN_GetRxMessage  stm32f4xx_hal_can.o
    0x08003676   0x08003676   0x00000234   Code   RO         4463    i.HAL_CAN_IRQHandler  stm32f4xx_hal_can.o
    0x080038aa   0x080038aa   0x00000168   Code   RO         4464    i.HAL_CAN_Init      stm32f4xx_hal_can.o
    0x08003a12   0x08003a12   0x00000002   PAD
    0x08003a14   0x08003a14   0x00000160   Code   RO          460    i.HAL_CAN_MspInit   can.o
    0x08003b74   0x08003b74   0x00000002   Code   RO         4471    i.HAL_CAN_RxFifo0FullCallback  stm32f4xx_hal_can.o
    0x08003b76   0x08003b76   0x00000002   PAD
    0x08003b78   0x08003b78   0x000003e4   Code   RO         1950    i.HAL_CAN_RxFifo0MsgPendingCallback  can_receive.o
    0x08003f5c   0x08003f5c   0x00000002   Code   RO         4473    i.HAL_CAN_RxFifo1FullCallback  stm32f4xx_hal_can.o
    0x08003f5e   0x08003f5e   0x00000002   Code   RO         4474    i.HAL_CAN_RxFifo1MsgPendingCallback  stm32f4xx_hal_can.o
    0x08003f60   0x08003f60   0x00000002   Code   RO         4475    i.HAL_CAN_SleepCallback  stm32f4xx_hal_can.o
    0x08003f62   0x08003f62   0x00000064   Code   RO         4476    i.HAL_CAN_Start     stm32f4xx_hal_can.o
    0x08003fc6   0x08003fc6   0x00000002   Code   RO         4478    i.HAL_CAN_TxMailbox0AbortCallback  stm32f4xx_hal_can.o
    0x08003fc8   0x08003fc8   0x00000002   Code   RO         4479    i.HAL_CAN_TxMailbox0CompleteCallback  stm32f4xx_hal_can.o
    0x08003fca   0x08003fca   0x00000002   Code   RO         4480    i.HAL_CAN_TxMailbox1AbortCallback  stm32f4xx_hal_can.o
    0x08003fcc   0x08003fcc   0x00000002   Code   RO         4481    i.HAL_CAN_TxMailbox1CompleteCallback  stm32f4xx_hal_can.o
    0x08003fce   0x08003fce   0x00000002   Code   RO         4482    i.HAL_CAN_TxMailbox2AbortCallback  stm32f4xx_hal_can.o
    0x08003fd0   0x08003fd0   0x00000002   Code   RO         4483    i.HAL_CAN_TxMailbox2CompleteCallback  stm32f4xx_hal_can.o
    0x08003fd2   0x08003fd2   0x00000002   Code   RO         4485    i.HAL_CAN_WakeUpFromRxMsgCallback  stm32f4xx_hal_can.o
    0x08003fd4   0x08003fd4   0x00000024   Code   RO         5878    i.HAL_CRC_Init      stm32f4xx_hal_crc.o
    0x08003ff8   0x08003ff8   0x00000034   Code   RO          509    i.HAL_CRC_MspInit   crc.o
    0x0800402c   0x0800402c   0x000000a2   Code   RO         5191    i.HAL_DMA_Abort     stm32f4xx_hal_dma.o
    0x080040ce   0x080040ce   0x00000024   Code   RO         5192    i.HAL_DMA_Abort_IT  stm32f4xx_hal_dma.o
    0x080040f2   0x080040f2   0x00000002   PAD
    0x080040f4   0x080040f4   0x000001ec   Code   RO         5196    i.HAL_DMA_IRQHandler  stm32f4xx_hal_dma.o
    0x080042e0   0x080042e0   0x000000ec   Code   RO         5197    i.HAL_DMA_Init      stm32f4xx_hal_dma.o
    0x080043cc   0x080043cc   0x00000028   Code   RO         5623    i.HAL_Delay         stm32f4xx_hal.o
    0x080043f4   0x080043f4   0x00000002   Code   RO         5082    i.HAL_GPIO_EXTI_Callback  stm32f4xx_hal_gpio.o
    0x080043f6   0x080043f6   0x00000002   PAD
    0x080043f8   0x080043f8   0x00000018   Code   RO         5083    i.HAL_GPIO_EXTI_IRQHandler  stm32f4xx_hal_gpio.o
    0x08004410   0x08004410   0x0000022c   Code   RO         5084    i.HAL_GPIO_Init     stm32f4xx_hal_gpio.o
    0x0800463c   0x0800463c   0x0000000e   Code   RO         5088    i.HAL_GPIO_WritePin  stm32f4xx_hal_gpio.o
    0x0800464a   0x0800464a   0x00000002   PAD
    0x0800464c   0x0800464c   0x0000000c   Code   RO         5629    i.HAL_GetTick       stm32f4xx_hal.o
    0x08004658   0x08004658   0x000001ac   Code   RO         5945    i.HAL_I2C_Init      stm32f4xx_hal_i2c.o
    0x08004804   0x08004804   0x000001f4   Code   RO          575    i.HAL_I2C_MspInit   i2c.o
    0x080049f8   0x080049f8   0x00000010   Code   RO         5635    i.HAL_IncTick       stm32f4xx_hal.o
    0x08004a08   0x08004a08   0x00000034   Code   RO         5636    i.HAL_Init          stm32f4xx_hal.o
    0x08004a3c   0x08004a3c   0x00000044   Code   RO         5637    i.HAL_InitTick      stm32f4xx_hal.o
    0x08004a80   0x08004a80   0x00000054   Code   RO         1070    i.HAL_MspInit       stm32f4xx_hal_msp.o
    0x08004ad4   0x08004ad4   0x0000001c   Code   RO         5476    i.HAL_NVIC_EnableIRQ  stm32f4xx_hal_cortex.o
    0x08004af0   0x08004af0   0x00000068   Code   RO         5482    i.HAL_NVIC_SetPriority  stm32f4xx_hal_cortex.o
    0x08004b58   0x08004b58   0x00000024   Code   RO         5483    i.HAL_NVIC_SetPriorityGrouping  stm32f4xx_hal_cortex.o
    0x08004b7c   0x08004b7c   0x00000002   Code   RO         8856    i.HAL_PCDEx_LPM_Callback  stm32f4xx_hal_pcd_ex.o
    0x08004b7e   0x08004b7e   0x00000002   Code   RO         8613    i.HAL_PCD_ConnectCallback  stm32f4xx_hal_pcd.o
    0x08004b80   0x08004b80   0x00000002   Code   RO         8614    i.HAL_PCD_DataInStageCallback  stm32f4xx_hal_pcd.o
    0x08004b82   0x08004b82   0x00000002   Code   RO         8615    i.HAL_PCD_DataOutStageCallback  stm32f4xx_hal_pcd.o
    0x08004b84   0x08004b84   0x00000002   Code   RO         8620    i.HAL_PCD_DisconnectCallback  stm32f4xx_hal_pcd.o
    0x08004b86   0x08004b86   0x00000020   Code   RO         8621    i.HAL_PCD_EP_Abort  stm32f4xx_hal_pcd.o
    0x08004ba6   0x08004ba6   0x00000562   Code   RO         8631    i.HAL_PCD_IRQHandler  stm32f4xx_hal_pcd.o
    0x08005108   0x08005108   0x00000002   Code   RO         8632    i.HAL_PCD_ISOINIncompleteCallback  stm32f4xx_hal_pcd.o
    0x0800510a   0x0800510a   0x00000002   Code   RO         8633    i.HAL_PCD_ISOOUTIncompleteCallback  stm32f4xx_hal_pcd.o
    0x0800510c   0x0800510c   0x000000e6   Code   RO         8634    i.HAL_PCD_Init      stm32f4xx_hal_pcd.o
    0x080051f2   0x080051f2   0x00000002   PAD
    0x080051f4   0x080051f4   0x000000a8   Code   RO          893    i.HAL_PCD_MspInit   usb_otg.o
    0x0800529c   0x0800529c   0x00000002   Code   RO         8637    i.HAL_PCD_ResetCallback  stm32f4xx_hal_pcd.o
    0x0800529e   0x0800529e   0x00000002   Code   RO         8638    i.HAL_PCD_ResumeCallback  stm32f4xx_hal_pcd.o
    0x080052a0   0x080052a0   0x00000002   Code   RO         8639    i.HAL_PCD_SOFCallback  stm32f4xx_hal_pcd.o
    0x080052a2   0x080052a2   0x00000002   Code   RO         8642    i.HAL_PCD_SetupStageCallback  stm32f4xx_hal_pcd.o
    0x080052a4   0x080052a4   0x00000002   Code   RO         8645    i.HAL_PCD_SuspendCallback  stm32f4xx_hal_pcd.o
    0x080052a6   0x080052a6   0x00000002   PAD
    0x080052a8   0x080052a8   0x0000017c   Code   RO         4790    i.HAL_RCCEx_PeriphCLKConfig  stm32f4xx_hal_rcc_ex.o
    0x08005424   0x08005424   0x0000017c   Code   RO         4685    i.HAL_RCC_ClockConfig  stm32f4xx_hal_rcc.o
    0x080055a0   0x080055a0   0x0000000c   Code   RO         4690    i.HAL_RCC_GetHCLKFreq  stm32f4xx_hal_rcc.o
    0x080055ac   0x080055ac   0x00000020   Code   RO         4692    i.HAL_RCC_GetPCLK1Freq  stm32f4xx_hal_rcc.o
    0x080055cc   0x080055cc   0x00000020   Code   RO         4693    i.HAL_RCC_GetPCLK2Freq  stm32f4xx_hal_rcc.o
    0x080055ec   0x080055ec   0x00000070   Code   RO         4694    i.HAL_RCC_GetSysClockFreq  stm32f4xx_hal_rcc.o
    0x0800565c   0x0800565c   0x00000482   Code   RO         4697    i.HAL_RCC_OscConfig  stm32f4xx_hal_rcc.o
    0x08005ade   0x08005ade   0x00000034   Code   RO         6438    i.HAL_RNG_Init      stm32f4xx_hal_rng.o
    0x08005b12   0x08005b12   0x00000002   PAD
    0x08005b14   0x08005b14   0x00000034   Code   RO          629    i.HAL_RNG_MspInit   rng.o
    0x08005b48   0x08005b48   0x0000009e   Code   RO         6544    i.HAL_RTC_Init      stm32f4xx_hal_rtc.o
    0x08005be6   0x08005be6   0x00000002   PAD
    0x08005be8   0x08005be8   0x00000040   Code   RO          671    i.HAL_RTC_MspInit   rtc.o
    0x08005c28   0x08005c28   0x0000003c   Code   RO         6552    i.HAL_RTC_WaitForSynchro  stm32f4xx_hal_rtc.o
    0x08005c64   0x08005c64   0x000000be   Code   RO         6944    i.HAL_SPI_Init      stm32f4xx_hal_spi.o
    0x08005d22   0x08005d22   0x00000002   PAD
    0x08005d24   0x08005d24   0x000001cc   Code   RO          713    i.HAL_SPI_MspInit   spi.o
    0x08005ef0   0x08005ef0   0x00000218   Code   RO         6953    i.HAL_SPI_TransmitReceive  stm32f4xx_hal_spi.o
    0x08006108   0x08006108   0x00000028   Code   RO         5487    i.HAL_SYSTICK_Config  stm32f4xx_hal_cortex.o
    0x08006130   0x08006130   0x00000066   Code   RO         7975    i.HAL_TIMEx_ConfigBreakDeadTime  stm32f4xx_hal_tim_ex.o
    0x08006196   0x08006196   0x0000009a   Code   RO         7991    i.HAL_TIMEx_MasterConfigSynchronization  stm32f4xx_hal_tim_ex.o
    0x08006230   0x08006230   0x0000005c   Code   RO         7257    i.HAL_TIM_Base_Init  stm32f4xx_hal_tim.o
    0x0800628c   0x0800628c   0x0000011c   Code   RO          761    i.HAL_TIM_Base_MspInit  tim.o
    0x080063a8   0x080063a8   0x00000080   Code   RO         7260    i.HAL_TIM_Base_Start  stm32f4xx_hal_tim.o
    0x08006428   0x08006428   0x000000ea   Code   RO         7266    i.HAL_TIM_ConfigClockSource  stm32f4xx_hal_tim.o
    0x08006512   0x08006512   0x00000002   PAD
    0x08006514   0x08006514   0x000001f4   Code   RO          762    i.HAL_TIM_MspPostInit  tim.o
    0x08006708   0x08006708   0x000000d8   Code   RO         7329    i.HAL_TIM_PWM_ConfigChannel  stm32f4xx_hal_tim.o
    0x080067e0   0x080067e0   0x0000005c   Code   RO         7332    i.HAL_TIM_PWM_Init  stm32f4xx_hal_tim.o
    0x0800683c   0x0800683c   0x00000002   Code   RO         7334    i.HAL_TIM_PWM_MspInit  stm32f4xx_hal_tim.o
    0x0800683e   0x0800683e   0x00000002   PAD
    0x08006840   0x08006840   0x000000dc   Code   RO         7337    i.HAL_TIM_PWM_Start  stm32f4xx_hal_tim.o
    0x0800691c   0x0800691c   0x00000002   Code   RO         8251    i.HAL_UARTEx_RxEventCallback  stm32f4xx_hal_uart.o
    0x0800691e   0x0800691e   0x00000002   Code   RO         8265    i.HAL_UART_ErrorCallback  stm32f4xx_hal_uart.o
    0x08006920   0x08006920   0x00000280   Code   RO         8268    i.HAL_UART_IRQHandler  stm32f4xx_hal_uart.o
    0x08006ba0   0x08006ba0   0x00000066   Code   RO         8269    i.HAL_UART_Init     stm32f4xx_hal_uart.o
    0x08006c06   0x08006c06   0x00000002   PAD
    0x08006c08   0x08006c08   0x00000340   Code   RO          839    i.HAL_UART_MspInit  usart.o
    0x08006f48   0x08006f48   0x0000001c   Code   RO         8274    i.HAL_UART_Receive_IT  stm32f4xx_hal_uart.o
    0x08006f64   0x08006f64   0x00000314   Code   RO         2341    i.HAL_UART_RxCpltCallback  test_task.o
    0x08007278   0x08007278   0x000000b8   Code   RO         8277    i.HAL_UART_Transmit  stm32f4xx_hal_uart.o
    0x08007330   0x08007330   0x00000002   Code   RO         8280    i.HAL_UART_TxCpltCallback  stm32f4xx_hal_uart.o
    0x08007332   0x08007332   0x00000002   PAD
    0x08007334   0x08007334   0x00000130   Code   RO         3933    i.H_K_R_Adjustment  kalman_filter.o
    0x08007464   0x08007464   0x00000004   Code   RO          946    i.HardFault_Handler  stm32f4xx_it.o
    0x08007468   0x08007468   0x00000238   Code   RO         4096    i.IMU_QuaternionEKF_F_Linearization_P_Fading  quaternionekf.o
    0x080076a0   0x080076a0   0x00000130   Code   RO         4097    i.IMU_QuaternionEKF_Init  quaternionekf.o
    0x080077d0   0x080077d0   0x00000034   Code   RO         4098    i.IMU_QuaternionEKF_Observe  quaternionekf.o
    0x08007804   0x08007804   0x00000128   Code   RO         4099    i.IMU_QuaternionEKF_SetH  quaternionekf.o
    0x0800792c   0x0800792c   0x00000508   Code   RO         4101    i.IMU_QuaternionEKF_xhatUpdate  quaternionekf.o
    0x08007e34   0x08007e34   0x000000e8   Code   RO         4017    i.INS_Init          ins_task.o
    0x08007f1c   0x08007f1c   0x0000000c   Code   RO          346    i.INS_Task          freertos.o
    0x08007f28   0x08007f28   0x00000330   Code   RO         4018    i.INS_task          ins_task.o
    0x08008258   0x08008258   0x0000070c   Code   RO         3934    i.Kalman_Filter_Init  kalman_filter.o
    0x08008964   0x08008964   0x00000050   Code   RO         3935    i.Kalman_Filter_Measure  kalman_filter.o
    0x080089b4   0x080089b4   0x00000068   Code   RO         3936    i.Kalman_Filter_P_Update  kalman_filter.o
    0x08008a1c   0x08008a1c   0x00000068   Code   RO         3937    i.Kalman_Filter_PminusUpdate  kalman_filter.o
    0x08008a84   0x08008a84   0x000000d2   Code   RO         3938    i.Kalman_Filter_SetK  kalman_filter.o
    0x08008b56   0x08008b56   0x00000002   PAD
    0x08008b58   0x08008b58   0x00000128   Code   RO         3939    i.Kalman_Filter_Update  kalman_filter.o
    0x08008c80   0x08008c80   0x0000007c   Code   RO         3940    i.Kalman_Filter_xhatMinusUpdate  kalman_filter.o
    0x08008cfc   0x08008cfc   0x00000086   Code   RO         3941    i.Kalman_Filter_xhatUpdate  kalman_filter.o
    0x08008d82   0x08008d82   0x00000032   Code   RO         3866    i.LQR_K_calc        vmc_calc.o
    0x08008db4   0x08008db4   0x00000044   Code   RO          461    i.MX_CAN1_Init      can.o
    0x08008df8   0x08008df8   0x00000044   Code   RO          462    i.MX_CAN2_Init      can.o
    0x08008e3c   0x08008e3c   0x00000020   Code   RO          510    i.MX_CRC_Init       crc.o
    0x08008e5c   0x08008e5c   0x000000c8   Code   RO          550    i.MX_DMA_Init       dma.o
    0x08008f24   0x08008f24   0x000000d0   Code   RO          347    i.MX_FREERTOS_Init  freertos.o
    0x08008ff4   0x08008ff4   0x000001fc   Code   RO          320    i.MX_GPIO_Init      gpio.o
    0x080091f0   0x080091f0   0x0000003c   Code   RO          576    i.MX_I2C1_Init      i2c.o
    0x0800922c   0x0800922c   0x0000003c   Code   RO          577    i.MX_I2C2_Init      i2c.o
    0x08009268   0x08009268   0x0000003c   Code   RO          578    i.MX_I2C3_Init      i2c.o
    0x080092a4   0x080092a4   0x00000020   Code   RO          630    i.MX_RNG_Init       rng.o
    0x080092c4   0x080092c4   0x00000034   Code   RO          672    i.MX_RTC_Init       rtc.o
    0x080092f8   0x080092f8   0x00000048   Code   RO          714    i.MX_SPI1_Init      spi.o
    0x08009340   0x08009340   0x00000044   Code   RO          715    i.MX_SPI2_Init      spi.o
    0x08009384   0x08009384   0x0000006c   Code   RO          763    i.MX_TIM10_Init     tim.o
    0x080093f0   0x080093f0   0x00000108   Code   RO          764    i.MX_TIM1_Init      tim.o
    0x080094f8   0x080094f8   0x000000a4   Code   RO          765    i.MX_TIM3_Init      tim.o
    0x0800959c   0x0800959c   0x000000a4   Code   RO          766    i.MX_TIM4_Init      tim.o
    0x08009640   0x08009640   0x000000c4   Code   RO          767    i.MX_TIM5_Init      tim.o
    0x08009704   0x08009704   0x00000070   Code   RO          768    i.MX_TIM8_Init      tim.o
    0x08009774   0x08009774   0x00000038   Code   RO          840    i.MX_USART1_UART_Init  usart.o
    0x080097ac   0x080097ac   0x0000003c   Code   RO          841    i.MX_USART3_UART_Init  usart.o
    0x080097e8   0x080097e8   0x00000038   Code   RO          842    i.MX_USART6_UART_Init  usart.o
    0x08009820   0x08009820   0x00000038   Code   RO          894    i.MX_USB_OTG_FS_PCD_Init  usb_otg.o
    0x08009858   0x08009858   0x00000004   Code   RO          947    i.MemManage_Handler  stm32f4xx_it.o
    0x0800985c   0x0800985c   0x00000002   Code   RO          948    i.NMI_Handler       stm32f4xx_it.o
    0x0800985e   0x0800985e   0x00000008   Code   RO          348    i.OBSERVE_Task      freertos.o
    0x08009866   0x08009866   0x00000002   PAD
    0x08009868   0x08009868   0x00000058   Code   RO         3713    i.OLS_Init          user_lib.o
    0x080098c0   0x080098c0   0x00000010   Code   RO          949    i.OTG_FS_IRQHandler  stm32f4xx_it.o
    0x080098d0   0x080098d0   0x00000048   Code   RO         8647    i.PCD_EP_OutSetupPacket_int  stm32f4xx_hal_pcd.o
    0x08009918   0x08009918   0x000000e8   Code   RO         8648    i.PCD_EP_OutXfrComplete_int  stm32f4xx_hal_pcd.o
    0x08009a00   0x08009a00   0x000000a2   Code   RO         8649    i.PCD_WriteEmptyTxFifo  stm32f4xx_hal_pcd.o
    0x08009aa2   0x08009aa2   0x00000002   PAD
    0x08009aa4   0x08009aa4   0x000000bc   Code   RO         4280    i.PID_Init          controller.o
    0x08009b60   0x08009b60   0x0000023c   Code   RO         4218    i.PID_angle_calc    pid.o
    0x08009d9c   0x08009d9c   0x000001f0   Code   RO         4219    i.PID_calc          pid.o
    0x08009f8c   0x08009f8c   0x00000204   Code   RO         4220    i.PID_calc_1        pid.o
    0x0800a190   0x0800a190   0x0000004c   Code   RO         4221    i.PID_clear         pid.o
    0x0800a1dc   0x0800a1dc   0x00000060   Code   RO         4222    i.PID_init          pid.o
    0x0800a23c   0x0800a23c   0x00000070   Code   RO         2469    i.Pensation_init    chassisr_task.o
    0x0800a2ac   0x0800a2ac   0x0000009c   Code   RO         1438    i.RC_Init           bsp_rc.o
    0x0800a348   0x0800a348   0x00000048   Code   RO         6555    i.RTC_EnterInitMode  stm32f4xx_hal_rtc.o
    0x0800a390   0x0800a390   0x0000002c   Code   RO         6556    i.RTC_ExitInitMode  stm32f4xx_hal_rtc.o
    0x0800a3bc   0x0800a3bc   0x0000012e   Code   RO         4164    i.RotationMatrix_update  mahony_filter.o
    0x0800a4ea   0x0800a4ea   0x00000002   PAD
    0x0800a4ec   0x0800a4ec   0x00000084   Code   RO         6982    i.SPI_EndRxTxTransaction  stm32f4xx_hal_spi.o
    0x0800a570   0x0800a570   0x000000d8   Code   RO         6987    i.SPI_WaitFlagStateUntilTimeout  stm32f4xx_hal_spi.o
    0x0800a648   0x0800a648   0x0000007c   Code   RO         2342    i.STP23_Data_Process  test_task.o
    0x0800a6c4   0x0800a6c4   0x00000014   Code   RO          950    i.SysTick_Handler   stm32f4xx_it.o
    0x0800a6d8   0x0800a6d8   0x000000b4   Code   RO           14    i.SystemClock_Config  main.o
    0x0800a78c   0x0800a78c   0x00000064   Code   RO         1095    i.SystemInit        system_stm32f4xx.o
    0x0800a7f0   0x0800a7f0   0x000000d4   Code   RO         7350    i.TIM_Base_SetConfig  stm32f4xx_hal_tim.o
    0x0800a8c4   0x0800a8c4   0x0000001e   Code   RO         7351    i.TIM_CCxChannelCmd  stm32f4xx_hal_tim.o
    0x0800a8e2   0x0800a8e2   0x00000016   Code   RO         7361    i.TIM_ETR_SetConfig  stm32f4xx_hal_tim.o
    0x0800a8f8   0x0800a8f8   0x00000010   Code   RO         7362    i.TIM_ITRx_SetConfig  stm32f4xx_hal_tim.o
    0x0800a908   0x0800a908   0x00000070   Code   RO         7363    i.TIM_OC1_SetConfig  stm32f4xx_hal_tim.o
    0x0800a978   0x0800a978   0x00000078   Code   RO         7364    i.TIM_OC2_SetConfig  stm32f4xx_hal_tim.o
    0x0800a9f0   0x0800a9f0   0x00000078   Code   RO         7365    i.TIM_OC3_SetConfig  stm32f4xx_hal_tim.o
    0x0800aa68   0x0800aa68   0x00000058   Code   RO         7366    i.TIM_OC4_SetConfig  stm32f4xx_hal_tim.o
    0x0800aac0   0x0800aac0   0x00000026   Code   RO         7368    i.TIM_TI1_ConfigInputStage  stm32f4xx_hal_tim.o
    0x0800aae6   0x0800aae6   0x00000028   Code   RO         7370    i.TIM_TI2_ConfigInputStage  stm32f4xx_hal_tim.o
    0x0800ab0e   0x0800ab0e   0x0000000e   Code   RO         8282    i.UART_DMAAbortOnError  stm32f4xx_hal_uart.o
    0x0800ab1c   0x0800ab1c   0x0000004e   Code   RO         8292    i.UART_EndRxTransfer  stm32f4xx_hal_uart.o
    0x0800ab6a   0x0800ab6a   0x0000001a   Code   RO         8293    i.UART_EndTransmit_IT  stm32f4xx_hal_uart.o
    0x0800ab84   0x0800ab84   0x000000ca   Code   RO         8295    i.UART_Receive_IT   stm32f4xx_hal_uart.o
    0x0800ac4e   0x0800ac4e   0x00000002   PAD
    0x0800ac50   0x0800ac50   0x000000fc   Code   RO         8296    i.UART_SetConfig    stm32f4xx_hal_uart.o
    0x0800ad4c   0x0800ad4c   0x00000038   Code   RO         8298    i.UART_Start_Receive_IT  stm32f4xx_hal_uart.o
    0x0800ad84   0x0800ad84   0x0000005e   Code   RO         8299    i.UART_Transmit_IT  stm32f4xx_hal_uart.o
    0x0800ade2   0x0800ade2   0x0000008e   Code   RO         8300    i.UART_WaitOnFlagUntilTimeout  stm32f4xx_hal_uart.o
    0x0800ae70   0x0800ae70   0x00000010   Code   RO          951    i.USART1_IRQHandler  stm32f4xx_it.o
    0x0800ae80   0x0800ae80   0x00000130   Code   RO         2268    i.USART3_IRQHandler  remote_control.o
    0x0800afb0   0x0800afb0   0x00000128   Code   RO         2941    i.USART6_IRQHandler  referee_usart_task.o
    0x0800b0d8   0x0800b0d8   0x0000001c   Code   RO         8900    i.USB_ActivateSetup  stm32f4xx_ll_usb.o
    0x0800b0f4   0x0800b0f4   0x00000086   Code   RO         8902    i.USB_CoreInit      stm32f4xx_ll_usb.o
    0x0800b17a   0x0800b17a   0x0000005c   Code   RO         8903    i.USB_CoreReset     stm32f4xx_ll_usb.o
    0x0800b1d6   0x0800b1d6   0x0000001c   Code   RO         8908    i.USB_DevDisconnect  stm32f4xx_ll_usb.o
    0x0800b1f2   0x0800b1f2   0x00000002   PAD
    0x0800b1f4   0x0800b1f4   0x00000178   Code   RO         8909    i.USB_DevInit       stm32f4xx_ll_usb.o
    0x0800b36c   0x0800b36c   0x0000000c   Code   RO         8910    i.USB_DisableGlobalInt  stm32f4xx_ll_usb.o
    0x0800b378   0x0800b378   0x00000060   Code   RO         8913    i.USB_EP0_OutStart  stm32f4xx_ll_usb.o
    0x0800b3d8   0x0800b3d8   0x000000b4   Code   RO         8917    i.USB_EPStopXfer    stm32f4xx_ll_usb.o
    0x0800b48c   0x0800b48c   0x0000004a   Code   RO         8919    i.USB_FlushRxFifo   stm32f4xx_ll_usb.o
    0x0800b4d6   0x0800b4d6   0x0000004e   Code   RO         8920    i.USB_FlushTxFifo   stm32f4xx_ll_usb.o
    0x0800b524   0x0800b524   0x00000020   Code   RO         8922    i.USB_GetDevSpeed   stm32f4xx_ll_usb.o
    0x0800b544   0x0800b544   0x00000008   Code   RO         8924    i.USB_GetMode       stm32f4xx_ll_usb.o
    0x0800b54c   0x0800b54c   0x0000000e   Code   RO         8932    i.USB_ReadDevAllInEpInterrupt  stm32f4xx_ll_usb.o
    0x0800b55a   0x0800b55a   0x0000000e   Code   RO         8933    i.USB_ReadDevAllOutEpInterrupt  stm32f4xx_ll_usb.o
    0x0800b568   0x0800b568   0x00000024   Code   RO         8934    i.USB_ReadDevInEPInterrupt  stm32f4xx_ll_usb.o
    0x0800b58c   0x0800b58c   0x00000010   Code   RO         8935    i.USB_ReadDevOutEPInterrupt  stm32f4xx_ll_usb.o
    0x0800b59c   0x0800b59c   0x00000008   Code   RO         8936    i.USB_ReadInterrupts  stm32f4xx_ll_usb.o
    0x0800b5a4   0x0800b5a4   0x00000048   Code   RO         8937    i.USB_ReadPacket    stm32f4xx_ll_usb.o
    0x0800b5ec   0x0800b5ec   0x00000060   Code   RO         8939    i.USB_SetCurrentMode  stm32f4xx_ll_usb.o
    0x0800b64c   0x0800b64c   0x0000000e   Code   RO         8941    i.USB_SetDevSpeed   stm32f4xx_ll_usb.o
    0x0800b65a   0x0800b65a   0x00000002   PAD
    0x0800b65c   0x0800b65c   0x000000f4   Code   RO         8942    i.USB_SetTurnaroundTime  stm32f4xx_ll_usb.o
    0x0800b750   0x0800b750   0x00000034   Code   RO         8945    i.USB_WritePacket   stm32f4xx_ll_usb.o
    0x0800b784   0x0800b784   0x00000004   Code   RO          952    i.UsageFault_Handler  stm32f4xx_it.o
    0x0800b788   0x0800b788   0x000003f4   Code   RO         3867    i.VMC_calc_1_left   vmc_calc.o
    0x0800bb7c   0x0800bb7c   0x000003e4   Code   RO         3868    i.VMC_calc_1_right  vmc_calc.o
    0x0800bf60   0x0800bf60   0x00000196   Code   RO         3869    i.VMC_calc_2        vmc_calc.o
    0x0800c0f6   0x0800c0f6   0x00000002   PAD
    0x0800c0f8   0x0800c0f8   0x00000034   Code   RO         3870    i.VMC_init          vmc_calc.o
    0x0800c12c   0x0800c12c   0x00000026   Code   RO        11753    i.__ARM_fpclassifyf  m_wm.l(fpclassifyf.o)
    0x0800c152   0x0800c152   0x00000006   Code   RO        10785    i.__get_PRIMASK     fifo.o
    0x0800c158   0x0800c158   0x00000118   Code   RO        11522    i.__hardfp_acosf    m_wm.l(acosf.o)
    0x0800c270   0x0800c270   0x0000012c   Code   RO        11534    i.__hardfp_asinf    m_wm.l(asinf.o)
    0x0800c39c   0x0800c39c   0x00000250   Code   RO        11546    i.__hardfp_atan2f   m_wm.l(atan2f.o)
    0x0800c5ec   0x0800c5ec   0x00000150   Code   RO        11558    i.__hardfp_cosf     m_wm.l(cosf.o)
    0x0800c73c   0x0800c73c   0x00000014   Code   RO        11570    i.__hardfp_fabs     m_wm.l(fabs.o)
    0x0800c750   0x0800c750   0x000000c2   Code   RO        11600    i.__hardfp_lroundf  m_wm.l(lroundf.o)
    0x0800c812   0x0800c812   0x00000002   PAD
    0x0800c814   0x0800c814   0x00000190   Code   RO        11576    i.__hardfp_sinf     m_wm.l(sinf.o)
    0x0800c9a4   0x0800c9a4   0x0000007a   Code   RO        11608    i.__hardfp_sqrt     m_wm.l(sqrt_full.o)
    0x0800ca1e   0x0800ca1e   0x0000003a   Code   RO        11614    i.__hardfp_sqrtf    m_wm.l(sqrtf_full.o)
    0x0800ca58   0x0800ca58   0x00000006   Code   RO        11756    i.__mathlib_flt_infnan  m_wm.l(funder.o)
    0x0800ca5e   0x0800ca5e   0x00000006   Code   RO        11757    i.__mathlib_flt_infnan2  m_wm.l(funder.o)
    0x0800ca64   0x0800ca64   0x00000010   Code   RO        11758    i.__mathlib_flt_invalid  m_wm.l(funder.o)
    0x0800ca74   0x0800ca74   0x00000010   Code   RO        11761    i.__mathlib_flt_underflow  m_wm.l(funder.o)
    0x0800ca84   0x0800ca84   0x00000154   Code   RO        11769    i.__mathlib_rredf2  m_wm.l(rredf.o)
    0x0800cbd8   0x0800cbd8   0x00000006   Code   RO        10786    i.__set_PRIMASK     fifo.o
    0x0800cbde   0x0800cbde   0x00000002   PAD
    0x0800cbe0   0x0800cbe0   0x00000030   Code   RO        10724    i.append_CRC16_check_sum  crc8_crc16.o
    0x0800cc10   0x0800cc10   0x00000024   Code   RO        10725    i.append_CRC8_check_sum  crc8_crc16.o
    0x0800cc34   0x0800cc34   0x0000016c   Code   RO         3278    i.bmi088_accel_init  bmi088driver.o
    0x0800cda0   0x0800cda0   0x00000130   Code   RO         3279    i.bmi088_gyro_init  bmi088driver.o
    0x0800ced0   0x0800ced0   0x00000010   Code   RO         1131    i.buzzer_off        bsp_buzzer.o
    0x0800cee0   0x0800cee0   0x00000014   Code   RO         1132    i.buzzer_on         bsp_buzzer.o
    0x0800cef4   0x0800cef4   0x0000007c   Code   RO         2343    i.buzzer_warn_error  test_task.o
    0x0800cf70   0x0800cf70   0x000000a4   Code   RO         2567    i.c_transmit_date   dm_8009_drv.o
    0x0800d014   0x0800d014   0x0000005c   Code   RO         1255    i.can_filter_init   bsp_can.o
    0x0800d070   0x0800d070   0x00000774   Code   RO         2651    i.chassisL_control_loop  chassisl_task.o
    0x0800d7e4   0x0800d7e4   0x000000b8   Code   RO         2652    i.chassisL_feedback_update  chassisl_task.o
    0x0800d89c   0x0800d89c   0x00000aec   Code   RO         2470    i.chassisR_control_loop  chassisr_task.o
    0x0800e388   0x0800e388   0x0000013c   Code   RO         2471    i.chassisR_feedback_update  chassisr_task.o
    0x0800e4c4   0x0800e4c4   0x00000274   Code   RO         4408    i.chassis_power_control  chassis_power_control.o
    0x0800e738   0x0800e738   0x00000058   Code   RO         2472    i.data_fusion       chassisr_task.o
    0x0800e790   0x0800e790   0x00000030   Code   RO         1283    i.delay_init        bsp_delay.o
    0x0800e7c0   0x0800e7c0   0x00000124   Code   RO         2187    i.detect_hook       detect_task.o
    0x0800e8e4   0x0800e8e4   0x00000164   Code   RO         2188    i.detect_init       detect_task.o
    0x0800ea48   0x0800ea48   0x00000288   Code   RO         2189    i.detect_task       detect_task.o
    0x0800ecd0   0x0800ecd0   0x00000098   Code   RO         2569    i.dm4310_fbdata1    dm_8009_drv.o
    0x0800ed68   0x0800ed68   0x0000004c   Code   RO         2570    i.enable_motor_mode  dm_8009_drv.o
    0x0800edb4   0x0800edb4   0x0000003a   Code   RO        10804    i.fifo_s_get        fifo.o
    0x0800edee   0x0800edee   0x00000016   Code   RO        10807    i.fifo_s_init       fifo.o
    0x0800ee04   0x0800ee04   0x000000a0   Code   RO        10813    i.fifo_s_puts       fifo.o
    0x0800eea4   0x0800eea4   0x00000006   Code   RO        10815    i.fifo_s_used       fifo.o
    0x0800eeaa   0x0800eeaa   0x00000032   Code   RO         2571    i.float_to_uint     dm_8009_drv.o
    0x0800eedc   0x0800eedc   0x00000034   Code   RO        10726    i.get_CRC16_check_sum  crc8_crc16.o
    0x0800ef10   0x0800ef10   0x00000024   Code   RO        10727    i.get_CRC8_check_sum  crc8_crc16.o
    0x0800ef34   0x0800ef34   0x0000001c   Code   RO         2859    i.get_chassis_power_and_buffer  referee.o
    0x0800ef50   0x0800ef50   0x00000008   Code   RO         2190    i.get_error_list_point  detect_task.o
    0x0800ef58   0x0800ef58   0x00000008   Code   RO         2269    i.get_remote_control_point  remote_control.o
    0x0800ef60   0x0800ef60   0x0000000c   Code   RO         2862    i.get_robot_id      referee.o
    0x0800ef6c   0x0800ef6c   0x00000018   Code   RO         2864    i.get_shoot_heat1_limit_and_heat1  referee.o
    0x0800ef84   0x0800ef84   0x00000008   Code   RO         1953    i.get_trigger_motor_measure_point  can_receive.o
    0x0800ef8c   0x0800ef8c   0x0000017c   Code   RO         3871    i.ground_detectionL  vmc_calc.o
    0x0800f108   0x0800f108   0x0000017c   Code   RO         3872    i.ground_detectionR  vmc_calc.o
    0x0800f284   0x0800f284   0x000000fc   Code   RO         2865    i.init_referee_struct_data  referee.o
    0x0800f380   0x0800f380   0x0000003c   Code   RO         4102    i.invSqrt           quaternionekf.o
    0x0800f3bc   0x0800f3bc   0x00000006   Code   RO         2572    i.joint_motor_init  dm_8009_drv.o
    0x0800f3c2   0x0800f3c2   0x00000002   PAD
    0x0800f3c4   0x0800f3c4   0x00000068   Code   RO         2474    i.key_press_r       chassisr_task.o
    0x0800f42c   0x0800f42c   0x00000060   Code   RO         3723    i.loop_float_constrain  user_lib.o
    0x0800f48c   0x0800f48c   0x00000038   Code   RO         4165    i.mahony_init       mahony_filter.o
    0x0800f4c4   0x0800f4c4   0x0000001e   Code   RO         4166    i.mahony_input      mahony_filter.o
    0x0800f4e2   0x0800f4e2   0x0000004a   Code   RO         4167    i.mahony_output     mahony_filter.o
    0x0800f52c   0x0800f52c   0x000002ba   Code   RO         4168    i.mahony_update     mahony_filter.o
    0x0800f7e6   0x0800f7e6   0x00000002   PAD
    0x0800f7e8   0x0800f7e8   0x00000090   Code   RO           15    i.main              main.o
    0x0800f878   0x0800f878   0x0000000c   Code   RO        10210    i.makeFreeRtosPriority  cmsis_os.o
    0x0800f884   0x0800f884   0x00000100   Code   RO         2574    i.mit_ctrl          dm_8009_drv.o
    0x0800f984   0x0800f984   0x00000034   Code   RO         2653    i.motor_ecd_to_angle_change  chassisl_task.o
    0x0800f9b8   0x0800f9b8   0x00000028   Code   RO         2475    i.mySaturate        chassisr_task.o
    0x0800f9e0   0x0800f9e0   0x000001d8   Code   RO         2797    i.observe_task      observe_task.o
    0x0800fbb8   0x0800fbb8   0x00000010   Code   RO        10212    i.osDelay           cmsis_os.o
    0x0800fbc8   0x0800fbc8   0x0000000a   Code   RO        10215    i.osKernelStart     cmsis_os.o
    0x0800fbd2   0x0800fbd2   0x0000005c   Code   RO        10249    i.osThreadCreate    cmsis_os.o
    0x0800fc2e   0x0800fc2e   0x00000002   PAD
    0x0800fc30   0x0800fc30   0x0000002c   Code   RO         3074    i.print_message     ui_interface.o
    0x0800fc5c   0x0800fc5c   0x00000080   Code   RO         9678    i.prvAddCurrentTaskToDelayedList  tasks.o
    0x0800fcdc   0x0800fcdc   0x00000088   Code   RO         9679    i.prvAddNewTaskToReadyList  tasks.o
    0x0800fd64   0x0800fd64   0x0000005c   Code   RO        10042    i.prvCheckForValidListAndQueue  timers.o
    0x0800fdc0   0x0800fdc0   0x00000040   Code   RO         9680    i.prvCheckTasksWaitingTermination  tasks.o
    0x0800fe00   0x0800fe00   0x00000024   Code   RO         9337    i.prvCopyDataFromQueue  queue.o
    0x0800fe24   0x0800fe24   0x0000006e   Code   RO         9338    i.prvCopyDataToQueue  queue.o
    0x0800fe92   0x0800fe92   0x00000040   Code   RO         9681    i.prvDeleteTCB      tasks.o
    0x0800fed2   0x0800fed2   0x00000002   PAD
    0x0800fed4   0x0800fed4   0x00000024   Code   RO        10043    i.prvGetNextExpireTime  timers.o
    0x0800fef8   0x0800fef8   0x00000050   Code   RO        10589    i.prvHeapInit       heap_4.o
    0x0800ff48   0x0800ff48   0x00000028   Code   RO         9682    i.prvIdleTask       tasks.o
    0x0800ff70   0x0800ff70   0x00000018   Code   RO         9341    i.prvInitialiseNewQueue  queue.o
    0x0800ff88   0x0800ff88   0x00000098   Code   RO         9683    i.prvInitialiseNewTask  tasks.o
    0x08010020   0x08010020   0x00000060   Code   RO         9684    i.prvInitialiseTaskLists  tasks.o
    0x08010080   0x08010080   0x0000005c   Code   RO        10590    i.prvInsertBlockIntoFreeList  heap_4.o
    0x080100dc   0x080100dc   0x00000048   Code   RO        10045    i.prvInsertTimerInActiveList  timers.o
    0x08010124   0x08010124   0x0000001a   Code   RO         9342    i.prvIsQueueEmpty   queue.o
    0x0801013e   0x0801013e   0x0000001e   Code   RO         9343    i.prvIsQueueFull    queue.o
    0x0801015c   0x0801015c   0x00000068   Code   RO        10046    i.prvProcessExpiredTimer  timers.o
    0x080101c4   0x080101c4   0x00000110   Code   RO        10047    i.prvProcessReceivedCommands  timers.o
    0x080102d4   0x080102d4   0x0000006c   Code   RO        10048    i.prvProcessTimerOrBlockTask  timers.o
    0x08010340   0x08010340   0x00000024   Code   RO         9685    i.prvResetNextTaskUnblockTime  tasks.o
    0x08010364   0x08010364   0x0000002c   Code   RO        10049    i.prvSampleTimeNow  timers.o
    0x08010390   0x08010390   0x00000078   Code   RO        10050    i.prvSwitchTimerLists  timers.o
    0x08010408   0x08010408   0x00000018   Code   RO         9687    i.prvTaskCheckFreeStackSpace  tasks.o
    0x08010420   0x08010420   0x00000030   Code   RO        10645    i.prvTaskExitError  port.o
    0x08010450   0x08010450   0x00000014   Code   RO        10051    i.prvTimerTask      timers.o
    0x08010464   0x08010464   0x00000068   Code   RO         9344    i.prvUnlockQueue    queue.o
    0x080104cc   0x080104cc   0x000000e8   Code   RO        10591    i.pvPortMalloc      heap_4.o
    0x080105b4   0x080105b4   0x0000002c   Code   RO        10646    i.pxPortInitialiseStack  port.o
    0x080105e0   0x080105e0   0x00000064   Code   RO         2476    i.recover_detect    chassisr_task.o
    0x08010644   0x08010644   0x00000204   Code   RO         2866    i.referee_data_solve  referee.o
    0x08010848   0x08010848   0x0000014c   Code   RO         2942    i.referee_unpack_fifo_data  referee_usart_task.o
    0x08010994   0x08010994   0x00000038   Code   RO         2943    i.referee_usart_task  referee_usart_task.o
    0x080109cc   0x080109cc   0x00000014   Code   RO         2270    i.remote_control_init  remote_control.o
    0x080109e0   0x080109e0   0x000000da   Code   RO         2271    i.sbus_to_rc        remote_control.o
    0x08010aba   0x08010aba   0x00000002   PAD
    0x08010abc   0x08010abc   0x00000064   Code   RO         2993    i.shoot_bullet_control  shoot.o
    0x08010b20   0x08010b20   0x00000280   Code   RO         2994    i.shoot_control_loop  shoot.o
    0x08010da0   0x08010da0   0x000001c8   Code   RO         2995    i.shoot_feedback_update  shoot.o
    0x08010f68   0x08010f68   0x000000c4   Code   RO         2996    i.shoot_init        shoot.o
    0x0801102c   0x0801102c   0x00000140   Code   RO         2997    i.shoot_set_mode    shoot.o
    0x0801116c   0x0801116c   0x00000074   Code   RO         3727    i.slope_following   user_lib.o
    0x080111e0   0x080111e0   0x00000090   Code   RO         2477    i.speed_est         chassisr_task.o
    0x08011270   0x08011270   0x0000003e   Code   RO        11616    i.sqrtf             m_wm.l(sqrtf_full.o)
    0x080112ae   0x080112ae   0x00000002   PAD
    0x080112b0   0x080112b0   0x00000140   Code   RO         2344    i.test_task         test_task.o
    0x080113f0   0x080113f0   0x00000018   Code   RO         2191    i.toe_is_error      detect_task.o
    0x08011408   0x08011408   0x000000f8   Code   RO         2998    i.trigger_motor_turn_back  shoot.o
    0x08011500   0x08011500   0x0000002a   Code   RO         2345    i.ui_clamp_f32      test_task.o
    0x0801152a   0x0801152a   0x0000002a   Code   RO         3075    i.ui_delete_layer   ui_interface.o
    0x08011554   0x08011554   0x00000054   Code   RO         3076    i.ui_fill_header    ui_interface.o
    0x080115a8   0x080115a8   0x000008a0   Code   RO         3182    i.ui_init_g         ui_g.o
    0x08011e48   0x08011e48   0x000000b8   Code   RO         3183    i.ui_init_step_g    ui_g.o
    0x08011f00   0x08011f00   0x00000090   Code   RO         3184    i.ui_init_text      ui_g.o
    0x08011f90   0x08011f90   0x000000ac   Code   RO         3185    i.ui_mark_all_update_mode  ui_g.o
    0x0801203c   0x0801203c   0x0000006c   Code   RO         3186    i.ui_prepare_names  ui_g.o
    0x080120a8   0x080120a8   0x0000001a   Code   RO         3077    i.ui_proc_1_frame   ui_interface.o
    0x080120c2   0x080120c2   0x0000001a   Code   RO         3078    i.ui_proc_2_frame   ui_interface.o
    0x080120dc   0x080120dc   0x0000001a   Code   RO         3079    i.ui_proc_5_frame   ui_interface.o
    0x080120f6   0x080120f6   0x0000001a   Code   RO         3080    i.ui_proc_7_frame   ui_interface.o
    0x08012110   0x08012110   0x0000001a   Code   RO         3081    i.ui_proc_delete_frame  ui_interface.o
    0x0801212a   0x0801212a   0x0000002e   Code   RO         3082    i.ui_proc_string_frame  ui_interface.o
    0x08012158   0x08012158   0x00000060   Code   RO         3187    i.ui_refresh_dirty_figures  ui_g.o
    0x080121b8   0x080121b8   0x000000cc   Code   RO         3188    i.ui_refresh_fragile_create_g  ui_g.o
    0x08012284   0x08012284   0x00000016   Code   RO         2346    i.ui_reinit_overlay  test_task.o
    0x0801229a   0x0801229a   0x00000002   PAD
    0x0801229c   0x0801229c   0x0000012c   Code   RO         3083    i.ui_scan_and_send  ui_interface.o
    0x080123c8   0x080123c8   0x00000094   Code   RO         3189    i.ui_send_dirty_figures  ui_g.o
    0x0801245c   0x0801245c   0x0000009c   Code   RO         3084    i.ui_send_figure_pack  ui_interface.o
    0x080124f8   0x080124f8   0x00000074   Code   RO         3190    i.ui_send_figure_subset  ui_g.o
    0x0801256c   0x0801256c   0x00000038   Code   RO         3191    i.ui_send_single_string  ui_g.o
    0x080125a4   0x080125a4   0x00000040   Code   RO         3192    i.ui_update_g       ui_g.o
    0x080125e4   0x080125e4   0x000004d4   Code   RO         2347    i.ui_update_overlay  test_task.o
    0x08012ab8   0x08012ab8   0x00000034   Code   RO         2575    i.uint_to_float     dm_8009_drv.o
    0x08012aec   0x08012aec   0x00000138   Code   RO         1872    i.usart6_init       bsp_usart.o
    0x08012c24   0x08012c24   0x00000026   Code   RO         9300    i.uxListRemove      list.o
    0x08012c4a   0x08012c4a   0x00000002   PAD
    0x08012c4c   0x08012c4c   0x00000014   Code   RO         9693    i.uxTaskGetStackHighWaterMark  tasks.o
    0x08012c60   0x08012c60   0x00000018   Code   RO          350    i.vApplicationGetIdleTaskMemory  freertos.o
    0x08012c78   0x08012c78   0x00000018   Code   RO          351    i.vApplicationGetTimerTaskMemory  freertos.o
    0x08012c90   0x08012c90   0x00000016   Code   RO         9301    i.vListInitialise   list.o
    0x08012ca6   0x08012ca6   0x00000006   Code   RO         9302    i.vListInitialiseItem  list.o
    0x08012cac   0x08012cac   0x00000036   Code   RO         9303    i.vListInsert       list.o
    0x08012ce2   0x08012ce2   0x00000018   Code   RO         9304    i.vListInsertEnd    list.o
    0x08012cfa   0x08012cfa   0x00000002   PAD
    0x08012cfc   0x08012cfc   0x00000040   Code   RO        10648    i.vPortEnterCritical  port.o
    0x08012d3c   0x08012d3c   0x0000002c   Code   RO        10649    i.vPortExitCritical  port.o
    0x08012d68   0x08012d68   0x00000064   Code   RO        10592    i.vPortFree         heap_4.o
    0x08012dcc   0x08012dcc   0x00000024   Code   RO        10650    i.vPortSetupTimerInterrupt  port.o
    0x08012df0   0x08012df0   0x00000054   Code   RO        10651    i.vPortValidateInterruptPriority  port.o
    0x08012e44   0x08012e44   0x00000028   Code   RO         9348    i.vQueueAddToRegistry  queue.o
    0x08012e6c   0x08012e6c   0x0000004a   Code   RO         9351    i.vQueueWaitForMessageRestricted  queue.o
    0x08012eb6   0x08012eb6   0x00000002   PAD
    0x08012eb8   0x08012eb8   0x00000050   Code   RO         9697    i.vTaskDelay        tasks.o
    0x08012f08   0x08012f08   0x00000010   Code   RO         9701    i.vTaskInternalSetTimeOutState  tasks.o
    0x08012f18   0x08012f18   0x0000000c   Code   RO         9702    i.vTaskMissedYield  tasks.o
    0x08012f24   0x08012f24   0x00000034   Code   RO         9704    i.vTaskPlaceOnEventList  tasks.o
    0x08012f58   0x08012f58   0x0000003c   Code   RO         9705    i.vTaskPlaceOnEventListRestricted  tasks.o
    0x08012f94   0x08012f94   0x00000090   Code   RO         9712    i.vTaskStartScheduler  tasks.o
    0x08013024   0x08013024   0x00000010   Code   RO         9714    i.vTaskSuspendAll   tasks.o
    0x08013034   0x08013034   0x00000060   Code   RO         9715    i.vTaskSwitchContext  tasks.o
    0x08013094   0x08013094   0x00000040   Code   RO        10728    i.verify_CRC16_check_sum  crc8_crc16.o
    0x080130d4   0x080130d4   0x0000002e   Code   RO        10729    i.verify_CRC8_check_sum  crc8_crc16.o
    0x08013102   0x08013102   0x00000002   PAD
    0x08013104   0x08013104   0x00000104   Code   RO        10652    i.xPortStartScheduler  port.o
    0x08013208   0x08013208   0x0000002c   Code   RO        10653    i.xPortSysTickHandler  port.o
    0x08013234   0x08013234   0x00000070   Code   RO         9355    i.xQueueGenericCreateStatic  queue.o
    0x080132a4   0x080132a4   0x00000090   Code   RO         9356    i.xQueueGenericReset  queue.o
    0x08013334   0x08013334   0x00000170   Code   RO         9357    i.xQueueGenericSend  queue.o
    0x080134a4   0x080134a4   0x000000be   Code   RO         9358    i.xQueueGenericSendFromISR  queue.o
    0x08013562   0x08013562   0x00000002   PAD
    0x08013564   0x08013564   0x00000148   Code   RO         9366    i.xQueueReceive     queue.o
    0x080136ac   0x080136ac   0x00000098   Code   RO         9718    i.xTaskCheckForTimeOut  tasks.o
    0x08013744   0x08013744   0x0000006c   Code   RO         9719    i.xTaskCreate       tasks.o
    0x080137b0   0x080137b0   0x00000060   Code   RO         9720    i.xTaskCreateStatic  tasks.o
    0x08013810   0x08013810   0x0000001c   Code   RO         9725    i.xTaskGetSchedulerState  tasks.o
    0x0801382c   0x0801382c   0x0000000c   Code   RO         9726    i.xTaskGetTickCount  tasks.o
    0x08013838   0x08013838   0x000000d4   Code   RO         9728    i.xTaskIncrementTick  tasks.o
    0x0801390c   0x0801390c   0x0000009c   Code   RO         9731    i.xTaskPriorityDisinherit  tasks.o
    0x080139a8   0x080139a8   0x00000078   Code   RO         9733    i.xTaskRemoveFromEventList  tasks.o
    0x08013a20   0x08013a20   0x000000cc   Code   RO         9734    i.xTaskResumeAll    tasks.o
    0x08013aec   0x08013aec   0x00000068   Code   RO        10058    i.xTimerCreateTimerTask  timers.o
    0x08013b54   0x08013b54   0x00000074   Code   RO        10059    i.xTimerGenericCommand  timers.o
    0x08013bc8   0x08013bc8   0x00000070   Code   RO         2798    i.xvEstimateKF_Init  observe_task.o
    0x08013c38   0x08013c38   0x00000074   Code   RO         2799    i.xvEstimateKF_Update  observe_task.o
    0x08013cac   0x08013cac   0x000002c4   Code   RO        11492    x$fpl$d2f           g_wm.l(d2f_clz.o)
    0x08013f70   0x08013f70   0x0000024c   Code   RO        11494    x$fpl$dadd          g_wm.l(daddsub_clz.o)
    0x080141bc   0x080141bc   0x00000018   Code   RO        11724    x$fpl$dcmpinf       g_wm.l(dcmpi.o)
    0x080141d4   0x080141d4   0x0000037c   Code   RO        11501    x$fpl$ddiv          g_wm.l(ddiv_clz.o)
    0x08014550   0x08014550   0x000000dc   Code   RO        11504    x$fpl$dfixu         g_wm.l(dfixu.o)
    0x0801462c   0x0801462c   0x0000001a   Code   RO        11510    x$fpl$dfltn         g_wm.l(dflt_clz.o)
    0x08014646   0x08014646   0x00000002   PAD
    0x08014648   0x08014648   0x00000078   Code   RO        11514    x$fpl$dleqf         g_wm.l(dleqf.o)
    0x080146c0   0x080146c0   0x00000102   Code   RO        11726    x$fpl$dnaninf       g_wm.l(dnaninf.o)
    0x080147c2   0x080147c2   0x00000070   Code   RO        11728    x$fpl$drenorm       g_wm.l(drenorm_clz.o)
    0x08014832   0x08014832   0x0000000c   Code   RO        11730    x$fpl$dretinf       g_wm.l(dretinf.o)
    0x0801483e   0x0801483e   0x00000062   Code   RO        11516    x$fpl$drleqf        g_wm.l(drleqf.o)
    0x080148a0   0x080148a0   0x00000208   Code   RO        11732    x$fpl$dsqrt         g_wm.l(dsqrt_umaalclz.o)
    0x08014aa8   0x08014aa8   0x0000029c   Code   RO        11496    x$fpl$dsub          g_wm.l(daddsub_clz.o)
    0x08014d44   0x08014d44   0x0000017a   Code   RO        11734    x$fpl$dunder        g_wm.l(dunder_clz.o)
    0x08014ebe   0x08014ebe   0x00000002   PAD
    0x08014ec0   0x08014ec0   0x000001ec   Code   RO        11736    x$fpl$exception     g_wm.l(except.o)
    0x080150ac   0x080150ac   0x0000007a   Code   RO        11518    x$fpl$f2d           g_wm.l(f2d.o)
    0x08015126   0x08015126   0x0000000e   Code   RO        11739    x$fpl$ffixr         g_wm.l(ffix.o)
    0x08015134   0x08015134   0x000000f2   Code   RO        11742    x$fpl$fnaninf       g_wm.l(fnaninf.o)
    0x08015226   0x08015226   0x0000000a   Code   RO        11857    x$fpl$fpinit        g_wm.l(fpinit.o)
    0x08015230   0x08015230   0x0000000a   Code   RO        11744    x$fpl$fretinf       g_wm.l(fretinf.o)
    0x0801523a   0x0801523a   0x00000002   PAD
    0x0801523c   0x0801523c   0x000000ac   Code   RO        11746    x$fpl$frnd          g_wm.l(frnd.o)
    0x080152e8   0x080152e8   0x0000013c   Code   RO        11748    x$fpl$funder        g_wm.l(funder_clz.o)
    0x08015424   0x08015424   0x000000b2   Code   RO        11861    x$fpl$retnan        g_wm.l(retnan.o)
    0x080154d6   0x080154d6   0x0000007e   Code   RO        11750    x$fpl$trapveneer    g_wm.l(trapv.o)
    0x08015554   0x08015554   0x00000000   Code   RO        11752    x$fpl$usenofp       g_wm.l(usenofp.o)
    0x08015554   0x08015554   0x000000c4   Data   RO          353    .constdata          freertos.o
    0x08015618   0x08015618   0x00000018   Data   RO         1096    .constdata          system_stm32f4xx.o
    0x08015630   0x08015630   0x0000000c   Data   RO         2193    .constdata          detect_task.o
    0x0801563c   0x0801563c   0x00000100   Data   RO         2349    .constdata          test_task.o
    0x0801573c   0x0801573c   0x00000030   Data   RO         2479    .constdata          chassisr_task.o
    0x0801576c   0x0801576c   0x00000018   Data   RO         2655    .constdata          chassisl_task.o
    0x08015784   0x08015784   0x00000010   Data   RO         2801    .constdata          observe_task.o
    0x08015794   0x08015794   0x00000024   Data   RO         3000    .constdata          shoot.o
    0x080157b8   0x080157b8   0x00000018   Data   RO         3194    .constdata          ui_g.o
    0x080157d0   0x080157d0   0x00000030   Data   RO         4022    .constdata          ins_task.o
    0x08015800   0x08015800   0x00000090   Data   RO         4104    .constdata          quaternionekf.o
    0x08015890   0x08015890   0x00000008   Data   RO         4410    .constdata          chassis_power_control.o
    0x08015898   0x08015898   0x00000008   Data   RO         5203    .constdata          stm32f4xx_hal_dma.o
    0x080158a0   0x080158a0   0x00000302   Data   RO        10730    .constdata          crc8_crc16.o
    0x08015ba2   0x08015ba2   0x00000002   PAD
    0x08015ba4   0x08015ba4   0x00000804   Data   RO        11350    .constdata          arm_cortexM4lf_math.lib(arm_common_tables.o)
    0x080163a8   0x080163a8   0x00000020   Data   RO        11770    .constdata          m_wm.l(rredf.o)
    0x080163c8   0x080163c8   0x00000051   Data   RO          354    .conststring        freertos.o
    0x08016419   0x08016419   0x00000003   PAD
    0x0801641c   0x0801641c   0x00000020   Data   RO        11954    Region$$Table       anon$$obj.o


    Execution Region RW_IRAM1 (Exec base: 0x20000000, Load base: 0x0801643c, Size: 0x0000dc40, Max: 0x00020000, ABSOLUTE, COMPRESSED[0x000001e0])

    Exec Addr    Load Addr    Size         Type   Attr      Idx    E Section Name        Object

    0x20000000   COMPRESSED   0x00000028   Data   RW          355    .data               freertos.o
    0x20000028   COMPRESSED   0x00000004   Data   RW          464    .data               can.o
    0x2000002c   COMPRESSED   0x00000008   Data   RW          511    .data               crc.o
    0x20000034   COMPRESSED   0x00000004   Data   RW         1097    .data               system_stm32f4xx.o
    0x20000038   COMPRESSED   0x00000008   Data   RW         1286    .data               bsp_delay.o
    0x20000040   COMPRESSED   0x00000040   Data   RW         1521    .data               bsp_dwt.o
    0x20000080   COMPRESSED   0x00000014   Data   RW         1956    .data               can_receive.o
    0x20000094   COMPRESSED   0x00000009   Data   RW         2194    .data               detect_task.o
    0x2000009d   COMPRESSED   0x00000001   PAD
    0x2000009e   COMPRESSED   0x00000002   Data   RW         2275    .data               remote_control.o
    0x200000a0   COMPRESSED   0x00000024   Data   RW         2350    .data               test_task.o
    0x200000c4   COMPRESSED   0x000001d0   Data   RW         2480    .data               chassisr_task.o
    0x20000294   COMPRESSED   0x0000000a   Data   RW         2578    .data               dm_8009_drv.o
    0x2000029e   COMPRESSED   0x00000002   PAD
    0x200002a0   COMPRESSED   0x0000004e   Data   RW         2656    .data               chassisl_task.o
    0x200002ee   COMPRESSED   0x00000002   PAD
    0x200002f0   COMPRESSED   0x0000006c   Data   RW         2802    .data               observe_task.o
    0x2000035c   COMPRESSED   0x00000047   Data   RW         2868    .data               referee.o
    0x200003a3   COMPRESSED   0x00000001   PAD
    0x200003a4   COMPRESSED   0x00000002   Data   RW         2945    .data               referee_usart_task.o
    0x200003a6   COMPRESSED   0x00000002   PAD
    0x200003a8   COMPRESSED   0x0000001d   Data   RW         3001    .data               shoot.o
    0x200003c5   COMPRESSED   0x00000001   PAD
    0x200003c6   COMPRESSED   0x00000003   Data   RW         3086    .data               ui_interface.o
    0x200003c9   COMPRESSED   0x00000016   Data   RW         3195    .data               ui_g.o
    0x200003df   COMPRESSED   0x00000001   PAD
    0x200003e0   COMPRESSED   0x00000048   Data   RW         3281    .data               bmi088driver.o
    0x20000428   COMPRESSED   0x00000004   Data   RW         3358    .data               bmi088middleware.o
    0x2000042c   COMPRESSED   0x0000002c   Data   RW         3874    .data               vmc_calc.o
    0x20000458   COMPRESSED   0x00000004   Data   RW         3942    .data               kalman_filter.o
    0x2000045c   COMPRESSED   0x00000018   Data   RW         4023    .data               ins_task.o
    0x20000474   COMPRESSED   0x000000d4   Data   RW         4105    .data               quaternionekf.o
    0x20000548   COMPRESSED   0x00000008   Data   RW         4411    .data               chassis_power_control.o
    0x20000550   COMPRESSED   0x0000000c   Data   RW         5643    .data               stm32f4xx_hal.o
    0x2000055c   COMPRESSED   0x0000003c   Data   RW         9737    .data               tasks.o
    0x20000598   COMPRESSED   0x00000014   Data   RW        10067    .data               timers.o
    0x200005ac   COMPRESSED   0x00000020   Data   RW        10598    .data               heap_4.o
    0x200005cc   COMPRESSED   0x0000000c   Data   RW        10654    .data               port.o
    0x200005d8   COMPRESSED   0x00000002   Data   RW        10731    .data               crc8_crc16.o
    0x200005da   COMPRESSED   0x00000002   PAD
    0x200005dc        -       0x000006a8   Zero   RW          352    .bss                freertos.o
    0x20000c84        -       0x00000050   Zero   RW          463    .bss                can.o
    0x20000cd4        -       0x0000015c   Zero   RW          579    .bss                i2c.o
    0x20000e30        -       0x00000010   Zero   RW          631    .bss                rng.o
    0x20000e40        -       0x00000020   Zero   RW          673    .bss                rtc.o
    0x20000e60        -       0x00000170   Zero   RW          716    .bss                spi.o
    0x20000fd0        -       0x000001b0   Zero   RW          769    .bss                tim.o
    0x20001180        -       0x000002b8   Zero   RW          843    .bss                usart.o
    0x20001438        -       0x000004e4   Zero   RW          895    .bss                usb_otg.o
    0x2000191c        -       0x00000014   Zero   RW         1619    .bss                candata_analysis.o
    0x20001930        -       0x00000150   Zero   RW         1955    .bss                can_receive.o
    0x20001a80        -       0x0000006c   Zero   RW         2192    .bss                detect_task.o
    0x20001aec        -       0x0000005e   Zero   RW         2274    .bss                remote_control.o
    0x20001b4a        -       0x00000061   Zero   RW         2348    .bss                test_task.o
    0x20001bab   COMPRESSED   0x00000001   PAD
    0x20001bac        -       0x000006e4   Zero   RW         2478    .bss                chassisr_task.o
    0x20002290        -       0x00000048   Zero   RW         2577    .bss                dm_8009_drv.o
    0x200022d8        -       0x00000158   Zero   RW         2654    .bss                chassisl_task.o
    0x20002430        -       0x00000144   Zero   RW         2800    .bss                observe_task.o
    0x20002574        -       0x00000079   Zero   RW         2867    .bss                referee.o
    0x200025ed   COMPRESSED   0x00000003   PAD
    0x200025f0        -       0x000008a1   Zero   RW         2944    .bss                referee_usart_task.o
    0x20002e91   COMPRESSED   0x00000003   PAD
    0x20002e94        -       0x00000204   Zero   RW         2999    .bss                shoot.o
    0x20003098        -       0x00000159   Zero   RW         3085    .bss                ui_interface.o
    0x200031f1        -       0x000002c0   Zero   RW         3193    .bss                ui_g.o
    0x200034b1   COMPRESSED   0x00000003   PAD
    0x200034b4        -       0x00000040   Zero   RW         3280    .bss                bmi088driver.o
    0x200034f4        -       0x00000030   Zero   RW         3873    .bss                vmc_calc.o
    0x20003524        -       0x000001f6   Zero   RW         4021    .bss                ins_task.o
    0x2000371a   COMPRESSED   0x00000006   PAD
    0x20003720        -       0x00000270   Zero   RW         4103    .bss                quaternionekf.o
    0x20003990        -       0x00000010   Zero   RW         4409    .bss                chassis_power_control.o
    0x200039a0        -       0x00000040   Zero   RW         9369    .bss                queue.o
    0x200039e0        -       0x000000f0   Zero   RW         9736    .bss                tasks.o
    0x20003ad0        -       0x00000110   Zero   RW        10066    .bss                timers.o
    0x20003be0        -       0x00006000   Zero   RW        10597    .bss                heap_4.o
    0x20009be0        -       0x00000060   Zero   RW        11775    .bss                c_w.l(libspace.o)
    0x20009c40        -       0x00002000   Zero   RW            2    HEAP                startup_stm32f407xx.o
    0x2000bc40        -       0x00002000   Zero   RW            1    STACK               startup_stm32f407xx.o


==============================================================================

Image component sizes


      Code (inc. data)   RO Data    RW Data    ZI Data      Debug   Object Name

      2882        174          0         72         64      10333   bmi088driver.o
       116         30          0          4          0       3364   bmi088middleware.o
        36         12          0          0          0     594521   bsp_buzzer.o
        92          8          0          0          0        598   bsp_can.o
        48         16          0          8          0        685   bsp_delay.o
       580        112          0         64          0       4618   bsp_dwt.o
       124         14          0          0          0        526   bsp_i2c.o
       156         14          0          0          0       1034   bsp_rc.o
       312         26          0          0          0       1165   bsp_usart.o
       488         44          0          4         80       2450   can.o
      1140         96          0         20        336     610906   can_receive.o
        10          0          0          0         20       1685   candata_analysis.o
       628         32          8          8         16       2763   chassis_power_control.o
      2772        260         24         78        344      26061   chassisl_task.o
      6448        784         48        464       1764      13018   chassisr_task.o
       130          0          0          0          0      23007   cmsis_os.o
       188          4          0          0          0       5933   controller.o
        84         18          0          8          0       1507   crc.o
       282         20        770          2          0       5242   crc8_crc16.o
      1328         46         12          9        108       3893   detect_task.o
       756         42          0         10         72       6551   dm_8009_drv.o
       200          6          0          0          0        862   dma.o
         0          0          0          0          0      17276   event_groups.o
       258          0          0          0          0      10451   fifo.o
       292         52        277         40       1704      17173   freertos.o
       508         20          0          0          0       1275   gpio.o
       504         32          0         32      24576       5103   heap_4.o
       680         78          0          0        348       3132   i2c.o
      1740        118         48         24        502       8546   ins_task.o
      3160         26          0          4          0       9195   kalman_filter.o
       144          0          0          0          0       3658   list.o
      1160         16          0          0          0       4761   mahony_filter.o
       326         14          0          0          0     785726   main.o
       700         94         16        108        324       7705   observe_task.o
      1756         28          0          0          0       4900   pid.o
       814         92          0         12          0      12145   port.o
      2568        160        144        212        624      10351   quaternionekf.o
      1586         24          0          0         64      17844   queue.o
       832        198          0         71        121       4901   referee.o
       684         50          0          2       2209       4036   referee_usart_task.o
       550         36          0          2         94       3223   remote_control.o
        84         18          0          0         16       1507   rng.o
       116         22          0          0         32       1547   rtc.o
      1960        186         36         29        516       5579   shoot.o
       600         56          0          0        368       2604   spi.o
        64         26        392          0      16384        856   startup_stm32f407xx.o
       188         30          0         12          0       9513   stm32f4xx_hal.o
      1992          6          0          0          0      15203   stm32f4xx_hal_can.o
       208         16          0          0          0      33603   stm32f4xx_hal_cortex.o
        36          0          0          0          0       1091   stm32f4xx_hal_crc.o
      1104         18          8          0          0       5911   stm32f4xx_hal_dma.o
       596         24          0          0          0       3624   stm32f4xx_hal_gpio.o
       428         18          0          0          0       2223   stm32f4xx_hal_i2c.o
        84          6          0          0          0        858   stm32f4xx_hal_msp.o
      2128         12          0          0          0      13866   stm32f4xx_hal_pcd.o
         2          0          0          0          0       1009   stm32f4xx_hal_pcd_ex.o
      1722        104          0          0          0       6640   stm32f4xx_hal_rcc.o
       380         34          0          0          0       1548   stm32f4xx_hal_rcc_ex.o
        52          0          0          0          0       1123   stm32f4xx_hal_rng.o
       334          4          0          0          0       3459   stm32f4xx_hal_rtc.o
      1074         16          0          0          0       5037   stm32f4xx_hal_spi.o
      1782         56          0          0          0      13851   stm32f4xx_hal_tim.o
       256          0          0          0          0       2356   stm32f4xx_hal_tim_ex.o
      1824          8          0          0          0      13012   stm32f4xx_hal_uart.o
       208         48          0          0          0       9357   stm32f4xx_it.o
      1704         72          0          0          0      17827   stm32f4xx_ll_usb.o
       100         18         24          4          0       1191   system_stm32f4xx.o
      2324        202          0         60        240      29656   tasks.o
      2656        254        256         36         97      11875   test_task.o
      1792        148          0          0        432       6579   tim.o
      1088         94          0         20        272      31075   timers.o
      3500        178         24         22        704      11199   ui_g.o
       802         46          0          3        345      10660   ui_interface.o
      1004         94          0          0        696       3595   usart.o
       224         12          0          0       1252       1761   usb_otg.o
       300          6          0          0          0       6420   user_lib.o
      3276        102          0         44         48       7269   vmc_calc.o

    ----------------------------------------------------------------------
     73134       4730       2124       1500      54788    2546607   Object Totals
         0          0         32          0          0          0   (incl. Generated)
        80          0          5         12         16          0   (incl. Padding)

    ----------------------------------------------------------------------

      Code (inc. data)   RO Data    RW Data    ZI Data      Debug   Library Member Name

         0          0       2052          0          0       4636   arm_common_tables.o
       120         12          0          0          0      16970   arm_cos_f32.o
       264          0          0          0          0       1482   arm_mat_add_f32.o
         8          0          0          0          0        843   arm_mat_init_f32.o
      1328          4          0          0          0       2718   arm_mat_inverse_f32.o
       316          4          0          0          0       1627   arm_mat_mult_f32.o
       264          0          0          0          0       1482   arm_mat_sub_f32.o
       276          0          0          0          0       1516   arm_mat_trans_f32.o
       116         12          0          0          0        658   arm_sin_f32.o
       100          0          0          0          0          0   __dclz77c.o
         8          0          0          0          0         68   __main.o
         0          0          0          0          0          0   __rtentry.o
        12          0          0          0          0          0   __rtentry2.o
         6          0          0          0          0          0   __rtentry4.o
        52          8          0          0          0          0   __scatter.o
        28          0          0          0          0          0   __scatter_zi.o
        48          4          0          0          0         84   _fptrap.o
        22          0          0          0          0        100   _rserrno.o
        16          0          0          0          0         68   aeabi_memset.o
        10          0          0          0          0         68   defsig_exit.o
       172        110          0          0          0         76   defsig_fpe_inner.o
        14          0          0          0          0         80   defsig_fpe_outer.o
        50          0          0          0          0         88   defsig_general.o
        80         58          0          0          0         76   defsig_rtmem_inner.o
        14          0          0          0          0         80   defsig_rtmem_outer.o
        18          0          0          0          0         80   exit.o
        94          0          0          0          0         80   h1_alloc.o
        52          0          0          0          0         68   h1_extend.o
        78          0          0          0          0         80   h1_free.o
        14          0          0          0          0         84   h1_init.o
         6          0          0          0          0        152   heapauxi.o
         4          0          0          0          0        136   hguard.o
         0          0          0          0          0          0   indicate_semi.o
       138          0          0          0          0        168   init_alloc.o
         2          0          0          0          0          0   libinit.o
        14          0          0          0          0          0   libinit2.o
         2          0          0          0          0          0   libshutdown.o
         2          0          0          0          0          0   libshutdown2.o
         8          4          0          0         96         68   libspace.o
       238          0          0          0          0        100   lludivv7m.o
         0          0          0          0          0          0   maybetermalloc1.o
        88          0          0          0          0         76   memcmp.o
         8          4          0          0          0         68   rt_errno_addr_intlibspace.o
         8          4          0          0          0         68   rt_heap_descriptor_intlibspace.o
        68          0          0          0          0         68   rt_memclr.o
        78          0          0          0          0         80   rt_memclr_w.o
       138          0          0          0          0         68   rt_memcpy_v6.o
       100          0          0          0          0         80   rt_memcpy_w.o
         2          0          0          0          0          0   rtexit.o
        10          0          0          0          0          0   rtexit2.o
        62          0          0          0          0         76   strlen.o
        86          0          0          0          0         76   strncpy.o
        12          4          0          0          0         68   sys_exit.o
        74          0          0          0          0         80   sys_stackheap_outer.o
        14          0          0          0          0         76   sys_wrch.o
         2          0          0          0          0         68   use_no_semi.o
       708         16          0          0          0        140   d2f_clz.o
      1256         28          0          0          0        408   daddsub_clz.o
        24          0          0          0          0        116   dcmpi.o
       892        152          0          0          0        292   ddiv_clz.o
       220         16          0          0          0        192   dfixu.o
        26          0          0          0          0        116   dflt_clz.o
       120          8          0          0          0        140   dleqf.o
       258          4          0          0          0        156   dnaninf.o
       112          0          0          0          0        160   drenorm_clz.o
        12          0          0          0          0        116   dretinf.o
        98          0          0          0          0        128   drleqf.o
       520         56          0          0          0        180   dsqrt_umaalclz.o
       378          0          0          0          0        168   dunder_clz.o
       492         36          0          0          0        148   except.o
       122          8          0          0          0        132   f2d.o
        14          0          0          0          0        116   ffix.o
       242          4          0          0          0        144   fnaninf.o
        10          0          0          0          0        116   fpinit.o
        10          0          0          0          0        116   fretinf.o
       172         12          0          0          0        124   frnd.o
       316          0          0          0          0        132   funder_clz.o
       178          0          0          0          0        116   retnan.o
       126          0          0          0          0        148   trapv.o
         0          0          0          0          0          0   usenofp.o
       280         46          0          0          0        176   acosf.o
       300         42          0          0          0        176   asinf.o
       592         90          0          0          0        184   atan2f.o
       336         56          0          0          0        136   cosf.o
        20          0          0          0          0        124   fabs.o
        38          0          0          0          0        116   fpclassifyf.o
        44         12          0          0          0        464   funder.o
       194          0          0          0          0        144   lroundf.o
       340         24         32          0          0        160   rredf.o
       400         56          0          0          0        212   sinf.o
       122          0          0          0          0        148   sqrt_full.o
       120          0          0          0          0        272   sqrtf_full.o

    ----------------------------------------------------------------------
     13854        894       2084          0         96      40604   Library Totals
        18          0          0          0          0          0   (incl. Padding)

    ----------------------------------------------------------------------

      Code (inc. data)   RO Data    RW Data    ZI Data      Debug   Library Name

      2692         32       2052          0          0      31932   arm_cortexM4lf_math.lib
      2052        196          0          0         96       2756   c_w.l
      6306        340          0          0          0       3604   g_wm.l
      2786        326         32          0          0       2312   m_wm.l

    ----------------------------------------------------------------------
     13854        894       2084          0         96      40604   Library Totals

    ----------------------------------------------------------------------

==============================================================================


      Code (inc. data)   RO Data    RW Data    ZI Data      Debug   

     86988       5624       4208       1500      54884    2540651   Grand Totals
     86988       5624       4208        480      54884    2540651   ELF Image Totals (compressed)
     86988       5624       4208        480          0          0   ROM Totals

==============================================================================

    Total RO  Size (Code + RO Data)                91196 (  89.06kB)
    Total RW  Size (RW Data + ZI Data)             56384 (  55.06kB)
    Total ROM Size (Code + RO Data + RW Data)      91676 (  89.53kB)

==============================================================================

